[0.031s] Invoking command in '/num4_ws/build/foxglove_bridge': AMENT_PREFIX_PATH=/num4_ws/install/rosx_introspection:${AMENT_PREFIX_PATH} CMAKE_PREFIX_PATH=/num4_ws/install/rosx_introspection:${CMAKE_PREFIX_PATH} LD_LIBRARY_PATH=/num4_ws/install/rosx_introspection/lib:${LD_LIBRARY_PATH} PS1=\[\e[1;35m\]\u@\h:\[\e[1;34m\]\w\[\e[0m\]\$ /usr/local/bin/cmake /num4_ws/src/ros-foxglove-bridge -DAMENT_CMAKE_SYMLINK_INSTALL=1 -DCMAKE_INSTALL_PREFIX=/num4_ws/install/foxglove_bridge
[0.224s] -- Using standalone ASIO
[0.243s] -- ROS_VERSION: 2
[0.243s] -- ROS_DISTRO: humble
[0.243s] -- ROS_ROOT: /opt/ros/humble
[0.243s] -- Building with ament_cmake
[0.243s] -- Found ament_cmake: 1.3.10 (/opt/ros/humble/install/share/ament_cmake/cmake)
[0.663s] -- Override CMake install command with custom implementation using symlinks instead of copying resources
[0.693s] -- Found rosgraph_msgs: 1.2.1 (/opt/ros/humble/install/share/rosgraph_msgs/cmake)
[0.758s] -- Found rosidl_generator_c: 3.1.5 (/opt/ros/humble/install/share/rosidl_generator_c/cmake)
[0.764s] -- Found rosidl_adapter: 3.1.5 (/opt/ros/humble/install/share/rosidl_adapter/cmake)
[0.777s] -- Found rosidl_generator_cpp: 3.1.5 (/opt/ros/humble/install/share/rosidl_generator_cpp/cmake)
[0.796s] -- Using all available rosidl_typesupport_c: rosidl_typesupport_fastrtps_c;rosidl_typesupport_introspection_c
[0.821s] -- Using all available rosidl_typesupport_cpp: rosidl_typesupport_fastrtps_cpp;rosidl_typesupport_introspection_cpp
[0.867s] -- Found rclcpp: 16.0.10 (/opt/ros/humble/install/share/rclcpp/cmake)
[0.918s] -- Found rmw_implementation_cmake: 6.1.2 (/opt/ros/humble/install/share/rmw_implementation_cmake/cmake)
[0.921s] -- Found rmw_cyclonedds_cpp: 1.3.4 (/opt/ros/humble/install/share/rmw_cyclonedds_cpp/cmake)
[0.956s] -- Using RMW implementation 'rmw_cyclonedds_cpp' as default
[1.030s] -- Found rclcpp_components: 16.0.10 (/opt/ros/humble/install/share/rclcpp_components/cmake)
[1.066s] -- Found resource_retriever: 3.1.2 (/opt/ros/humble/install/share/resource_retriever/cmake)
[1.109s] -- library: /usr/lib/aarch64-linux-gnu/libcurl.so
[1.111s] -- Found rosx_introspection: 2.0.0 (/num4_ws/install/rosx_introspection/share/rosx_introspection/cmake)
[1.304s] -- Configuring done (1.1s)
[1.337s] -- Generating done (0.0s)
[1.338s] -- Build files have been written to: /num4_ws/build/foxglove_bridge
[1.374s] Invoked command in '/num4_ws/build/foxglove_bridge' returned '0': AMENT_PREFIX_PATH=/num4_ws/install/rosx_introspection:${AMENT_PREFIX_PATH} CMAKE_PREFIX_PATH=/num4_ws/install/rosx_introspection:${CMAKE_PREFIX_PATH} LD_LIBRARY_PATH=/num4_ws/install/rosx_introspection/lib:${LD_LIBRARY_PATH} PS1=\[\e[1;35m\]\u@\h:\[\e[1;34m\]\w\[\e[0m\]\$ /usr/local/bin/cmake /num4_ws/src/ros-foxglove-bridge -DAMENT_CMAKE_SYMLINK_INSTALL=1 -DCMAKE_INSTALL_PREFIX=/num4_ws/install/foxglove_bridge
[1.379s] Invoking command in '/num4_ws/build/foxglove_bridge': AMENT_PREFIX_PATH=/num4_ws/install/rosx_introspection:${AMENT_PREFIX_PATH} CMAKE_PREFIX_PATH=/num4_ws/install/rosx_introspection:${CMAKE_PREFIX_PATH} LD_LIBRARY_PATH=/num4_ws/install/rosx_introspection/lib:${LD_LIBRARY_PATH} PS1=\[\e[1;35m\]\u@\h:\[\e[1;34m\]\w\[\e[0m\]\$ /usr/local/bin/cmake --build /num4_ws/build/foxglove_bridge -- -j8 -l8
[1.551s] [  6%] [32mBuilding CXX object CMakeFiles/foxglove_bridge_base.dir/foxglove_bridge_base/src/base64.cpp.o[0m
[1.553s] [ 12%] [32mBuilding CXX object CMakeFiles/foxglove_bridge_base.dir/foxglove_bridge_base/src/foxglove_bridge.cpp.o[0m
[1.553s] [ 25%] [32mBuilding CXX object CMakeFiles/foxglove_bridge_base.dir/foxglove_bridge_base/src/server_factory.cpp.o[0m
[1.553s] [ 25%] [32mBuilding CXX object CMakeFiles/foxglove_bridge_base.dir/foxglove_bridge_base/src/parameter.cpp.o[0m
[1.553s] [ 37%] [32mBuilding CXX object CMakeFiles/foxglove_bridge_base.dir/foxglove_bridge_base/src/serialization.cpp.o[0m
[1.553s] [ 37%] [32mBuilding CXX object CMakeFiles/foxglove_bridge_base.dir/foxglove_bridge_base/src/test/test_client.cpp.o[0m
[1.554s] [ 43%] [32mBuilding CXX object CMakeFiles/foxglove_bridge_base.dir/foxglove_bridge_base/src/version.cpp.o[0m
[81.007s] [ 50%] [32m[1mLinking CXX shared library libfoxglove_bridge_base.so[0m
[81.939s] [ 50%] Built target foxglove_bridge_base
[81.963s] [ 56%] [32mBuilding CXX object CMakeFiles/foxglove_bridge_component.dir/ros2_foxglove_bridge/src/message_definition_cache.cpp.o[0m
[81.963s] [ 62%] [32mBuilding CXX object CMakeFiles/foxglove_bridge_component.dir/ros2_foxglove_bridge/src/ros2_foxglove_bridge.cpp.o[0m
[81.964s] [ 68%] [32mBuilding CXX object CMakeFiles/foxglove_bridge_component.dir/ros2_foxglove_bridge/src/param_utils.cpp.o[0m
[81.964s] [ 81%] [32mBuilding CXX object CMakeFiles/foxglove_bridge_component.dir/ros2_foxglove_bridge/src/generic_client.cpp.o[0m
[81.964s] [ 81%] [32mBuilding CXX object CMakeFiles/foxglove_bridge_component.dir/ros2_foxglove_bridge/src/parameter_interface.cpp.o[0m
[129.187s] [ 87%] [32m[1mLinking CXX shared library libfoxglove_bridge_component.so[0m
[130.267s] [ 87%] Built target foxglove_bridge_component
[130.291s] [ 93%] [32mBuilding CXX object CMakeFiles/foxglove_bridge.dir/ros2_foxglove_bridge/src/ros2_foxglove_bridge_node.cpp.o[0m
[140.373s] [100%] [32m[1mLinking CXX executable foxglove_bridge[0m
[140.775s] [100%] Built target foxglove_bridge
[140.807s] Invoked command in '/num4_ws/build/foxglove_bridge' returned '0': AMENT_PREFIX_PATH=/num4_ws/install/rosx_introspection:${AMENT_PREFIX_PATH} CMAKE_PREFIX_PATH=/num4_ws/install/rosx_introspection:${CMAKE_PREFIX_PATH} LD_LIBRARY_PATH=/num4_ws/install/rosx_introspection/lib:${LD_LIBRARY_PATH} PS1=\[\e[1;35m\]\u@\h:\[\e[1;34m\]\w\[\e[0m\]\$ /usr/local/bin/cmake --build /num4_ws/build/foxglove_bridge -- -j8 -l8
[141.209s] Invoking command in '/num4_ws/build/foxglove_bridge': AMENT_PREFIX_PATH=/num4_ws/install/rosx_introspection:${AMENT_PREFIX_PATH} CMAKE_PREFIX_PATH=/num4_ws/install/rosx_introspection:${CMAKE_PREFIX_PATH} LD_LIBRARY_PATH=/num4_ws/install/rosx_introspection/lib:${LD_LIBRARY_PATH} PS1=\[\e[1;35m\]\u@\h:\[\e[1;34m\]\w\[\e[0m\]\$ /usr/local/bin/cmake --install /num4_ws/build/foxglove_bridge
[141.333s] -- Install configuration: "RelWithDebInfo"
[141.334s] -- Execute custom install script
[141.335s] -- Symlinking: /num4_ws/install/foxglove_bridge/include/foxglove_bridge//ros2_foxglove_bridge.hpp
[141.342s] -- Symlinking: /num4_ws/install/foxglove_bridge/lib/foxglove_bridge/foxglove_bridge
[141.349s] -- Symlinking: /num4_ws/install/foxglove_bridge/lib/libfoxglove_bridge_base.so
[141.355s] -- Symlinking: /num4_ws/install/foxglove_bridge/lib/libfoxglove_bridge_component.so
[141.362s] -- Symlinking: /num4_ws/install/foxglove_bridge/share/foxglove_bridge//launch/foxglove_bridge_launch.xml
[141.368s] -- Symlinking: /num4_ws/install/foxglove_bridge/include/foxglove_bridge//utils.hpp
[141.376s] -- Symlinking: /num4_ws/install/foxglove_bridge/share/foxglove_bridge/environment/library_path.sh
[141.384s] -- Symlinking: /num4_ws/install/foxglove_bridge/share/foxglove_bridge/environment/library_path.dsv
[141.391s] -- Symlinking: /num4_ws/install/foxglove_bridge/share/ament_index/resource_index/package_run_dependencies/foxglove_bridge
[141.400s] -- Symlinking: /num4_ws/install/foxglove_bridge/share/ament_index/resource_index/parent_prefix_path/foxglove_bridge
[141.406s] -- Symlinking: /num4_ws/install/foxglove_bridge/share/foxglove_bridge/environment/ament_prefix_path.sh
[141.413s] -- Symlinking: /num4_ws/install/foxglove_bridge/share/foxglove_bridge/environment/ament_prefix_path.dsv
[141.420s] -- Symlinking: /num4_ws/install/foxglove_bridge/share/foxglove_bridge/environment/path.sh
[141.428s] -- Symlinking: /num4_ws/install/foxglove_bridge/share/foxglove_bridge/environment/path.dsv
[141.435s] -- Symlinking: /num4_ws/install/foxglove_bridge/share/foxglove_bridge/local_setup.bash
[141.442s] -- Symlinking: /num4_ws/install/foxglove_bridge/share/foxglove_bridge/local_setup.sh
[141.449s] -- Symlinking: /num4_ws/install/foxglove_bridge/share/foxglove_bridge/local_setup.zsh
[141.456s] -- Symlinking: /num4_ws/install/foxglove_bridge/share/foxglove_bridge/local_setup.dsv
[141.462s] -- Symlinking: /num4_ws/install/foxglove_bridge/share/foxglove_bridge/package.dsv
[141.469s] -- Symlinking: /num4_ws/install/foxglove_bridge/share/ament_index/resource_index/packages/foxglove_bridge
[141.478s] -- Symlinking: /num4_ws/install/foxglove_bridge/share/ament_index/resource_index/rclcpp_components/foxglove_bridge
[141.485s] -- Symlinking: /num4_ws/install/foxglove_bridge/share/foxglove_bridge/cmake/ament_cmake_export_libraries-extras.cmake
[141.492s] -- Symlinking: /num4_ws/install/foxglove_bridge/share/foxglove_bridge/cmake/foxglove_bridgeConfig.cmake
[141.500s] -- Symlinking: /num4_ws/install/foxglove_bridge/share/foxglove_bridge/cmake/foxglove_bridgeConfig-version.cmake
[141.506s] -- Symlinking: /num4_ws/install/foxglove_bridge/share/foxglove_bridge/package.xml
[141.540s] Invoked command in '/num4_ws/build/foxglove_bridge' returned '0': AMENT_PREFIX_PATH=/num4_ws/install/rosx_introspection:${AMENT_PREFIX_PATH} CMAKE_PREFIX_PATH=/num4_ws/install/rosx_introspection:${CMAKE_PREFIX_PATH} LD_LIBRARY_PATH=/num4_ws/install/rosx_introspection/lib:${LD_LIBRARY_PATH} PS1=\[\e[1;35m\]\u@\h:\[\e[1;34m\]\w\[\e[0m\]\$ /usr/local/bin/cmake --install /num4_ws/build/foxglove_bridge
