-- Found ament_cmake: 1.3.10 (/opt/ros/humble/install/share/ament_cmake/cmake)
-- Override CMake install command with custom implementation using symlinks instead of copying resources
-- Configuring done (0.6s)
-- Generating done (0.0s)
-- Build files have been written to: /num4_ws/build/livox_bringup
-- Install configuration: ""
-- Execute custom install script
-- Up-to-date symlink: /num4_ws/install/livox_bringup/share/livox_bringup//launch/launch_mid360.py
-- Up-to-date symlink: /num4_ws/install/livox_bringup/share/livox_bringup//config/config.json
-- Up-to-date symlink: /num4_ws/install/livox_bringup/share/livox_bringup//config/config_lorepeat.json
-- Up-to-date symlink: /num4_ws/install/livox_bringup/share/livox_bringup//config/config_norepeat.json
-- Up-to-date symlink: /num4_ws/install/livox_bringup/share/livox_bringup//config/config_repeat.json
-- Up-to-date symlink: /num4_ws/install/livox_bringup/share/ament_index/resource_index/package_run_dependencies/livox_bringup
-- Up-to-date symlink: /num4_ws/install/livox_bringup/share/ament_index/resource_index/parent_prefix_path/livox_bringup
-- Up-to-date symlink: /num4_ws/install/livox_bringup/share/livox_bringup/environment/ament_prefix_path.sh
-- Up-to-date symlink: /num4_ws/install/livox_bringup/share/livox_bringup/environment/ament_prefix_path.dsv
-- Up-to-date symlink: /num4_ws/install/livox_bringup/share/livox_bringup/environment/path.sh
-- Up-to-date symlink: /num4_ws/install/livox_bringup/share/livox_bringup/environment/path.dsv
-- Up-to-date symlink: /num4_ws/install/livox_bringup/share/livox_bringup/local_setup.bash
-- Up-to-date symlink: /num4_ws/install/livox_bringup/share/livox_bringup/local_setup.sh
-- Up-to-date symlink: /num4_ws/install/livox_bringup/share/livox_bringup/local_setup.zsh
-- Up-to-date symlink: /num4_ws/install/livox_bringup/share/livox_bringup/local_setup.dsv
-- Symlinking: /num4_ws/install/livox_bringup/share/livox_bringup/package.dsv
-- Up-to-date symlink: /num4_ws/install/livox_bringup/share/ament_index/resource_index/packages/livox_bringup
-- Up-to-date symlink: /num4_ws/install/livox_bringup/share/livox_bringup/cmake/livox_bringupConfig.cmake
-- Up-to-date symlink: /num4_ws/install/livox_bringup/share/livox_bringup/cmake/livox_bringupConfig-version.cmake
-- Up-to-date symlink: /num4_ws/install/livox_bringup/share/livox_bringup/package.xml
