/usr/local/lib/python3.10/dist-packages/setuptools/_distutils/dist.py:261: UserWarning: Unknown distribution option: 'tests_require'
  warnings.warn(msg)
running develop
/usr/local/lib/python3.10/dist-packages/setuptools/command/develop.py:41: EasyInstallDeprecationWarning: easy_install command is deprecated.
!!

        ********************************************************************************
        Please avoid running ``setup.py`` and ``easy_install``.
        Instead, use pypa/build, pypa/installer or other
        standards-based tools.

        See https://github.com/pypa/setuptools/issues/917 for details.
        ********************************************************************************

!!
  easy_install.initialize_options(self)
Removing /num4_ws/install/pc2image/lib/python3.10/site-packages/pc2image.egg-link (link to .)
/usr/local/lib/python3.10/dist-packages/setuptools/_distutils/dist.py:261: UserWarning: Unknown distribution option: 'tests_require'
  warnings.warn(msg)
running egg_info
writing ../../build/pc2image/pc2image.egg-info/PKG-INFO
writing dependency_links to ../../build/pc2image/pc2image.egg-info/dependency_links.txt
writing requirements to ../../build/pc2image/pc2image.egg-info/requires.txt
writing top-level names to ../../build/pc2image/pc2image.egg-info/top_level.txt
reading manifest file '../../build/pc2image/pc2image.egg-info/SOURCES.txt'
writing manifest file '../../build/pc2image/pc2image.egg-info/SOURCES.txt'
running build
running build_py
creating /num4_ws/build/pc2image/build/lib/pc2image
copying pc2image/ImageSubscriber.py -> /num4_ws/build/pc2image/build/lib/pc2image
copying pc2image/__init__.py -> /num4_ws/build/pc2image/build/lib/pc2image
copying pc2image/PointCloudProjector.py -> /num4_ws/build/pc2image/build/lib/pc2image
copying pc2image/PointCloud2Subscriber.py -> /num4_ws/build/pc2image/build/lib/pc2image
running install
running install_lib
creating /num4_ws/install/pc2image/lib/python3.10/site-packages/pc2image
copying /num4_ws/build/pc2image/build/lib/pc2image/ImageSubscriber.py -> /num4_ws/install/pc2image/lib/python3.10/site-packages/pc2image
copying /num4_ws/build/pc2image/build/lib/pc2image/__init__.py -> /num4_ws/install/pc2image/lib/python3.10/site-packages/pc2image
copying /num4_ws/build/pc2image/build/lib/pc2image/PointCloudProjector.py -> /num4_ws/install/pc2image/lib/python3.10/site-packages/pc2image
copying /num4_ws/build/pc2image/build/lib/pc2image/PointCloud2Subscriber.py -> /num4_ws/install/pc2image/lib/python3.10/site-packages/pc2image
byte-compiling /num4_ws/install/pc2image/lib/python3.10/site-packages/pc2image/ImageSubscriber.py to ImageSubscriber.cpython-310.pyc
byte-compiling /num4_ws/install/pc2image/lib/python3.10/site-packages/pc2image/__init__.py to __init__.cpython-310.pyc
byte-compiling /num4_ws/install/pc2image/lib/python3.10/site-packages/pc2image/PointCloudProjector.py to PointCloudProjector.cpython-310.pyc
byte-compiling /num4_ws/install/pc2image/lib/python3.10/site-packages/pc2image/PointCloud2Subscriber.py to PointCloud2Subscriber.cpython-310.pyc
running install_data
copying resource/pc2image -> /num4_ws/install/pc2image/share/ament_index/resource_index/packages
copying package.xml -> /num4_ws/install/pc2image/share/pc2image
running install_egg_info
Copying ../../build/pc2image/pc2image.egg-info to /num4_ws/install/pc2image/lib/python3.10/site-packages/pc2image-0.0.0-py3.10.egg-info
running install_scripts
writing list of installed files to '/num4_ws/build/pc2image/install.log'
