[0.062s] Invoking command in '/num4_ws/build/livox_bringup': PS1=\[\e[1;35m\]\u@\h:\[\e[1;34m\]\w\[\e[0m\]\$ /usr/local/bin/cmake /num4_ws/src/livox_bringup -DBUILD_TESTING=OFF -DCMAKE_INSTALL_PREFIX=/num4_ws/install/livox_bringup
[0.197s] -- Found ament_cmake: 1.3.10 (/opt/ros/humble/install/share/ament_cmake/cmake)
[0.599s] -- Override CMake install command with custom implementation using symlinks instead of copying resources
[0.735s] -- Configuring done (0.5s)
[0.744s] -- Generating done (0.0s)
[0.744s] -- Build files have been written to: /num4_ws/build/livox_bringup
[0.773s] Invoked command in '/num4_ws/build/livox_bringup' returned '0': PS1=\[\e[1;35m\]\u@\h:\[\e[1;34m\]\w\[\e[0m\]\$ /usr/local/bin/cmake /num4_ws/src/livox_bringup -DBUILD_TESTING=OFF -DCMAKE_INSTALL_PREFIX=/num4_ws/install/livox_bringup
[0.776s] Invoking command in '/num4_ws/build/livox_bringup': PS1=\[\e[1;35m\]\u@\h:\[\e[1;34m\]\w\[\e[0m\]\$ /usr/local/bin/cmake --build /num4_ws/build/livox_bringup -- -j8 -l8
[0.942s] Invoked command in '/num4_ws/build/livox_bringup' returned '0': PS1=\[\e[1;35m\]\u@\h:\[\e[1;34m\]\w\[\e[0m\]\$ /usr/local/bin/cmake --build /num4_ws/build/livox_bringup -- -j8 -l8
[1.269s] Invoking command in '/num4_ws/build/livox_bringup': PS1=\[\e[1;35m\]\u@\h:\[\e[1;34m\]\w\[\e[0m\]\$ /usr/local/bin/cmake --install /num4_ws/build/livox_bringup
[1.404s] -- Install configuration: ""
[1.404s] -- Execute custom install script
[1.405s] -- Up-to-date symlink: /num4_ws/install/livox_bringup/share/livox_bringup//launch/launch_mid360.py
[1.405s] -- Up-to-date symlink: /num4_ws/install/livox_bringup/share/livox_bringup//config/config.json
[1.406s] -- Up-to-date symlink: /num4_ws/install/livox_bringup/share/livox_bringup//config/config_lorepeat.json
[1.406s] -- Up-to-date symlink: /num4_ws/install/livox_bringup/share/livox_bringup//config/config_norepeat.json
[1.406s] -- Up-to-date symlink: /num4_ws/install/livox_bringup/share/livox_bringup//config/config_repeat.json
[1.407s] -- Up-to-date symlink: /num4_ws/install/livox_bringup/share/ament_index/resource_index/package_run_dependencies/livox_bringup
[1.407s] -- Up-to-date symlink: /num4_ws/install/livox_bringup/share/ament_index/resource_index/parent_prefix_path/livox_bringup
[1.408s] -- Up-to-date symlink: /num4_ws/install/livox_bringup/share/livox_bringup/environment/ament_prefix_path.sh
[1.408s] -- Up-to-date symlink: /num4_ws/install/livox_bringup/share/livox_bringup/environment/ament_prefix_path.dsv
[1.408s] -- Up-to-date symlink: /num4_ws/install/livox_bringup/share/livox_bringup/environment/path.sh
[1.409s] -- Up-to-date symlink: /num4_ws/install/livox_bringup/share/livox_bringup/environment/path.dsv
[1.409s] -- Up-to-date symlink: /num4_ws/install/livox_bringup/share/livox_bringup/local_setup.bash
[1.409s] -- Up-to-date symlink: /num4_ws/install/livox_bringup/share/livox_bringup/local_setup.sh
[1.410s] -- Up-to-date symlink: /num4_ws/install/livox_bringup/share/livox_bringup/local_setup.zsh
[1.410s] -- Up-to-date symlink: /num4_ws/install/livox_bringup/share/livox_bringup/local_setup.dsv
[1.410s] -- Symlinking: /num4_ws/install/livox_bringup/share/livox_bringup/package.dsv
[1.417s] -- Up-to-date symlink: /num4_ws/install/livox_bringup/share/ament_index/resource_index/packages/livox_bringup
[1.417s] -- Up-to-date symlink: /num4_ws/install/livox_bringup/share/livox_bringup/cmake/livox_bringupConfig.cmake
[1.417s] -- Up-to-date symlink: /num4_ws/install/livox_bringup/share/livox_bringup/cmake/livox_bringupConfig-version.cmake
[1.417s] -- Up-to-date symlink: /num4_ws/install/livox_bringup/share/livox_bringup/package.xml
[1.452s] Invoked command in '/num4_ws/build/livox_bringup' returned '0': PS1=\[\e[1;35m\]\u@\h:\[\e[1;34m\]\w\[\e[0m\]\$ /usr/local/bin/cmake --install /num4_ws/build/livox_bringup
