[0.337s] DEBUG:colcon:Command line arguments: ['/usr/bin/colcon', 'build', '--symlink-install', '--packages-select', 'livox_bringup', 'realsense2_bringup']
[0.338s] DEBUG:colcon:Parsed command line arguments: Namespace(log_base=None, log_level=None, verb_name='build', build_base='build', install_base='install', merge_install=False, symlink_install=True, test_result_base=None, continue_on_error=False, executor='parallel', parallel_workers=8, event_handlers=None, ignore_user_meta=False, metas=['./colcon.meta'], base_paths=['.'], packages_ignore=None, packages_ignore_regex=None, paths=None, packages_up_to=None, packages_up_to_regex=None, packages_above=None, packages_above_and_dependencies=None, packages_above_depth=None, packages_select_by_dep=None, packages_skip_by_dep=None, packages_skip_up_to=None, packages_select_build_failed=False, packages_skip_build_finished=False, packages_select_test_failures=False, packages_skip_test_passed=False, packages_select=['livox_bringup', 'realsense2_bringup'], packages_skip=None, packages_select_regex=None, packages_skip_regex=None, packages_start=None, packages_end=None, cmake_args=None, cmake_target=None, cmake_target_skip_unavailable=False, cmake_clean_cache=False, cmake_clean_first=False, cmake_force_configure=False, ament_cmake_args=None, catkin_cmake_args=None, catkin_skip_building_tests=False, verb_parser=<colcon_defaults.argument_parser.defaults.DefaultArgumentsDecorator object at 0xffffa07f95d0>, verb_extension=<colcon_core.verb.build.BuildVerb object at 0xffffa07f9090>, main=<bound method BuildVerb.main of <colcon_core.verb.build.BuildVerb object at 0xffffa07f9090>>)
[0.454s] Level 1:colcon.colcon_core.package_discovery:discover_packages(colcon_meta) check parameters
[0.455s] Level 1:colcon.colcon_core.package_discovery:discover_packages(recursive) check parameters
[0.455s] Level 1:colcon.colcon_core.package_discovery:discover_packages(ignore) check parameters
[0.455s] Level 1:colcon.colcon_core.package_discovery:discover_packages(path) check parameters
[0.455s] Level 1:colcon.colcon_core.package_discovery:discover_packages(colcon_meta) discover
[0.455s] Level 1:colcon.colcon_core.package_discovery:discover_packages(recursive) discover
[0.455s] INFO:colcon.colcon_core.package_discovery:Crawling recursively for packages in '/num4_ws'
[0.455s] Level 1:colcon.colcon_core.package_identification:_identify(.) by extensions ['ignore', 'ignore_ament_install']
[0.455s] Level 1:colcon.colcon_core.package_identification:_identify(.) by extension 'ignore'
[0.455s] Level 1:colcon.colcon_core.package_identification:_identify(.) by extension 'ignore_ament_install'
[0.456s] Level 1:colcon.colcon_core.package_identification:_identify(.) by extensions ['colcon_pkg']
[0.456s] Level 1:colcon.colcon_core.package_identification:_identify(.) by extension 'colcon_pkg'
[0.456s] Level 1:colcon.colcon_core.package_identification:_identify(.) by extensions ['colcon_meta']
[0.456s] Level 1:colcon.colcon_core.package_identification:_identify(.) by extension 'colcon_meta'
[0.456s] Level 1:colcon.colcon_core.package_identification:_identify(.) by extensions ['ros']
[0.456s] Level 1:colcon.colcon_core.package_identification:_identify(.) by extension 'ros'
[0.490s] Level 1:colcon.colcon_core.package_identification:_identify(.) by extensions ['cmake', 'python']
[0.490s] Level 1:colcon.colcon_core.package_identification:_identify(.) by extension 'cmake'
[0.490s] Level 1:colcon.colcon_core.package_identification:_identify(.) by extension 'python'
[0.490s] Level 1:colcon.colcon_core.package_identification:_identify(.) by extensions ['python_setup_py']
[0.490s] Level 1:colcon.colcon_core.package_identification:_identify(.) by extension 'python_setup_py'
[0.490s] Level 1:colcon.colcon_core.package_identification:_identify(bin) by extensions ['ignore', 'ignore_ament_install']
[0.490s] Level 1:colcon.colcon_core.package_identification:_identify(bin) by extension 'ignore'
[0.491s] Level 1:colcon.colcon_core.package_identification:_identify(bin) by extension 'ignore_ament_install'
[0.491s] Level 1:colcon.colcon_core.package_identification:_identify(bin) by extensions ['colcon_pkg']
[0.491s] Level 1:colcon.colcon_core.package_identification:_identify(bin) by extension 'colcon_pkg'
[0.491s] Level 1:colcon.colcon_core.package_identification:_identify(bin) by extensions ['colcon_meta']
[0.491s] Level 1:colcon.colcon_core.package_identification:_identify(bin) by extension 'colcon_meta'
[0.491s] Level 1:colcon.colcon_core.package_identification:_identify(bin) by extensions ['ros']
[0.491s] Level 1:colcon.colcon_core.package_identification:_identify(bin) by extension 'ros'
[0.491s] Level 1:colcon.colcon_core.package_identification:_identify(bin) by extensions ['cmake', 'python']
[0.491s] Level 1:colcon.colcon_core.package_identification:_identify(bin) by extension 'cmake'
[0.491s] Level 1:colcon.colcon_core.package_identification:_identify(bin) by extension 'python'
[0.491s] Level 1:colcon.colcon_core.package_identification:_identify(bin) by extensions ['python_setup_py']
[0.491s] Level 1:colcon.colcon_core.package_identification:_identify(bin) by extension 'python_setup_py'
[0.492s] Level 1:colcon.colcon_core.package_identification:_identify(build) by extensions ['ignore', 'ignore_ament_install']
[0.492s] Level 1:colcon.colcon_core.package_identification:_identify(build) by extension 'ignore'
[0.492s] Level 1:colcon.colcon_core.package_identification:_identify(build) ignored
[0.493s] Level 1:colcon.colcon_core.package_identification:_identify(doc) by extensions ['ignore', 'ignore_ament_install']
[0.493s] Level 1:colcon.colcon_core.package_identification:_identify(doc) by extension 'ignore'
[0.493s] Level 1:colcon.colcon_core.package_identification:_identify(doc) by extension 'ignore_ament_install'
[0.493s] Level 1:colcon.colcon_core.package_identification:_identify(doc) by extensions ['colcon_pkg']
[0.493s] Level 1:colcon.colcon_core.package_identification:_identify(doc) by extension 'colcon_pkg'
[0.493s] Level 1:colcon.colcon_core.package_identification:_identify(doc) by extensions ['colcon_meta']
[0.493s] Level 1:colcon.colcon_core.package_identification:_identify(doc) by extension 'colcon_meta'
[0.493s] Level 1:colcon.colcon_core.package_identification:_identify(doc) by extensions ['ros']
[0.493s] Level 1:colcon.colcon_core.package_identification:_identify(doc) by extension 'ros'
[0.493s] Level 1:colcon.colcon_core.package_identification:_identify(doc) by extensions ['cmake', 'python']
[0.493s] Level 1:colcon.colcon_core.package_identification:_identify(doc) by extension 'cmake'
[0.493s] Level 1:colcon.colcon_core.package_identification:_identify(doc) by extension 'python'
[0.494s] Level 1:colcon.colcon_core.package_identification:_identify(doc) by extensions ['python_setup_py']
[0.494s] Level 1:colcon.colcon_core.package_identification:_identify(doc) by extension 'python_setup_py'
[0.494s] Level 1:colcon.colcon_core.package_identification:_identify(install) by extensions ['ignore', 'ignore_ament_install']
[0.494s] Level 1:colcon.colcon_core.package_identification:_identify(install) by extension 'ignore'
[0.494s] Level 1:colcon.colcon_core.package_identification:_identify(install) ignored
[0.494s] Level 1:colcon.colcon_core.package_identification:_identify(log) by extensions ['ignore', 'ignore_ament_install']
[0.494s] Level 1:colcon.colcon_core.package_identification:_identify(log) by extension 'ignore'
[0.494s] Level 1:colcon.colcon_core.package_identification:_identify(log) ignored
[0.495s] Level 1:colcon.colcon_core.package_identification:_identify(src) by extensions ['ignore', 'ignore_ament_install']
[0.495s] Level 1:colcon.colcon_core.package_identification:_identify(src) by extension 'ignore'
[0.495s] Level 1:colcon.colcon_core.package_identification:_identify(src) by extension 'ignore_ament_install'
[0.495s] Level 1:colcon.colcon_core.package_identification:_identify(src) by extensions ['colcon_pkg']
[0.495s] Level 1:colcon.colcon_core.package_identification:_identify(src) by extension 'colcon_pkg'
[0.495s] Level 1:colcon.colcon_core.package_identification:_identify(src) by extensions ['colcon_meta']
[0.495s] Level 1:colcon.colcon_core.package_identification:_identify(src) by extension 'colcon_meta'
[0.495s] Level 1:colcon.colcon_core.package_identification:_identify(src) by extensions ['ros']
[0.495s] Level 1:colcon.colcon_core.package_identification:_identify(src) by extension 'ros'
[0.495s] Level 1:colcon.colcon_core.package_identification:_identify(src) by extensions ['cmake', 'python']
[0.495s] Level 1:colcon.colcon_core.package_identification:_identify(src) by extension 'cmake'
[0.495s] Level 1:colcon.colcon_core.package_identification:_identify(src) by extension 'python'
[0.496s] Level 1:colcon.colcon_core.package_identification:_identify(src) by extensions ['python_setup_py']
[0.496s] Level 1:colcon.colcon_core.package_identification:_identify(src) by extension 'python_setup_py'
[0.496s] Level 1:colcon.colcon_core.package_identification:_identify(src/imu_tools) by extensions ['ignore', 'ignore_ament_install']
[0.496s] Level 1:colcon.colcon_core.package_identification:_identify(src/imu_tools) by extension 'ignore'
[0.496s] Level 1:colcon.colcon_core.package_identification:_identify(src/imu_tools) by extension 'ignore_ament_install'
[0.496s] Level 1:colcon.colcon_core.package_identification:_identify(src/imu_tools) by extensions ['colcon_pkg']
[0.496s] Level 1:colcon.colcon_core.package_identification:_identify(src/imu_tools) by extension 'colcon_pkg'
[0.497s] Level 1:colcon.colcon_core.package_identification:_identify(src/imu_tools) by extensions ['colcon_meta']
[0.497s] Level 1:colcon.colcon_core.package_identification:_identify(src/imu_tools) by extension 'colcon_meta'
[0.497s] Level 1:colcon.colcon_core.package_identification:_identify(src/imu_tools) by extensions ['ros']
[0.497s] Level 1:colcon.colcon_core.package_identification:_identify(src/imu_tools) by extension 'ros'
[0.497s] Level 1:colcon.colcon_core.package_identification:_identify(src/imu_tools) by extensions ['cmake', 'python']
[0.497s] Level 1:colcon.colcon_core.package_identification:_identify(src/imu_tools) by extension 'cmake'
[0.497s] Level 1:colcon.colcon_core.package_identification:_identify(src/imu_tools) by extension 'python'
[0.497s] Level 1:colcon.colcon_core.package_identification:_identify(src/imu_tools) by extensions ['python_setup_py']
[0.497s] Level 1:colcon.colcon_core.package_identification:_identify(src/imu_tools) by extension 'python_setup_py'
[0.498s] Level 1:colcon.colcon_core.package_identification:_identify(src/imu_tools/imu_complementary_filter) by extensions ['ignore', 'ignore_ament_install']
[0.498s] Level 1:colcon.colcon_core.package_identification:_identify(src/imu_tools/imu_complementary_filter) by extension 'ignore'
[0.498s] Level 1:colcon.colcon_core.package_identification:_identify(src/imu_tools/imu_complementary_filter) by extension 'ignore_ament_install'
[0.498s] Level 1:colcon.colcon_core.package_identification:_identify(src/imu_tools/imu_complementary_filter) by extensions ['colcon_pkg']
[0.498s] Level 1:colcon.colcon_core.package_identification:_identify(src/imu_tools/imu_complementary_filter) by extension 'colcon_pkg'
[0.498s] Level 1:colcon.colcon_core.package_identification:_identify(src/imu_tools/imu_complementary_filter) by extensions ['colcon_meta']
[0.498s] Level 1:colcon.colcon_core.package_identification:_identify(src/imu_tools/imu_complementary_filter) by extension 'colcon_meta'
[0.498s] Level 1:colcon.colcon_core.package_identification:_identify(src/imu_tools/imu_complementary_filter) by extensions ['ros']
[0.498s] Level 1:colcon.colcon_core.package_identification:_identify(src/imu_tools/imu_complementary_filter) by extension 'ros'
[0.504s] DEBUG:colcon.colcon_core.package_identification:Package 'src/imu_tools/imu_complementary_filter' with type 'ros.ament_cmake' and name 'imu_complementary_filter'
[0.504s] Level 1:colcon.colcon_core.package_identification:_identify(src/imu_tools/imu_filter_madgwick) by extensions ['ignore', 'ignore_ament_install']
[0.505s] Level 1:colcon.colcon_core.package_identification:_identify(src/imu_tools/imu_filter_madgwick) by extension 'ignore'
[0.505s] Level 1:colcon.colcon_core.package_identification:_identify(src/imu_tools/imu_filter_madgwick) by extension 'ignore_ament_install'
[0.505s] Level 1:colcon.colcon_core.package_identification:_identify(src/imu_tools/imu_filter_madgwick) by extensions ['colcon_pkg']
[0.505s] Level 1:colcon.colcon_core.package_identification:_identify(src/imu_tools/imu_filter_madgwick) by extension 'colcon_pkg'
[0.505s] Level 1:colcon.colcon_core.package_identification:_identify(src/imu_tools/imu_filter_madgwick) by extensions ['colcon_meta']
[0.505s] Level 1:colcon.colcon_core.package_identification:_identify(src/imu_tools/imu_filter_madgwick) by extension 'colcon_meta'
[0.505s] Level 1:colcon.colcon_core.package_identification:_identify(src/imu_tools/imu_filter_madgwick) by extensions ['ros']
[0.505s] Level 1:colcon.colcon_core.package_identification:_identify(src/imu_tools/imu_filter_madgwick) by extension 'ros'
[0.508s] DEBUG:colcon.colcon_core.package_identification:Package 'src/imu_tools/imu_filter_madgwick' with type 'ros.ament_cmake' and name 'imu_filter_madgwick'
[0.509s] Level 1:colcon.colcon_core.package_identification:_identify(src/imu_tools/imu_tools) by extensions ['ignore', 'ignore_ament_install']
[0.509s] Level 1:colcon.colcon_core.package_identification:_identify(src/imu_tools/imu_tools) by extension 'ignore'
[0.509s] Level 1:colcon.colcon_core.package_identification:_identify(src/imu_tools/imu_tools) by extension 'ignore_ament_install'
[0.509s] Level 1:colcon.colcon_core.package_identification:_identify(src/imu_tools/imu_tools) by extensions ['colcon_pkg']
[0.509s] Level 1:colcon.colcon_core.package_identification:_identify(src/imu_tools/imu_tools) by extension 'colcon_pkg'
[0.509s] Level 1:colcon.colcon_core.package_identification:_identify(src/imu_tools/imu_tools) by extensions ['colcon_meta']
[0.509s] Level 1:colcon.colcon_core.package_identification:_identify(src/imu_tools/imu_tools) by extension 'colcon_meta'
[0.509s] Level 1:colcon.colcon_core.package_identification:_identify(src/imu_tools/imu_tools) by extensions ['ros']
[0.509s] Level 1:colcon.colcon_core.package_identification:_identify(src/imu_tools/imu_tools) by extension 'ros'
[0.511s] DEBUG:colcon.colcon_core.package_identification:Package 'src/imu_tools/imu_tools' with type 'ros.ament_cmake' and name 'imu_tools'
[0.511s] Level 1:colcon.colcon_core.package_identification:_identify(src/imu_tools/rviz_imu_plugin) by extensions ['ignore', 'ignore_ament_install']
[0.512s] Level 1:colcon.colcon_core.package_identification:_identify(src/imu_tools/rviz_imu_plugin) by extension 'ignore'
[0.512s] Level 1:colcon.colcon_core.package_identification:_identify(src/imu_tools/rviz_imu_plugin) by extension 'ignore_ament_install'
[0.512s] Level 1:colcon.colcon_core.package_identification:_identify(src/imu_tools/rviz_imu_plugin) by extensions ['colcon_pkg']
[0.512s] Level 1:colcon.colcon_core.package_identification:_identify(src/imu_tools/rviz_imu_plugin) by extension 'colcon_pkg'
[0.512s] Level 1:colcon.colcon_core.package_identification:_identify(src/imu_tools/rviz_imu_plugin) by extensions ['colcon_meta']
[0.512s] Level 1:colcon.colcon_core.package_identification:_identify(src/imu_tools/rviz_imu_plugin) by extension 'colcon_meta'
[0.512s] Level 1:colcon.colcon_core.package_identification:_identify(src/imu_tools/rviz_imu_plugin) by extensions ['ros']
[0.512s] Level 1:colcon.colcon_core.package_identification:_identify(src/imu_tools/rviz_imu_plugin) by extension 'ros'
[0.515s] DEBUG:colcon.colcon_core.package_identification:Package 'src/imu_tools/rviz_imu_plugin' with type 'ros.ament_cmake' and name 'rviz_imu_plugin'
[0.515s] Level 1:colcon.colcon_core.package_identification:_identify(src/livox_bringup) by extensions ['ignore', 'ignore_ament_install']
[0.515s] Level 1:colcon.colcon_core.package_identification:_identify(src/livox_bringup) by extension 'ignore'
[0.515s] Level 1:colcon.colcon_core.package_identification:_identify(src/livox_bringup) by extension 'ignore_ament_install'
[0.515s] Level 1:colcon.colcon_core.package_identification:_identify(src/livox_bringup) by extensions ['colcon_pkg']
[0.515s] Level 1:colcon.colcon_core.package_identification:_identify(src/livox_bringup) by extension 'colcon_pkg'
[0.515s] Level 1:colcon.colcon_core.package_identification:_identify(src/livox_bringup) by extensions ['colcon_meta']
[0.515s] Level 1:colcon.colcon_core.package_identification:_identify(src/livox_bringup) by extension 'colcon_meta'
[0.515s] Level 1:colcon.colcon_core.package_identification:_identify(src/livox_bringup) by extensions ['ros']
[0.515s] Level 1:colcon.colcon_core.package_identification:_identify(src/livox_bringup) by extension 'ros'
[0.517s] DEBUG:colcon.colcon_core.package_identification:Package 'src/livox_bringup' with type 'ros.ament_cmake' and name 'livox_bringup'
[0.517s] Level 1:colcon.colcon_core.package_identification:_identify(src/livox_to_pointcloud2) by extensions ['ignore', 'ignore_ament_install']
[0.517s] Level 1:colcon.colcon_core.package_identification:_identify(src/livox_to_pointcloud2) by extension 'ignore'
[0.517s] Level 1:colcon.colcon_core.package_identification:_identify(src/livox_to_pointcloud2) by extension 'ignore_ament_install'
[0.517s] Level 1:colcon.colcon_core.package_identification:_identify(src/livox_to_pointcloud2) by extensions ['colcon_pkg']
[0.517s] Level 1:colcon.colcon_core.package_identification:_identify(src/livox_to_pointcloud2) by extension 'colcon_pkg'
[0.518s] Level 1:colcon.colcon_core.package_identification:_identify(src/livox_to_pointcloud2) by extensions ['colcon_meta']
[0.518s] Level 1:colcon.colcon_core.package_identification:_identify(src/livox_to_pointcloud2) by extension 'colcon_meta'
[0.518s] Level 1:colcon.colcon_core.package_identification:_identify(src/livox_to_pointcloud2) by extensions ['ros']
[0.518s] Level 1:colcon.colcon_core.package_identification:_identify(src/livox_to_pointcloud2) by extension 'ros'
[0.529s] DEBUG:colcon.colcon_core.package_identification:Package 'src/livox_to_pointcloud2' with type 'ros.ament_cmake' and name 'livox_to_pointcloud2'
[0.530s] Level 1:colcon.colcon_core.package_identification:_identify(src/pc2image) by extensions ['ignore', 'ignore_ament_install']
[0.530s] Level 1:colcon.colcon_core.package_identification:_identify(src/pc2image) by extension 'ignore'
[0.530s] Level 1:colcon.colcon_core.package_identification:_identify(src/pc2image) by extension 'ignore_ament_install'
[0.530s] Level 1:colcon.colcon_core.package_identification:_identify(src/pc2image) by extensions ['colcon_pkg']
[0.530s] Level 1:colcon.colcon_core.package_identification:_identify(src/pc2image) by extension 'colcon_pkg'
[0.531s] Level 1:colcon.colcon_core.package_identification:_identify(src/pc2image) by extensions ['colcon_meta']
[0.531s] Level 1:colcon.colcon_core.package_identification:_identify(src/pc2image) by extension 'colcon_meta'
[0.531s] Level 1:colcon.colcon_core.package_identification:_identify(src/pc2image) by extensions ['ros']
[0.531s] Level 1:colcon.colcon_core.package_identification:_identify(src/pc2image) by extension 'ros'
[0.533s] DEBUG:colcon.colcon_core.package_identification:Package 'src/pc2image' with type 'ros.ament_python' and name 'pc2image'
[0.533s] Level 1:colcon.colcon_core.package_identification:_identify(src/realsense2_bringup) by extensions ['ignore', 'ignore_ament_install']
[0.533s] Level 1:colcon.colcon_core.package_identification:_identify(src/realsense2_bringup) by extension 'ignore'
[0.534s] Level 1:colcon.colcon_core.package_identification:_identify(src/realsense2_bringup) by extension 'ignore_ament_install'
[0.534s] Level 1:colcon.colcon_core.package_identification:_identify(src/realsense2_bringup) by extensions ['colcon_pkg']
[0.534s] Level 1:colcon.colcon_core.package_identification:_identify(src/realsense2_bringup) by extension 'colcon_pkg'
[0.534s] Level 1:colcon.colcon_core.package_identification:_identify(src/realsense2_bringup) by extensions ['colcon_meta']
[0.534s] Level 1:colcon.colcon_core.package_identification:_identify(src/realsense2_bringup) by extension 'colcon_meta'
[0.534s] Level 1:colcon.colcon_core.package_identification:_identify(src/realsense2_bringup) by extensions ['ros']
[0.534s] Level 1:colcon.colcon_core.package_identification:_identify(src/realsense2_bringup) by extension 'ros'
[0.535s] DEBUG:colcon.colcon_core.package_identification:Package 'src/realsense2_bringup' with type 'ros.ament_cmake' and name 'realsense2_bringup'
[0.536s] Level 1:colcon.colcon_core.package_identification:_identify(src/ros-foxglove-bridge) by extensions ['ignore', 'ignore_ament_install']
[0.536s] Level 1:colcon.colcon_core.package_identification:_identify(src/ros-foxglove-bridge) by extension 'ignore'
[0.536s] Level 1:colcon.colcon_core.package_identification:_identify(src/ros-foxglove-bridge) by extension 'ignore_ament_install'
[0.536s] Level 1:colcon.colcon_core.package_identification:_identify(src/ros-foxglove-bridge) by extensions ['colcon_pkg']
[0.536s] Level 1:colcon.colcon_core.package_identification:_identify(src/ros-foxglove-bridge) by extension 'colcon_pkg'
[0.536s] Level 1:colcon.colcon_core.package_identification:_identify(src/ros-foxglove-bridge) by extensions ['colcon_meta']
[0.536s] Level 1:colcon.colcon_core.package_identification:_identify(src/ros-foxglove-bridge) by extension 'colcon_meta'
[0.537s] Level 1:colcon.colcon_core.package_identification:_identify(src/ros-foxglove-bridge) by extensions ['ros']
[0.537s] Level 1:colcon.colcon_core.package_identification:_identify(src/ros-foxglove-bridge) by extension 'ros'
[0.551s] DEBUG:colcon.colcon_core.package_identification:Package 'src/ros-foxglove-bridge' with type 'ros.ament_cmake' and name 'foxglove_bridge'
[0.551s] Level 1:colcon.colcon_core.package_identification:_identify(src/rosx_introspection) by extensions ['ignore', 'ignore_ament_install']
[0.551s] Level 1:colcon.colcon_core.package_identification:_identify(src/rosx_introspection) by extension 'ignore'
[0.552s] Level 1:colcon.colcon_core.package_identification:_identify(src/rosx_introspection) by extension 'ignore_ament_install'
[0.552s] Level 1:colcon.colcon_core.package_identification:_identify(src/rosx_introspection) by extensions ['colcon_pkg']
[0.552s] Level 1:colcon.colcon_core.package_identification:_identify(src/rosx_introspection) by extension 'colcon_pkg'
[0.552s] Level 1:colcon.colcon_core.package_identification:_identify(src/rosx_introspection) by extensions ['colcon_meta']
[0.552s] Level 1:colcon.colcon_core.package_identification:_identify(src/rosx_introspection) by extension 'colcon_meta'
[0.552s] Level 1:colcon.colcon_core.package_identification:_identify(src/rosx_introspection) by extensions ['ros']
[0.552s] Level 1:colcon.colcon_core.package_identification:_identify(src/rosx_introspection) by extension 'ros'
[0.560s] DEBUG:colcon.colcon_core.package_identification:Package 'src/rosx_introspection' with type 'ros.ament_cmake' and name 'rosx_introspection'
[0.560s] Level 1:colcon.colcon_core.package_discovery:discover_packages(recursive) using defaults
[0.560s] Level 1:colcon.colcon_core.package_discovery:discover_packages(ignore) discover
[0.560s] Level 1:colcon.colcon_core.package_discovery:discover_packages(ignore) using defaults
[0.560s] Level 1:colcon.colcon_core.package_discovery:discover_packages(path) discover
[0.560s] Level 1:colcon.colcon_core.package_discovery:discover_packages(path) using defaults
[0.604s] INFO:colcon.colcon_core.package_selection:Skipping not selected package 'imu_complementary_filter' in 'src/imu_tools/imu_complementary_filter'
[0.604s] INFO:colcon.colcon_core.package_selection:Skipping not selected package 'imu_filter_madgwick' in 'src/imu_tools/imu_filter_madgwick'
[0.604s] INFO:colcon.colcon_core.package_selection:Skipping not selected package 'livox_to_pointcloud2' in 'src/livox_to_pointcloud2'
[0.604s] INFO:colcon.colcon_core.package_selection:Skipping not selected package 'pc2image' in 'src/pc2image'
[0.604s] INFO:colcon.colcon_core.package_selection:Skipping not selected package 'rosx_introspection' in 'src/rosx_introspection'
[0.604s] INFO:colcon.colcon_core.package_selection:Skipping not selected package 'rviz_imu_plugin' in 'src/imu_tools/rviz_imu_plugin'
[0.604s] INFO:colcon.colcon_core.package_selection:Skipping not selected package 'foxglove_bridge' in 'src/ros-foxglove-bridge'
[0.604s] INFO:colcon.colcon_core.package_selection:Skipping not selected package 'imu_tools' in 'src/imu_tools/imu_tools'
[0.605s] Level 5:colcon.colcon_core.verb:set package 'livox_bringup' build argument 'cmake_args' from command line to 'None'
[0.605s] Level 5:colcon.colcon_core.verb:set package 'livox_bringup' build argument 'cmake_target' from command line to 'None'
[0.605s] Level 5:colcon.colcon_core.verb:set package 'livox_bringup' build argument 'cmake_target_skip_unavailable' from command line to 'False'
[0.605s] Level 5:colcon.colcon_core.verb:set package 'livox_bringup' build argument 'cmake_clean_cache' from command line to 'False'
[0.605s] Level 5:colcon.colcon_core.verb:set package 'livox_bringup' build argument 'cmake_clean_first' from command line to 'False'
[0.605s] Level 5:colcon.colcon_core.verb:set package 'livox_bringup' build argument 'cmake_force_configure' from command line to 'False'
[0.605s] Level 5:colcon.colcon_core.verb:set package 'livox_bringup' build argument 'ament_cmake_args' from command line to 'None'
[0.605s] Level 5:colcon.colcon_core.verb:set package 'livox_bringup' build argument 'catkin_cmake_args' from command line to 'None'
[0.605s] Level 5:colcon.colcon_core.verb:set package 'livox_bringup' build argument 'catkin_skip_building_tests' from command line to 'False'
[0.605s] DEBUG:colcon.colcon_core.verb:Building package 'livox_bringup' with the following arguments: {'ament_cmake_args': None, 'build_base': '/num4_ws/build/livox_bringup', 'catkin_cmake_args': None, 'catkin_skip_building_tests': False, 'cmake_args': None, 'cmake_clean_cache': False, 'cmake_clean_first': False, 'cmake_force_configure': False, 'cmake_target': None, 'cmake_target_skip_unavailable': False, 'install_base': '/num4_ws/install/livox_bringup', 'merge_install': False, 'path': '/num4_ws/src/livox_bringup', 'symlink_install': True, 'test_result_base': None}
[0.606s] Level 5:colcon.colcon_core.verb:set package 'realsense2_bringup' build argument 'cmake_args' from command line to 'None'
[0.606s] Level 5:colcon.colcon_core.verb:set package 'realsense2_bringup' build argument 'cmake_target' from command line to 'None'
[0.606s] Level 5:colcon.colcon_core.verb:set package 'realsense2_bringup' build argument 'cmake_target_skip_unavailable' from command line to 'False'
[0.606s] Level 5:colcon.colcon_core.verb:set package 'realsense2_bringup' build argument 'cmake_clean_cache' from command line to 'False'
[0.606s] Level 5:colcon.colcon_core.verb:set package 'realsense2_bringup' build argument 'cmake_clean_first' from command line to 'False'
[0.606s] Level 5:colcon.colcon_core.verb:set package 'realsense2_bringup' build argument 'cmake_force_configure' from command line to 'False'
[0.606s] Level 5:colcon.colcon_core.verb:set package 'realsense2_bringup' build argument 'ament_cmake_args' from command line to 'None'
[0.606s] Level 5:colcon.colcon_core.verb:set package 'realsense2_bringup' build argument 'catkin_cmake_args' from command line to 'None'
[0.606s] Level 5:colcon.colcon_core.verb:set package 'realsense2_bringup' build argument 'catkin_skip_building_tests' from command line to 'False'
[0.606s] DEBUG:colcon.colcon_core.verb:Building package 'realsense2_bringup' with the following arguments: {'ament_cmake_args': None, 'build_base': '/num4_ws/build/realsense2_bringup', 'catkin_cmake_args': None, 'catkin_skip_building_tests': False, 'cmake_args': None, 'cmake_clean_cache': False, 'cmake_clean_first': False, 'cmake_force_configure': False, 'cmake_target': None, 'cmake_target_skip_unavailable': False, 'install_base': '/num4_ws/install/realsense2_bringup', 'merge_install': False, 'path': '/num4_ws/src/realsense2_bringup', 'symlink_install': True, 'test_result_base': None}
[0.606s] INFO:colcon.colcon_core.executor:Executing jobs using 'parallel' executor
[0.608s] DEBUG:colcon.colcon_parallel_executor.executor.parallel:run_until_complete
[0.608s] INFO:colcon.colcon_ros.task.ament_cmake.build:Building ROS package in '/num4_ws/src/livox_bringup' with build type 'ament_cmake'
[0.608s] INFO:colcon.colcon_cmake.task.cmake.build:Building CMake package in '/num4_ws/src/livox_bringup'
[0.615s] INFO:colcon.colcon_core.plugin_system:Skipping extension 'colcon_core.shell.bat': Not used on non-Windows systems
[0.615s] INFO:colcon.colcon_core.shell:Skip shell extension 'powershell' for command environment: Not usable outside of PowerShell
[0.615s] DEBUG:colcon.colcon_core.shell:Skip shell extension 'dsv' for command environment
[0.634s] INFO:colcon.colcon_ros.task.ament_cmake.build:Building ROS package in '/num4_ws/src/realsense2_bringup' with build type 'ament_cmake'
[0.634s] INFO:colcon.colcon_cmake.task.cmake.build:Building CMake package in '/num4_ws/src/realsense2_bringup'
[0.635s] INFO:colcon.colcon_core.shell:Skip shell extension 'powershell' for command environment: Not usable outside of PowerShell
[0.635s] DEBUG:colcon.colcon_core.shell:Skip shell extension 'dsv' for command environment
[0.653s] DEBUG:colcon.colcon_core.event_handler.log_command:Invoking command in '/num4_ws/build/livox_bringup': PS1=\[\e[1;35m\]\u@\h:\[\e[1;34m\]\w\[\e[0m\]\$ /usr/local/bin/cmake --build /num4_ws/build/livox_bringup -- -j8 -l8
[0.662s] DEBUG:colcon.colcon_core.event_handler.log_command:Invoking command in '/num4_ws/build/realsense2_bringup': AMENT_PREFIX_PATH=/num4_ws/install/imu_filter_madgwick:${AMENT_PREFIX_PATH} CMAKE_PREFIX_PATH=/num4_ws/install/imu_filter_madgwick:${CMAKE_PREFIX_PATH} LD_LIBRARY_PATH=/num4_ws/install/imu_filter_madgwick/lib:/ros2_ws/install/realsense2_camera/lib:/ros2_ws/install/realsense2_camera_msgs/lib:/ros2_ws/install/livox_ros_driver2/lib:/ros2_ws/install/diagnostic_updater/lib:/opt/ros/humble/install/opt/rviz_ogre_vendor/lib:/opt/ros/humble/install/lib:/usr/local/cuda/compat:/usr/local/cuda/lib64 PS1=\[\e[1;35m\]\u@\h:\[\e[1;34m\]\w\[\e[0m\]\$ /usr/local/bin/cmake /num4_ws/src/realsense2_bringup -DAMENT_CMAKE_SYMLINK_INSTALL=1 -DCMAKE_INSTALL_PREFIX=/num4_ws/install/realsense2_bringup
[0.842s] DEBUG:colcon.colcon_core.event_handler.log_command:Invoked command in '/num4_ws/build/livox_bringup' returned '0': PS1=\[\e[1;35m\]\u@\h:\[\e[1;34m\]\w\[\e[0m\]\$ /usr/local/bin/cmake --build /num4_ws/build/livox_bringup -- -j8 -l8
[1.158s] DEBUG:colcon.colcon_core.event_handler.log_command:Invoking command in '/num4_ws/build/livox_bringup': PS1=\[\e[1;35m\]\u@\h:\[\e[1;34m\]\w\[\e[0m\]\$ /usr/local/bin/cmake --install /num4_ws/build/livox_bringup
[1.311s] Level 1:colcon.colcon_core.environment:create_environment_scripts_only(livox_bringup)
[1.312s] DEBUG:colcon.colcon_core.event_handler.log_command:Invoked command in '/num4_ws/build/livox_bringup' returned '0': PS1=\[\e[1;35m\]\u@\h:\[\e[1;34m\]\w\[\e[0m\]\$ /usr/local/bin/cmake --install /num4_ws/build/livox_bringup
[1.320s] Level 1:colcon.colcon_core.environment:checking '/num4_ws/install/livox_bringup' for CMake module files
[1.321s] Level 1:colcon.colcon_core.environment:checking '/num4_ws/install/livox_bringup' for CMake config files
[1.322s] Level 1:colcon.colcon_core.shell:create_environment_hook('livox_bringup', 'cmake_prefix_path')
[1.322s] INFO:colcon.colcon_core.shell:Creating environment hook '/num4_ws/install/livox_bringup/share/livox_bringup/hook/cmake_prefix_path.ps1'
[1.324s] INFO:colcon.colcon_core.shell:Creating environment descriptor '/num4_ws/install/livox_bringup/share/livox_bringup/hook/cmake_prefix_path.dsv'
[1.325s] INFO:colcon.colcon_core.shell:Creating environment hook '/num4_ws/install/livox_bringup/share/livox_bringup/hook/cmake_prefix_path.sh'
[1.327s] Level 1:colcon.colcon_core.environment:checking '/num4_ws/install/livox_bringup/bin'
[1.327s] Level 1:colcon.colcon_core.environment:checking '/num4_ws/install/livox_bringup/lib/pkgconfig/livox_bringup.pc'
[1.329s] Level 1:colcon.colcon_core.environment:checking '/num4_ws/install/livox_bringup/lib/python3.10/site-packages'
[1.330s] Level 1:colcon.colcon_core.environment:checking '/num4_ws/install/livox_bringup/bin'
[1.330s] INFO:colcon.colcon_core.shell:Creating package script '/num4_ws/install/livox_bringup/share/livox_bringup/package.ps1'
[1.332s] INFO:colcon.colcon_core.shell:Creating package descriptor '/num4_ws/install/livox_bringup/share/livox_bringup/package.dsv'
[1.333s] INFO:colcon.colcon_core.shell:Creating package script '/num4_ws/install/livox_bringup/share/livox_bringup/package.sh'
[1.335s] INFO:colcon.colcon_core.shell:Creating package script '/num4_ws/install/livox_bringup/share/livox_bringup/package.bash'
[1.336s] INFO:colcon.colcon_core.shell:Creating package script '/num4_ws/install/livox_bringup/share/livox_bringup/package.zsh'
[1.338s] Level 1:colcon.colcon_core.environment:create_file_with_runtime_dependencies(/num4_ws/install/livox_bringup/share/colcon-core/packages/livox_bringup)
[1.341s] DEBUG:colcon.colcon_core.event_handler.log_command:Invoked command in '/num4_ws/build/realsense2_bringup' returned '0': AMENT_PREFIX_PATH=/num4_ws/install/imu_filter_madgwick:${AMENT_PREFIX_PATH} CMAKE_PREFIX_PATH=/num4_ws/install/imu_filter_madgwick:${CMAKE_PREFIX_PATH} LD_LIBRARY_PATH=/num4_ws/install/imu_filter_madgwick/lib:/ros2_ws/install/realsense2_camera/lib:/ros2_ws/install/realsense2_camera_msgs/lib:/ros2_ws/install/livox_ros_driver2/lib:/ros2_ws/install/diagnostic_updater/lib:/opt/ros/humble/install/opt/rviz_ogre_vendor/lib:/opt/ros/humble/install/lib:/usr/local/cuda/compat:/usr/local/cuda/lib64 PS1=\[\e[1;35m\]\u@\h:\[\e[1;34m\]\w\[\e[0m\]\$ /usr/local/bin/cmake /num4_ws/src/realsense2_bringup -DAMENT_CMAKE_SYMLINK_INSTALL=1 -DCMAKE_INSTALL_PREFIX=/num4_ws/install/realsense2_bringup
[1.343s] DEBUG:colcon.colcon_core.event_handler.log_command:Invoking command in '/num4_ws/build/realsense2_bringup': AMENT_PREFIX_PATH=/num4_ws/install/imu_filter_madgwick:${AMENT_PREFIX_PATH} CMAKE_PREFIX_PATH=/num4_ws/install/imu_filter_madgwick:${CMAKE_PREFIX_PATH} LD_LIBRARY_PATH=/num4_ws/install/imu_filter_madgwick/lib:/ros2_ws/install/realsense2_camera/lib:/ros2_ws/install/realsense2_camera_msgs/lib:/ros2_ws/install/livox_ros_driver2/lib:/ros2_ws/install/diagnostic_updater/lib:/opt/ros/humble/install/opt/rviz_ogre_vendor/lib:/opt/ros/humble/install/lib:/usr/local/cuda/compat:/usr/local/cuda/lib64 PS1=\[\e[1;35m\]\u@\h:\[\e[1;34m\]\w\[\e[0m\]\$ /usr/local/bin/cmake --build /num4_ws/build/realsense2_bringup -- -j8 -l8
[1.504s] Level 1:colcon.colcon_core.environment:create_environment_scripts_only(livox_bringup)
[1.504s] Level 1:colcon.colcon_core.environment:checking '/num4_ws/install/livox_bringup' for CMake module files
[1.505s] Level 1:colcon.colcon_core.environment:checking '/num4_ws/install/livox_bringup' for CMake config files
[1.505s] Level 1:colcon.colcon_core.shell:create_environment_hook('livox_bringup', 'cmake_prefix_path')
[1.506s] INFO:colcon.colcon_core.shell:Creating environment hook '/num4_ws/install/livox_bringup/share/livox_bringup/hook/cmake_prefix_path.ps1'
[1.507s] INFO:colcon.colcon_core.shell:Creating environment descriptor '/num4_ws/install/livox_bringup/share/livox_bringup/hook/cmake_prefix_path.dsv'
[1.507s] INFO:colcon.colcon_core.shell:Creating environment hook '/num4_ws/install/livox_bringup/share/livox_bringup/hook/cmake_prefix_path.sh'
[1.508s] Level 1:colcon.colcon_core.environment:checking '/num4_ws/install/livox_bringup/bin'
[1.508s] Level 1:colcon.colcon_core.environment:checking '/num4_ws/install/livox_bringup/lib/pkgconfig/livox_bringup.pc'
[1.509s] Level 1:colcon.colcon_core.environment:checking '/num4_ws/install/livox_bringup/lib/python3.10/site-packages'
[1.509s] Level 1:colcon.colcon_core.environment:checking '/num4_ws/install/livox_bringup/bin'
[1.509s] INFO:colcon.colcon_core.shell:Creating package script '/num4_ws/install/livox_bringup/share/livox_bringup/package.ps1'
[1.511s] INFO:colcon.colcon_core.shell:Creating package descriptor '/num4_ws/install/livox_bringup/share/livox_bringup/package.dsv'
[1.512s] INFO:colcon.colcon_core.shell:Creating package script '/num4_ws/install/livox_bringup/share/livox_bringup/package.sh'
[1.513s] INFO:colcon.colcon_core.shell:Creating package script '/num4_ws/install/livox_bringup/share/livox_bringup/package.bash'
[1.514s] INFO:colcon.colcon_core.shell:Creating package script '/num4_ws/install/livox_bringup/share/livox_bringup/package.zsh'
[1.515s] Level 1:colcon.colcon_core.environment:create_file_with_runtime_dependencies(/num4_ws/install/livox_bringup/share/colcon-core/packages/livox_bringup)
[2.028s] DEBUG:colcon.colcon_core.event_handler.log_command:Invoked command in '/num4_ws/build/realsense2_bringup' returned '0': AMENT_PREFIX_PATH=/num4_ws/install/imu_filter_madgwick:${AMENT_PREFIX_PATH} CMAKE_PREFIX_PATH=/num4_ws/install/imu_filter_madgwick:${CMAKE_PREFIX_PATH} LD_LIBRARY_PATH=/num4_ws/install/imu_filter_madgwick/lib:/ros2_ws/install/realsense2_camera/lib:/ros2_ws/install/realsense2_camera_msgs/lib:/ros2_ws/install/livox_ros_driver2/lib:/ros2_ws/install/diagnostic_updater/lib:/opt/ros/humble/install/opt/rviz_ogre_vendor/lib:/opt/ros/humble/install/lib:/usr/local/cuda/compat:/usr/local/cuda/lib64 PS1=\[\e[1;35m\]\u@\h:\[\e[1;34m\]\w\[\e[0m\]\$ /usr/local/bin/cmake --build /num4_ws/build/realsense2_bringup -- -j8 -l8
[2.188s] DEBUG:colcon.colcon_core.event_handler.log_command:Invoking command in '/num4_ws/build/realsense2_bringup': AMENT_PREFIX_PATH=/num4_ws/install/imu_filter_madgwick:${AMENT_PREFIX_PATH} CMAKE_PREFIX_PATH=/num4_ws/install/imu_filter_madgwick:${CMAKE_PREFIX_PATH} LD_LIBRARY_PATH=/num4_ws/install/imu_filter_madgwick/lib:/ros2_ws/install/realsense2_camera/lib:/ros2_ws/install/realsense2_camera_msgs/lib:/ros2_ws/install/livox_ros_driver2/lib:/ros2_ws/install/diagnostic_updater/lib:/opt/ros/humble/install/opt/rviz_ogre_vendor/lib:/opt/ros/humble/install/lib:/usr/local/cuda/compat:/usr/local/cuda/lib64 PS1=\[\e[1;35m\]\u@\h:\[\e[1;34m\]\w\[\e[0m\]\$ /usr/local/bin/cmake --install /num4_ws/build/realsense2_bringup
[2.344s] Level 1:colcon.colcon_core.environment:create_environment_scripts_only(realsense2_bringup)
[2.344s] Level 1:colcon.colcon_core.environment:checking '/num4_ws/install/realsense2_bringup' for CMake module files
[2.345s] DEBUG:colcon.colcon_core.event_handler.log_command:Invoked command in '/num4_ws/build/realsense2_bringup' returned '0': AMENT_PREFIX_PATH=/num4_ws/install/imu_filter_madgwick:${AMENT_PREFIX_PATH} CMAKE_PREFIX_PATH=/num4_ws/install/imu_filter_madgwick:${CMAKE_PREFIX_PATH} LD_LIBRARY_PATH=/num4_ws/install/imu_filter_madgwick/lib:/ros2_ws/install/realsense2_camera/lib:/ros2_ws/install/realsense2_camera_msgs/lib:/ros2_ws/install/livox_ros_driver2/lib:/ros2_ws/install/diagnostic_updater/lib:/opt/ros/humble/install/opt/rviz_ogre_vendor/lib:/opt/ros/humble/install/lib:/usr/local/cuda/compat:/usr/local/cuda/lib64 PS1=\[\e[1;35m\]\u@\h:\[\e[1;34m\]\w\[\e[0m\]\$ /usr/local/bin/cmake --install /num4_ws/build/realsense2_bringup
[2.346s] Level 1:colcon.colcon_core.environment:checking '/num4_ws/install/realsense2_bringup' for CMake config files
[2.347s] Level 1:colcon.colcon_core.shell:create_environment_hook('realsense2_bringup', 'cmake_prefix_path')
[2.347s] INFO:colcon.colcon_core.shell:Creating environment hook '/num4_ws/install/realsense2_bringup/share/realsense2_bringup/hook/cmake_prefix_path.ps1'
[2.348s] INFO:colcon.colcon_core.shell:Creating environment descriptor '/num4_ws/install/realsense2_bringup/share/realsense2_bringup/hook/cmake_prefix_path.dsv'
[2.349s] INFO:colcon.colcon_core.shell:Creating environment hook '/num4_ws/install/realsense2_bringup/share/realsense2_bringup/hook/cmake_prefix_path.sh'
[2.350s] Level 1:colcon.colcon_core.environment:checking '/num4_ws/install/realsense2_bringup/bin'
[2.350s] Level 1:colcon.colcon_core.environment:checking '/num4_ws/install/realsense2_bringup/lib/pkgconfig/realsense2_bringup.pc'
[2.350s] Level 1:colcon.colcon_core.environment:checking '/num4_ws/install/realsense2_bringup/lib/python3.10/site-packages'
[2.351s] Level 1:colcon.colcon_core.environment:checking '/num4_ws/install/realsense2_bringup/bin'
[2.351s] INFO:colcon.colcon_core.shell:Creating package script '/num4_ws/install/realsense2_bringup/share/realsense2_bringup/package.ps1'
[2.352s] INFO:colcon.colcon_core.shell:Creating package descriptor '/num4_ws/install/realsense2_bringup/share/realsense2_bringup/package.dsv'
[2.353s] INFO:colcon.colcon_core.shell:Creating package script '/num4_ws/install/realsense2_bringup/share/realsense2_bringup/package.sh'
[2.353s] INFO:colcon.colcon_core.shell:Creating package script '/num4_ws/install/realsense2_bringup/share/realsense2_bringup/package.bash'
[2.354s] INFO:colcon.colcon_core.shell:Creating package script '/num4_ws/install/realsense2_bringup/share/realsense2_bringup/package.zsh'
[2.354s] Level 1:colcon.colcon_core.environment:create_file_with_runtime_dependencies(/num4_ws/install/realsense2_bringup/share/colcon-core/packages/realsense2_bringup)
[2.515s] Level 1:colcon.colcon_core.environment:create_environment_scripts_only(realsense2_bringup)
[2.515s] Level 1:colcon.colcon_core.environment:checking '/num4_ws/install/realsense2_bringup' for CMake module files
[2.516s] Level 1:colcon.colcon_core.environment:checking '/num4_ws/install/realsense2_bringup' for CMake config files
[2.517s] Level 1:colcon.colcon_core.shell:create_environment_hook('realsense2_bringup', 'cmake_prefix_path')
[2.517s] INFO:colcon.colcon_core.shell:Creating environment hook '/num4_ws/install/realsense2_bringup/share/realsense2_bringup/hook/cmake_prefix_path.ps1'
[2.518s] INFO:colcon.colcon_core.shell:Creating environment descriptor '/num4_ws/install/realsense2_bringup/share/realsense2_bringup/hook/cmake_prefix_path.dsv'
[2.518s] INFO:colcon.colcon_core.shell:Creating environment hook '/num4_ws/install/realsense2_bringup/share/realsense2_bringup/hook/cmake_prefix_path.sh'
[2.519s] Level 1:colcon.colcon_core.environment:checking '/num4_ws/install/realsense2_bringup/bin'
[2.520s] Level 1:colcon.colcon_core.environment:checking '/num4_ws/install/realsense2_bringup/lib/pkgconfig/realsense2_bringup.pc'
[2.520s] Level 1:colcon.colcon_core.environment:checking '/num4_ws/install/realsense2_bringup/lib/python3.10/site-packages'
[2.520s] Level 1:colcon.colcon_core.environment:checking '/num4_ws/install/realsense2_bringup/bin'
[2.521s] INFO:colcon.colcon_core.shell:Creating package script '/num4_ws/install/realsense2_bringup/share/realsense2_bringup/package.ps1'
[2.522s] INFO:colcon.colcon_core.shell:Creating package descriptor '/num4_ws/install/realsense2_bringup/share/realsense2_bringup/package.dsv'
[2.522s] INFO:colcon.colcon_core.shell:Creating package script '/num4_ws/install/realsense2_bringup/share/realsense2_bringup/package.sh'
[2.523s] INFO:colcon.colcon_core.shell:Creating package script '/num4_ws/install/realsense2_bringup/share/realsense2_bringup/package.bash'
[2.524s] INFO:colcon.colcon_core.shell:Creating package script '/num4_ws/install/realsense2_bringup/share/realsense2_bringup/package.zsh'
[2.524s] Level 1:colcon.colcon_core.environment:create_file_with_runtime_dependencies(/num4_ws/install/realsense2_bringup/share/colcon-core/packages/realsense2_bringup)
[2.525s] DEBUG:colcon.colcon_parallel_executor.executor.parallel:closing loop
[2.525s] DEBUG:colcon.colcon_parallel_executor.executor.parallel:loop closed
[2.525s] DEBUG:colcon.colcon_parallel_executor.executor.parallel:run_until_complete finished with '0'
[2.526s] DEBUG:colcon.colcon_core.event_reactor:joining thread
[2.542s] INFO:colcon.colcon_core.plugin_system:Skipping extension 'colcon_notification.desktop_notification.notify_send': Could not find 'notify-send'
[2.542s] INFO:colcon.colcon_core.plugin_system:Skipping extension 'colcon_notification.desktop_notification.terminal_notifier': Not used on non-Darwin systems
[2.542s] INFO:colcon.colcon_core.plugin_system:Skipping extension 'colcon_notification.desktop_notification.win32': Not used on non-Windows systems
[2.542s] INFO:colcon.colcon_notification.desktop_notification:Sending desktop notification using 'notify2'
[2.549s] DEBUG:colcon.colcon_notification.desktop_notification.notify2:Failed to initialize notify2: org.freedesktop.DBus.Error.Spawn.ExecFailed: /usr/bin/dbus-launch terminated abnormally without any error message
[2.549s] DEBUG:colcon.colcon_core.event_reactor:joined thread
[2.550s] INFO:colcon.colcon_core.shell:Creating prefix script '/num4_ws/install/local_setup.ps1'
[2.552s] INFO:colcon.colcon_core.shell:Creating prefix util module '/num4_ws/install/_local_setup_util_ps1.py'
[2.554s] INFO:colcon.colcon_core.shell:Creating prefix chain script '/num4_ws/install/setup.ps1'
[2.556s] INFO:colcon.colcon_core.shell:Creating prefix script '/num4_ws/install/local_setup.sh'
[2.557s] INFO:colcon.colcon_core.shell:Creating prefix util module '/num4_ws/install/_local_setup_util_sh.py'
[2.558s] INFO:colcon.colcon_core.shell:Creating prefix chain script '/num4_ws/install/setup.sh'
[2.560s] INFO:colcon.colcon_core.shell:Creating prefix script '/num4_ws/install/local_setup.bash'
[2.563s] INFO:colcon.colcon_core.shell:Creating prefix chain script '/num4_ws/install/setup.bash'
[2.565s] INFO:colcon.colcon_core.shell:Creating prefix script '/num4_ws/install/local_setup.zsh'
[2.566s] INFO:colcon.colcon_core.shell:Creating prefix chain script '/num4_ws/install/setup.zsh'
