-- The CXX compiler identification is GNU 11.4.0
-- Detecting CXX compiler ABI info
-- Detecting CXX compiler ABI info - done
-- Check for working CXX compiler: /usr/bin/c++ - skipped
-- Detecting CXX compile features
-- Detecting CXX compile features - done
-- Found Python3: /usr/local/bin/python3 (found version "3.10.12") found components: Interpreter
-- Found rosbag2_cpp: 0.15.12 (/opt/ros/humble/install/share/rosbag2_cpp/cmake)
-- Found rosidl_generator_c: 3.1.5 (/opt/ros/humble/install/share/rosidl_generator_c/cmake)
-- Found rosidl_adapter: 3.1.5 (/opt/ros/humble/install/share/rosidl_adapter/cmake)
-- Found rosidl_generator_cpp: 3.1.5 (/opt/ros/humble/install/share/rosidl_generator_cpp/cmake)
-- Using all available rosidl_typesupport_c: rosidl_typesupport_fastrtps_c;rosidl_typesupport_introspection_c
-- Using all available rosidl_typesupport_cpp: rosidl_typesupport_fastrtps_cpp;rosidl_typesupport_introspection_cpp
-- Found rmw_implementation_cmake: 6.1.2 (/opt/ros/humble/install/share/rmw_implementation_cmake/cmake)
-- Found rmw_cyclonedds_cpp: 1.3.4 (/opt/ros/humble/install/share/rmw_cyclonedds_cpp/cmake)
-- Using RMW implementation 'rmw_cyclonedds_cpp' as default
-- Performing Test CMAKE_HAVE_LIBC_PTHREAD
-- Performing Test CMAKE_HAVE_LIBC_PTHREAD - Success
-- Found Threads: TRUE
-- Downloading RapidJSON with CPM
-- CPM: Adding package rapidjson@1.1.0 (v1.1.0)
[33mCMake Warning (dev) at /usr/local/lib/python3.10/dist-packages/cmake/data/share/cmake-3.30/Modules/FetchContent.cmake:1953 (message):
  Calling FetchContent_Populate(rapidjson) is deprecated, call
  FetchContent_MakeAvailable(rapidjson) instead.  Policy CMP0169 can be set
  to OLD to allow FetchContent_Populate(rapidjson) to be called directly for
  now, but the ability to call it with declared details will be removed
  completely in a future version.
Call Stack (most recent call first):
  /num4_ws/build/rosx_introspection/cmake/CPM_0.40.0.cmake:1074 (FetchContent_Populate)
  /num4_ws/build/rosx_introspection/cmake/CPM_0.40.0.cmake:868 (cpm_fetch_package)
  CMakeLists.txt:60 (CPMAddPackage)
This warning is for project developers.  Use -Wno-dev to suppress it.
[0m
[0mCMake Deprecation Warning at /num4_ws/build/rosx_introspection/_deps/rapidjson-src/CMakeLists.txt:1 (CMAKE_MINIMUM_REQUIRED):
  Compatibility with CMake < 3.5 will be removed from a future version of
  CMake.

  Update the VERSION argument <min> value or use a ...<max> suffix to tell
  CMake that the project does not need compatibility with older versions.

[0m
[33mCMake Warning (dev) at /num4_ws/build/rosx_introspection/_deps/rapidjson-src/CMakeLists.txt:12 (PROJECT):
  Policy CMP0048 is not set: project() command manages VERSION variables.
  Run "cmake --help-policy CMP0048" for policy details.  Use the cmake_policy
  command to set the policy and suppress this warning.

  The following variable(s) would be set to empty:

    PROJECT_VERSION
    PROJECT_VERSION_MAJOR
    PROJECT_VERSION_MINOR
    PROJECT_VERSION_PATCH
This warning is for project developers.  Use -Wno-dev to suppress it.
[0m
-- Found sensor_msgs: 4.2.4 (/opt/ros/humble/install/share/sensor_msgs/cmake)
-- Found ament_cmake_gtest: 1.3.10 (/opt/ros/humble/install/share/ament_cmake_gtest/cmake)
-- Found gtest sources under '/opt/ros/humble/install/src/gtest_vendor': C++ tests using 'Google Test' will be built
-- The C compiler identification is GNU 11.4.0
-- Detecting C compiler ABI info
-- Detecting C compiler ABI info - done
-- Check for working C compiler: /usr/bin/cc - skipped
-- Detecting C compile features
-- Detecting C compile features - done
-- Found GTest: /usr/lib/aarch64-linux-gnu/cmake/GTest/GTestConfig.cmake (found version "1.11.0")
-- Configuring done (8.0s)
-- Generating done (0.1s)
-- Build files have been written to: /num4_ws/build/rosx_introspection
[ 10%] [32mBuilding CXX object CMakeFiles/rosx_introspection.dir/src/ros_type.cpp.o[0m
[ 10%] [32mBuilding CXX object CMakeFiles/rosx_introspection.dir/src/ros_field.cpp.o[0m
[ 15%] [32mBuilding CXX object gtest/CMakeFiles/gtest_main.dir/src/gtest_main.cc.o[0m
[ 25%] [32mBuilding CXX object CMakeFiles/rosx_introspection.dir/src/stringtree_leaf.cpp.o[0m
[ 35%] [32mBuilding CXX object CMakeFiles/rosx_introspection.dir/src/ros_message.cpp.o[0m
[ 35%] [32mBuilding CXX object CMakeFiles/rosx_introspection.dir/src/ros_parser.cpp.o[0m
[ 35%] [32mBuilding CXX object gtest/CMakeFiles/gtest.dir/src/gtest-all.cc.o[0m
[ 40%] [32mBuilding CXX object CMakeFiles/rosx_introspection.dir/src/deserializer.cpp.o[0m
[01m[K/num4_ws/src/rosx_introspection/src/ros_parser.cpp:29:10:[m[K [01;31m[Kfatal error: [m[Krapidjson/document.h: No such file or directory
   29 | #include [01;31m[K"rapidjson/document.h"[m[K
      |          [01;31m[K^~~~~~~~~~~~~~~~~~~~~~[m[K
compilation terminated.
gmake[2]: *** [CMakeFiles/rosx_introspection.dir/build.make:132: CMakeFiles/rosx_introspection.dir/src/ros_parser.cpp.o] Error 1
gmake[2]: *** Waiting for unfinished jobs....
[ 45%] [32m[1mLinking CXX static library libgtest_main.a[0m
[ 45%] Built target gtest_main
gmake[1]: *** [CMakeFiles/Makefile2:177: CMakeFiles/rosx_introspection.dir/all] Error 2
gmake[1]: *** Waiting for unfinished jobs....
[ 50%] [32m[1mLinking CXX static library libgtest.a[0m
[ 50%] Built target gtest
gmake: *** [Makefile:146: all] Error 2
