-- The CXX compiler identification is GNU 11.4.0
-- Detecting CXX compiler ABI info
-- Detecting CXX compiler ABI info - done
-- Check for working CXX compiler: /usr/bin/c++ - skipped
-- Detecting CXX compile features
-- Detecting CXX compile features - done
-- Found Python3: /usr/local/bin/python3 (found version "3.10.12") found components: Interpreter
-- Found rosbag2_cpp: 0.15.12 (/opt/ros/humble/install/share/rosbag2_cpp/cmake)
-- Found rosidl_generator_c: 3.1.5 (/opt/ros/humble/install/share/rosidl_generator_c/cmake)
-- Found rosidl_adapter: 3.1.5 (/opt/ros/humble/install/share/rosidl_adapter/cmake)
-- Found rosidl_generator_cpp: 3.1.5 (/opt/ros/humble/install/share/rosidl_generator_cpp/cmake)
-- Using all available rosidl_typesupport_c: rosidl_typesupport_fastrtps_c;rosidl_typesupport_introspection_c
-- Using all available rosidl_typesupport_cpp: rosidl_typesupport_fastrtps_cpp;rosidl_typesupport_introspection_cpp
-- Found rmw_implementation_cmake: 6.1.2 (/opt/ros/humble/install/share/rmw_implementation_cmake/cmake)
-- Found rmw_cyclonedds_cpp: 1.3.4 (/opt/ros/humble/install/share/rmw_cyclonedds_cpp/cmake)
-- Using RMW implementation 'rmw_cyclonedds_cpp' as default
-- Performing Test CMAKE_HAVE_LIBC_PTHREAD
-- Performing Test CMAKE_HAVE_LIBC_PTHREAD - Success
-- Found Threads: TRUE
-- Downloading RapidJSON with CPM
-- CPM: Adding package rapidjson@1.1.0 (v1.1.0)
-- Found sensor_msgs: 4.2.4 (/opt/ros/humble/install/share/sensor_msgs/cmake)
-- Found ament_cmake_gtest: 1.3.10 (/opt/ros/humble/install/share/ament_cmake_gtest/cmake)
-- Found gtest sources under '/opt/ros/humble/install/src/gtest_vendor': C++ tests using 'Google Test' will be built
-- The C compiler identification is GNU 11.4.0
-- Detecting C compiler ABI info
-- Detecting C compiler ABI info - done
-- Check for working C compiler: /usr/bin/cc - skipped
-- Detecting C compile features
-- Detecting C compile features - done
-- Found GTest: /usr/lib/aarch64-linux-gnu/cmake/GTest/GTestConfig.cmake (found version "1.11.0")
-- Configuring done (8.0s)
-- Generating done (0.1s)
-- Build files have been written to: /num4_ws/build/rosx_introspection
[ 10%] [32mBuilding CXX object CMakeFiles/rosx_introspection.dir/src/ros_type.cpp.o[0m
[ 10%] [32mBuilding CXX object CMakeFiles/rosx_introspection.dir/src/ros_field.cpp.o[0m
[ 15%] [32mBuilding CXX object gtest/CMakeFiles/gtest_main.dir/src/gtest_main.cc.o[0m
[ 25%] [32mBuilding CXX object CMakeFiles/rosx_introspection.dir/src/stringtree_leaf.cpp.o[0m
[ 35%] [32mBuilding CXX object CMakeFiles/rosx_introspection.dir/src/ros_message.cpp.o[0m
[ 35%] [32mBuilding CXX object CMakeFiles/rosx_introspection.dir/src/ros_parser.cpp.o[0m
[ 35%] [32mBuilding CXX object gtest/CMakeFiles/gtest.dir/src/gtest-all.cc.o[0m
[ 40%] [32mBuilding CXX object CMakeFiles/rosx_introspection.dir/src/deserializer.cpp.o[0m
[ 45%] [32m[1mLinking CXX static library libgtest_main.a[0m
[ 45%] Built target gtest_main
[ 50%] [32m[1mLinking CXX static library libgtest.a[0m
[ 50%] Built target gtest
