[0.026s] Invoking command in '/num4_ws/build/rosx_introspection': PS1=\[\e[1;35m\]\u@\h:\[\e[1;34m\]\w\[\e[0m\]\$ /usr/local/bin/cmake /num4_ws/src/rosx_introspection -DCMAKE_INSTALL_PREFIX=/num4_ws/install/rosx_introspection
[0.269s] -- The CXX compiler identification is GNU 11.4.0
[0.300s] -- Detecting CXX compiler ABI info
[0.445s] -- Detecting CXX compiler ABI info - done
[0.497s] -- Check for working CXX compiler: /usr/bin/c++ - skipped
[0.499s] -- Detecting CXX compile features
[0.501s] -- Detecting CXX compile features - done
[1.100s] -- Found Python3: /usr/local/bin/python3 (found version "3.10.12") found components: Interpreter
[1.314s] -- Found rosbag2_cpp: 0.15.12 (/opt/ros/humble/install/share/rosbag2_cpp/cmake)
[1.493s] -- Found rosidl_generator_c: 3.1.5 (/opt/ros/humble/install/share/rosidl_generator_c/cmake)
[1.503s] -- Found rosidl_adapter: 3.1.5 (/opt/ros/humble/install/share/rosidl_adapter/cmake)
[1.520s] -- Found rosidl_generator_cpp: 3.1.5 (/opt/ros/humble/install/share/rosidl_generator_cpp/cmake)
[1.545s] -- Using all available rosidl_typesupport_c: rosidl_typesupport_fastrtps_c;rosidl_typesupport_introspection_c
[1.572s] -- Using all available rosidl_typesupport_cpp: rosidl_typesupport_fastrtps_cpp;rosidl_typesupport_introspection_cpp
[1.663s] -- Found rmw_implementation_cmake: 6.1.2 (/opt/ros/humble/install/share/rmw_implementation_cmake/cmake)
[1.668s] -- Found rmw_cyclonedds_cpp: 1.3.4 (/opt/ros/humble/install/share/rmw_cyclonedds_cpp/cmake)
[1.715s] -- Using RMW implementation 'rmw_cyclonedds_cpp' as default
[1.731s] -- Performing Test CMAKE_HAVE_LIBC_PTHREAD
[1.858s] -- Performing Test CMAKE_HAVE_LIBC_PTHREAD - Success
[1.861s] -- Found Threads: TRUE
[2.026s] -- Downloading RapidJSON with CPM
[2.026s] -- CPM: Adding package rapidjson@1.1.0 (v1.1.0)
[2.027s] [33mCMake Warning (dev) at /usr/local/lib/python3.10/dist-packages/cmake/data/share/cmake-3.30/Modules/FetchContent.cmake:1953 (message):
[2.027s]   Calling FetchContent_Populate(rapidjson) is deprecated, call
[2.028s]   FetchContent_MakeAvailable(rapidjson) instead.  Policy CMP0169 can be set
[2.028s]   to OLD to allow FetchContent_Populate(rapidjson) to be called directly for
[2.028s]   now, but the ability to call it with declared details will be removed
[2.028s]   completely in a future version.
[2.028s] Call Stack (most recent call first):
[2.028s]   /num4_ws/build/rosx_introspection/cmake/CPM_0.40.0.cmake:1074 (FetchContent_Populate)
[2.028s]   /num4_ws/build/rosx_introspection/cmake/CPM_0.40.0.cmake:868 (cpm_fetch_package)
[2.028s]   CMakeLists.txt:60 (CPMAddPackage)
[2.028s] This warning is for project developers.  Use -Wno-dev to suppress it.
[2.028s] [0m
[7.590s] [0mCMake Deprecation Warning at /num4_ws/build/rosx_introspection/_deps/rapidjson-src/CMakeLists.txt:1 (CMAKE_MINIMUM_REQUIRED):
[7.591s]   Compatibility with CMake < 3.5 will be removed from a future version of
[7.591s]   CMake.
[7.591s] 
[7.591s]   Update the VERSION argument <min> value or use a ...<max> suffix to tell
[7.591s]   CMake that the project does not need compatibility with older versions.
[7.592s] 
[7.592s] [0m
[7.592s] [33mCMake Warning (dev) at /num4_ws/build/rosx_introspection/_deps/rapidjson-src/CMakeLists.txt:12 (PROJECT):
[7.592s]   Policy CMP0048 is not set: project() command manages VERSION variables.
[7.592s]   Run "cmake --help-policy CMP0048" for policy details.  Use the cmake_policy
[7.593s]   command to set the policy and suppress this warning.
[7.593s] 
[7.593s]   The following variable(s) would be set to empty:
[7.593s] 
[7.594s]     PROJECT_VERSION
[7.594s]     PROJECT_VERSION_MAJOR
[7.594s]     PROJECT_VERSION_MINOR
[7.594s]     PROJECT_VERSION_PATCH
[7.594s] This warning is for project developers.  Use -Wno-dev to suppress it.
[7.595s] [0m
[7.603s] -- Found sensor_msgs: 4.2.4 (/opt/ros/humble/install/share/sensor_msgs/cmake)
[7.707s] -- Found ament_cmake_gtest: 1.3.10 (/opt/ros/humble/install/share/ament_cmake_gtest/cmake)
[7.711s] -- Found gtest sources under '/opt/ros/humble/install/src/gtest_vendor': C++ tests using 'Google Test' will be built
[7.791s] -- The C compiler identification is GNU 11.4.0
[7.812s] -- Detecting C compiler ABI info
[7.945s] -- Detecting C compiler ABI info - done
[7.997s] -- Check for working C compiler: /usr/bin/cc - skipped
[7.999s] -- Detecting C compile features
[8.000s] -- Detecting C compile features - done
[8.047s] -- Found GTest: /usr/lib/aarch64-linux-gnu/cmake/GTest/GTestConfig.cmake (found version "1.11.0")
[8.196s] -- Configuring done (8.0s)
[8.267s] -- Generating done (0.1s)
[8.267s] -- Build files have been written to: /num4_ws/build/rosx_introspection
[8.313s] Invoked command in '/num4_ws/build/rosx_introspection' returned '0': PS1=\[\e[1;35m\]\u@\h:\[\e[1;34m\]\w\[\e[0m\]\$ /usr/local/bin/cmake /num4_ws/src/rosx_introspection -DCMAKE_INSTALL_PREFIX=/num4_ws/install/rosx_introspection
[8.317s] Invoking command in '/num4_ws/build/rosx_introspection': PS1=\[\e[1;35m\]\u@\h:\[\e[1;34m\]\w\[\e[0m\]\$ /usr/local/bin/cmake --build /num4_ws/build/rosx_introspection -- -j8 -l8
[8.484s] [ 10%] [32mBuilding CXX object CMakeFiles/rosx_introspection.dir/src/ros_type.cpp.o[0m
[8.484s] [ 10%] [32mBuilding CXX object CMakeFiles/rosx_introspection.dir/src/ros_field.cpp.o[0m
[8.485s] [ 15%] [32mBuilding CXX object gtest/CMakeFiles/gtest_main.dir/src/gtest_main.cc.o[0m
[8.485s] [ 25%] [32mBuilding CXX object CMakeFiles/rosx_introspection.dir/src/stringtree_leaf.cpp.o[0m
[8.485s] [ 35%] [32mBuilding CXX object CMakeFiles/rosx_introspection.dir/src/ros_message.cpp.o[0m
[8.485s] [ 35%] [32mBuilding CXX object CMakeFiles/rosx_introspection.dir/src/ros_parser.cpp.o[0m
[8.485s] [ 35%] [32mBuilding CXX object gtest/CMakeFiles/gtest.dir/src/gtest-all.cc.o[0m
[8.488s] [ 40%] [32mBuilding CXX object CMakeFiles/rosx_introspection.dir/src/deserializer.cpp.o[0m
[9.029s] [01m[K/num4_ws/src/rosx_introspection/src/ros_parser.cpp:29:10:[m[K [01;31m[Kfatal error: [m[Krapidjson/document.h: No such file or directory
[9.029s]    29 | #include [01;31m[K"rapidjson/document.h"[m[K
[9.029s]       |          [01;31m[K^~~~~~~~~~~~~~~~~~~~~~[m[K
[9.029s] compilation terminated.
[9.033s] gmake[2]: *** [CMakeFiles/rosx_introspection.dir/build.make:132: CMakeFiles/rosx_introspection.dir/src/ros_parser.cpp.o] Error 1
[9.033s] gmake[2]: *** Waiting for unfinished jobs....
[10.340s] [ 45%] [32m[1mLinking CXX static library libgtest_main.a[0m
[10.368s] [ 45%] Built target gtest_main
[19.735s] gmake[1]: *** [CMakeFiles/Makefile2:177: CMakeFiles/rosx_introspection.dir/all] Error 2
[19.735s] gmake[1]: *** Waiting for unfinished jobs....
[24.257s] [ 50%] [32m[1mLinking CXX static library libgtest.a[0m
[24.390s] [ 50%] Built target gtest
[24.391s] gmake: *** [Makefile:146: all] Error 2
[24.418s] Invoked command in '/num4_ws/build/rosx_introspection' returned '2': PS1=\[\e[1;35m\]\u@\h:\[\e[1;34m\]\w\[\e[0m\]\$ /usr/local/bin/cmake --build /num4_ws/build/rosx_introspection -- -j8 -l8
