-- Found ament_cmake: 1.3.10 (/opt/ros/humble/install/share/ament_cmake/cmake)
-- Override CMake install command with custom implementation using symlinks instead of copying resources
-- Found rclcpp: 16.0.10 (/opt/ros/humble/install/share/rclcpp/cmake)
-- Found rosidl_generator_c: 3.1.5 (/opt/ros/humble/install/share/rosidl_generator_c/cmake)
-- Found rosidl_adapter: 3.1.5 (/opt/ros/humble/install/share/rosidl_adapter/cmake)
-- Found rosidl_generator_cpp: 3.1.5 (/opt/ros/humble/install/share/rosidl_generator_cpp/cmake)
-- Using all available rosidl_typesupport_c: rosidl_typesupport_fastrtps_c;rosidl_typesupport_introspection_c
-- Using all available rosidl_typesupport_cpp: rosidl_typesupport_fastrtps_cpp;rosidl_typesupport_introspection_cpp
-- Found rmw_implementation_cmake: 6.1.2 (/opt/ros/humble/install/share/rmw_implementation_cmake/cmake)
-- Found rmw_cyclonedds_cpp: 1.3.4 (/opt/ros/humble/install/share/rmw_cyclonedds_cpp/cmake)
-- Using RMW implementation 'rmw_cyclonedds_cpp' as default
-- Found rclcpp_components: 16.0.10 (/opt/ros/humble/install/share/rclcpp_components/cmake)
-- Found geometry_msgs: 4.2.4 (/opt/ros/humble/install/share/geometry_msgs/cmake)
-- Found tf2_geometry_msgs: 0.25.8 (/opt/ros/humble/install/share/tf2_geometry_msgs/cmake)
-- Found eigen3_cmake_module: 0.1.1 (/opt/ros/humble/install/share/eigen3_cmake_module/cmake)
-- Ensuring Eigen3 include directory is part of orocos-kdl CMake target
-- Found sensor_msgs: 4.2.4 (/opt/ros/humble/install/share/sensor_msgs/cmake)
-- Configuring done (1.5s)
-- Generating done (0.1s)
-- Build files have been written to: /num4_ws/build/imu_filter_madgwick
[ 66%] Built target imu_filter_madgwick
[100%] Built target imu_filter_madgwick_node
-- Install configuration: ""
-- Execute custom install script
-- Up-to-date symlink: /num4_ws/install/imu_filter_madgwick/include/imu_filter_madgwick/base_node.hpp
-- Up-to-date symlink: /num4_ws/install/imu_filter_madgwick/include/imu_filter_madgwick/imu_filter.h
-- Up-to-date symlink: /num4_ws/install/imu_filter_madgwick/include/imu_filter_madgwick/imu_filter_ros.h
-- Up-to-date symlink: /num4_ws/install/imu_filter_madgwick/include/imu_filter_madgwick/stateless_orientation.h
-- Up-to-date symlink: /num4_ws/install/imu_filter_madgwick/include/imu_filter_madgwick/visibility_control.h
-- Up-to-date symlink: /num4_ws/install/imu_filter_madgwick/include/imu_filter_madgwick/world_frame.h
-- Up-to-date symlink: /num4_ws/install/imu_filter_madgwick/lib/imu_filter_madgwick/imu_filter_madgwick_node
-- Up-to-date symlink: /num4_ws/install/imu_filter_madgwick/share/imu_filter_madgwick/launch/imu_filter.launch.py
-- Up-to-date symlink: /num4_ws/install/imu_filter_madgwick/share/imu_filter_madgwick/launch/imu_filter_component.launch.py
-- Up-to-date symlink: /num4_ws/install/imu_filter_madgwick/share/imu_filter_madgwick/config/imu_filter.yaml
-- Up-to-date symlink: /num4_ws/install/imu_filter_madgwick/share/imu_filter_madgwick/environment/library_path.sh
-- Up-to-date symlink: /num4_ws/install/imu_filter_madgwick/share/imu_filter_madgwick/environment/library_path.dsv
-- Up-to-date symlink: /num4_ws/install/imu_filter_madgwick/share/ament_index/resource_index/package_run_dependencies/imu_filter_madgwick
-- Up-to-date symlink: /num4_ws/install/imu_filter_madgwick/share/ament_index/resource_index/parent_prefix_path/imu_filter_madgwick
-- Up-to-date symlink: /num4_ws/install/imu_filter_madgwick/share/imu_filter_madgwick/environment/ament_prefix_path.sh
-- Up-to-date symlink: /num4_ws/install/imu_filter_madgwick/share/imu_filter_madgwick/environment/ament_prefix_path.dsv
-- Up-to-date symlink: /num4_ws/install/imu_filter_madgwick/share/imu_filter_madgwick/environment/path.sh
-- Up-to-date symlink: /num4_ws/install/imu_filter_madgwick/share/imu_filter_madgwick/environment/path.dsv
-- Up-to-date symlink: /num4_ws/install/imu_filter_madgwick/share/imu_filter_madgwick/local_setup.bash
-- Up-to-date symlink: /num4_ws/install/imu_filter_madgwick/share/imu_filter_madgwick/local_setup.sh
-- Up-to-date symlink: /num4_ws/install/imu_filter_madgwick/share/imu_filter_madgwick/local_setup.zsh
-- Up-to-date symlink: /num4_ws/install/imu_filter_madgwick/share/imu_filter_madgwick/local_setup.dsv
-- Symlinking: /num4_ws/install/imu_filter_madgwick/share/imu_filter_madgwick/package.dsv
-- Up-to-date symlink: /num4_ws/install/imu_filter_madgwick/share/ament_index/resource_index/packages/imu_filter_madgwick
-- Up-to-date symlink: /num4_ws/install/imu_filter_madgwick/share/ament_index/resource_index/rclcpp_components/imu_filter_madgwick
-- Up-to-date symlink: /num4_ws/install/imu_filter_madgwick/share/imu_filter_madgwick/cmake/ament_cmake_export_include_directories-extras.cmake
-- Up-to-date symlink: /num4_ws/install/imu_filter_madgwick/share/imu_filter_madgwick/cmake/ament_cmake_export_libraries-extras.cmake
-- Up-to-date symlink: /num4_ws/install/imu_filter_madgwick/share/imu_filter_madgwick/cmake/ament_cmake_export_targets-extras.cmake
-- Up-to-date symlink: /num4_ws/install/imu_filter_madgwick/share/imu_filter_madgwick/cmake/imu_filter_madgwickConfig.cmake
-- Up-to-date symlink: /num4_ws/install/imu_filter_madgwick/share/imu_filter_madgwick/cmake/imu_filter_madgwickConfig-version.cmake
-- Up-to-date symlink: /num4_ws/install/imu_filter_madgwick/share/imu_filter_madgwick/package.xml
-- Up-to-date: /num4_ws/install/imu_filter_madgwick/lib/libimu_filter_madgwick.so
-- Up-to-date: /num4_ws/install/imu_filter_madgwick/share/imu_filter_madgwick/cmake/export_imu_filter_madgwickExport.cmake
-- Up-to-date: /num4_ws/install/imu_filter_madgwick/share/imu_filter_madgwick/cmake/export_imu_filter_madgwickExport-noconfig.cmake
