/usr/local/lib/python3.10/dist-packages/setuptools/_distutils/dist.py:261: UserWarning: Unknown distribution option: 'tests_require'
  warnings.warn(msg)
running develop
/usr/local/lib/python3.10/dist-packages/setuptools/command/develop.py:41: EasyInstallDeprecationWarning: easy_install command is deprecated.
!!

        ********************************************************************************
        Please avoid running ``setup.py`` and ``easy_install``.
        Instead, use pypa/build, pypa/installer or other
        standards-based tools.

        See https://github.com/pypa/setuptools/issues/917 for details.
        ********************************************************************************

!!
  easy_install.initialize_options(self)
running egg_info
creating pc2image.egg-info
writing pc2image.egg-info/PKG-INFO
writing dependency_links to pc2image.egg-info/dependency_links.txt
writing requirements to pc2image.egg-info/requires.txt
writing top-level names to pc2image.egg-info/top_level.txt
writing manifest file 'pc2image.egg-info/SOURCES.txt'
reading manifest file 'pc2image.egg-info/SOURCES.txt'
writing manifest file 'pc2image.egg-info/SOURCES.txt'
running build_ext
Creating /num4_ws/install/pc2image/lib/python3.10/site-packages/pc2image.egg-link (link to .)

Installed /num4_ws/build/pc2image
running symlink_data
creating /num4_ws/install/pc2image/share/ament_index/resource_index/packages
symbolically linking /num4_ws/build/pc2image/resource/pc2image -> /num4_ws/install/pc2image/share/ament_index/resource_index/packages
symbolically linking /num4_ws/build/pc2image/package.xml -> /num4_ws/install/pc2image/share/pc2image
