[1.423s] Invoking command in '/num4_ws/build/pc2image': PS1=\[\e[1;35m\]\u@\h:\[\e[1;34m\]\w\[\e[0m\]\$ PYTHONPATH=/num4_ws/build/pc2image/prefix_override:/usr/lib/python3/dist-packages/colcon_core/task/python/colcon_distutils_commands:/num4_ws/install/pc2image/lib/python3.10/site-packages:${PYTHONPATH} /usr/bin/python3 -W ignore:setup.py install is deprecated setup.py develop --editable --build-directory /num4_ws/build/pc2image/build --no-deps symlink_data
[1.676s] /usr/local/lib/python3.10/dist-packages/setuptools/_distutils/dist.py:261: UserWarning: Unknown distribution option: 'tests_require'
[1.676s]   warnings.warn(msg)
[1.943s] running develop
[1.944s] /usr/local/lib/python3.10/dist-packages/setuptools/command/develop.py:41: EasyInstallDeprecationWarning: easy_install command is deprecated.
[1.944s] !!
[1.944s] 
[1.944s]         ********************************************************************************
[1.944s]         Please avoid running ``setup.py`` and ``easy_install``.
[1.944s]         Instead, use pypa/build, pypa/installer or other
[1.944s]         standards-based tools.
[1.944s] 
[1.944s]         See https://github.com/pypa/setuptools/issues/917 for details.
[1.944s]         ********************************************************************************
[1.945s] 
[1.945s] !!
[1.945s]   easy_install.initialize_options(self)
[2.278s] running egg_info
[2.278s] creating pc2image.egg-info
[2.303s] writing pc2image.egg-info/PKG-INFO
[2.304s] writing dependency_links to pc2image.egg-info/dependency_links.txt
[2.304s] writing requirements to pc2image.egg-info/requires.txt
[2.304s] writing top-level names to pc2image.egg-info/top_level.txt
[2.305s] writing manifest file 'pc2image.egg-info/SOURCES.txt'
[2.356s] reading manifest file 'pc2image.egg-info/SOURCES.txt'
[2.357s] writing manifest file 'pc2image.egg-info/SOURCES.txt'
[2.438s] running build_ext
[2.438s] Creating /num4_ws/install/pc2image/lib/python3.10/site-packages/pc2image.egg-link (link to .)
[2.440s] 
[2.440s] Installed /num4_ws/build/pc2image
[2.440s] running symlink_data
[2.440s] creating /num4_ws/install/pc2image/share/ament_index/resource_index/packages
[2.441s] symbolically linking /num4_ws/build/pc2image/resource/pc2image -> /num4_ws/install/pc2image/share/ament_index/resource_index/packages
[2.441s] symbolically linking /num4_ws/build/pc2image/package.xml -> /num4_ws/install/pc2image/share/pc2image
[2.508s] Invoked command in '/num4_ws/build/pc2image' returned '0': PS1=\[\e[1;35m\]\u@\h:\[\e[1;34m\]\w\[\e[0m\]\$ PYTHONPATH=/num4_ws/build/pc2image/prefix_override:/usr/lib/python3/dist-packages/colcon_core/task/python/colcon_distutils_commands:/num4_ws/install/pc2image/lib/python3.10/site-packages:${PYTHONPATH} /usr/bin/python3 -W ignore:setup.py install is deprecated setup.py develop --editable --build-directory /num4_ws/build/pc2image/build --no-deps symlink_data
