[0.039s] Invoking command in '/num4_ws/build/imu_tools': AMENT_PREFIX_PATH=/num4_ws/install/rviz_imu_plugin:/num4_ws/install/imu_filter_madgwick:/num4_ws/install/imu_complementary_filter:${AMENT_PREFIX_PATH} CMAKE_PREFIX_PATH=/num4_ws/install/rviz_imu_plugin:/num4_ws/install/imu_filter_madgwick:/num4_ws/install/imu_complementary_filter:${CMAKE_PREFIX_PATH} LD_LIBRARY_PATH=/num4_ws/install/rviz_imu_plugin/lib:/num4_ws/install/imu_filter_madgwick/lib:/num4_ws/install/imu_complementary_filter/lib:/ros2_ws/install/realsense2_camera/lib:/ros2_ws/install/realsense2_camera_msgs/lib:/ros2_ws/install/livox_ros_driver2/lib:/ros2_ws/install/diagnostic_updater/lib:/opt/ros/humble/install/opt/rviz_ogre_vendor/lib:/opt/ros/humble/install/lib:/usr/local/cuda/compat:/usr/local/cuda/lib64 PS1=\[\e[1;35m\]\u@\h:\[\e[1;34m\]\w\[\e[0m\]\$ /usr/local/bin/cmake /num4_ws/src/imu_tools/imu_tools -DBUILD_TESTING=OFF -DCMAKE_INSTALL_PREFIX=/num4_ws/install/imu_tools
[0.248s] -- The C compiler identification is GNU 11.4.0
[0.343s] -- The CXX compiler identification is GNU 11.4.0
[0.376s] -- Detecting C compiler ABI info
[0.485s] -- Detecting C compiler ABI info - done
[0.508s] -- Check for working C compiler: /usr/bin/cc - skipped
[0.508s] -- Detecting C compile features
[0.509s] -- Detecting C compile features - done
[0.517s] -- Detecting CXX compiler ABI info
[0.636s] -- Detecting CXX compiler ABI info - done
[0.660s] -- Check for working CXX compiler: /usr/bin/c++ - skipped
[0.661s] -- Detecting CXX compile features
[0.662s] -- Detecting CXX compile features - done
[0.667s] -- Found ament_cmake: 1.3.10 (/opt/ros/humble/install/share/ament_cmake/cmake)
[0.916s] -- Found Python3: /usr/local/bin/python3 (found version "3.10.12") found components: Interpreter
[1.199s] -- Configuring done (1.0s)
[1.206s] -- Generating done (0.0s)
[1.207s] -- Build files have been written to: /num4_ws/build/imu_tools
[1.240s] Invoked command in '/num4_ws/build/imu_tools' returned '0': AMENT_PREFIX_PATH=/num4_ws/install/rviz_imu_plugin:/num4_ws/install/imu_filter_madgwick:/num4_ws/install/imu_complementary_filter:${AMENT_PREFIX_PATH} CMAKE_PREFIX_PATH=/num4_ws/install/rviz_imu_plugin:/num4_ws/install/imu_filter_madgwick:/num4_ws/install/imu_complementary_filter:${CMAKE_PREFIX_PATH} LD_LIBRARY_PATH=/num4_ws/install/rviz_imu_plugin/lib:/num4_ws/install/imu_filter_madgwick/lib:/num4_ws/install/imu_complementary_filter/lib:/ros2_ws/install/realsense2_camera/lib:/ros2_ws/install/realsense2_camera_msgs/lib:/ros2_ws/install/livox_ros_driver2/lib:/ros2_ws/install/diagnostic_updater/lib:/opt/ros/humble/install/opt/rviz_ogre_vendor/lib:/opt/ros/humble/install/lib:/usr/local/cuda/compat:/usr/local/cuda/lib64 PS1=\[\e[1;35m\]\u@\h:\[\e[1;34m\]\w\[\e[0m\]\$ /usr/local/bin/cmake /num4_ws/src/imu_tools/imu_tools -DBUILD_TESTING=OFF -DCMAKE_INSTALL_PREFIX=/num4_ws/install/imu_tools
[1.242s] Invoking command in '/num4_ws/build/imu_tools': AMENT_PREFIX_PATH=/num4_ws/install/rviz_imu_plugin:/num4_ws/install/imu_filter_madgwick:/num4_ws/install/imu_complementary_filter:${AMENT_PREFIX_PATH} CMAKE_PREFIX_PATH=/num4_ws/install/rviz_imu_plugin:/num4_ws/install/imu_filter_madgwick:/num4_ws/install/imu_complementary_filter:${CMAKE_PREFIX_PATH} LD_LIBRARY_PATH=/num4_ws/install/rviz_imu_plugin/lib:/num4_ws/install/imu_filter_madgwick/lib:/num4_ws/install/imu_complementary_filter/lib:/ros2_ws/install/realsense2_camera/lib:/ros2_ws/install/realsense2_camera_msgs/lib:/ros2_ws/install/livox_ros_driver2/lib:/ros2_ws/install/diagnostic_updater/lib:/opt/ros/humble/install/opt/rviz_ogre_vendor/lib:/opt/ros/humble/install/lib:/usr/local/cuda/compat:/usr/local/cuda/lib64 PS1=\[\e[1;35m\]\u@\h:\[\e[1;34m\]\w\[\e[0m\]\$ /usr/local/bin/cmake --build /num4_ws/build/imu_tools -- -j8 -l8
[1.411s] Invoked command in '/num4_ws/build/imu_tools' returned '0': AMENT_PREFIX_PATH=/num4_ws/install/rviz_imu_plugin:/num4_ws/install/imu_filter_madgwick:/num4_ws/install/imu_complementary_filter:${AMENT_PREFIX_PATH} CMAKE_PREFIX_PATH=/num4_ws/install/rviz_imu_plugin:/num4_ws/install/imu_filter_madgwick:/num4_ws/install/imu_complementary_filter:${CMAKE_PREFIX_PATH} LD_LIBRARY_PATH=/num4_ws/install/rviz_imu_plugin/lib:/num4_ws/install/imu_filter_madgwick/lib:/num4_ws/install/imu_complementary_filter/lib:/ros2_ws/install/realsense2_camera/lib:/ros2_ws/install/realsense2_camera_msgs/lib:/ros2_ws/install/livox_ros_driver2/lib:/ros2_ws/install/diagnostic_updater/lib:/opt/ros/humble/install/opt/rviz_ogre_vendor/lib:/opt/ros/humble/install/lib:/usr/local/cuda/compat:/usr/local/cuda/lib64 PS1=\[\e[1;35m\]\u@\h:\[\e[1;34m\]\w\[\e[0m\]\$ /usr/local/bin/cmake --build /num4_ws/build/imu_tools -- -j8 -l8
[1.580s] Invoking command in '/num4_ws/build/imu_tools': AMENT_PREFIX_PATH=/num4_ws/install/rviz_imu_plugin:/num4_ws/install/imu_filter_madgwick:/num4_ws/install/imu_complementary_filter:${AMENT_PREFIX_PATH} CMAKE_PREFIX_PATH=/num4_ws/install/rviz_imu_plugin:/num4_ws/install/imu_filter_madgwick:/num4_ws/install/imu_complementary_filter:${CMAKE_PREFIX_PATH} LD_LIBRARY_PATH=/num4_ws/install/rviz_imu_plugin/lib:/num4_ws/install/imu_filter_madgwick/lib:/num4_ws/install/imu_complementary_filter/lib:/ros2_ws/install/realsense2_camera/lib:/ros2_ws/install/realsense2_camera_msgs/lib:/ros2_ws/install/livox_ros_driver2/lib:/ros2_ws/install/diagnostic_updater/lib:/opt/ros/humble/install/opt/rviz_ogre_vendor/lib:/opt/ros/humble/install/lib:/usr/local/cuda/compat:/usr/local/cuda/lib64 PS1=\[\e[1;35m\]\u@\h:\[\e[1;34m\]\w\[\e[0m\]\$ /usr/local/bin/cmake --install /num4_ws/build/imu_tools
[1.699s] -- Install configuration: ""
[1.699s] -- Installing: /num4_ws/install/imu_tools/share/ament_index/resource_index/package_run_dependencies/imu_tools
[1.699s] -- Installing: /num4_ws/install/imu_tools/share/ament_index/resource_index/parent_prefix_path/imu_tools
[1.699s] -- Installing: /num4_ws/install/imu_tools/share/imu_tools/environment/ament_prefix_path.sh
[1.699s] -- Installing: /num4_ws/install/imu_tools/share/imu_tools/environment/ament_prefix_path.dsv
[1.699s] -- Installing: /num4_ws/install/imu_tools/share/imu_tools/environment/path.sh
[1.700s] -- Installing: /num4_ws/install/imu_tools/share/imu_tools/environment/path.dsv
[1.700s] -- Installing: /num4_ws/install/imu_tools/share/imu_tools/local_setup.bash
[1.700s] -- Installing: /num4_ws/install/imu_tools/share/imu_tools/local_setup.sh
[1.700s] -- Installing: /num4_ws/install/imu_tools/share/imu_tools/local_setup.zsh
[1.700s] -- Installing: /num4_ws/install/imu_tools/share/imu_tools/local_setup.dsv
[1.700s] -- Installing: /num4_ws/install/imu_tools/share/imu_tools/package.dsv
[1.700s] -- Installing: /num4_ws/install/imu_tools/share/ament_index/resource_index/packages/imu_tools
[1.700s] -- Installing: /num4_ws/install/imu_tools/share/imu_tools/cmake/imu_toolsConfig.cmake
[1.700s] -- Installing: /num4_ws/install/imu_tools/share/imu_tools/cmake/imu_toolsConfig-version.cmake
[1.701s] -- Installing: /num4_ws/install/imu_tools/share/imu_tools/package.xml
[1.729s] Invoked command in '/num4_ws/build/imu_tools' returned '0': AMENT_PREFIX_PATH=/num4_ws/install/rviz_imu_plugin:/num4_ws/install/imu_filter_madgwick:/num4_ws/install/imu_complementary_filter:${AMENT_PREFIX_PATH} CMAKE_PREFIX_PATH=/num4_ws/install/rviz_imu_plugin:/num4_ws/install/imu_filter_madgwick:/num4_ws/install/imu_complementary_filter:${CMAKE_PREFIX_PATH} LD_LIBRARY_PATH=/num4_ws/install/rviz_imu_plugin/lib:/num4_ws/install/imu_filter_madgwick/lib:/num4_ws/install/imu_complementary_filter/lib:/ros2_ws/install/realsense2_camera/lib:/ros2_ws/install/realsense2_camera_msgs/lib:/ros2_ws/install/livox_ros_driver2/lib:/ros2_ws/install/diagnostic_updater/lib:/opt/ros/humble/install/opt/rviz_ogre_vendor/lib:/opt/ros/humble/install/lib:/usr/local/cuda/compat:/usr/local/cuda/lib64 PS1=\[\e[1;35m\]\u@\h:\[\e[1;34m\]\w\[\e[0m\]\$ /usr/local/bin/cmake --install /num4_ws/build/imu_tools
