[0.118s] Invoking command in '/num4_ws/build/rosx_introspection': PS1=\[\e[1;35m\]\u@\h:\[\e[1;34m\]\w\[\e[0m\]\$ /usr/local/bin/cmake /num4_ws/src/rosx_introspection -DAMENT_CMAKE_SYMLINK_INSTALL=1 -DCMAKE_INSTALL_PREFIX=/num4_ws/install/rosx_introspection
[0.760s] -- Override CMake install command with custom implementation using symlinks instead of copying resources
[0.775s] -- Found rosbag2_cpp: 0.15.12 (/opt/ros/humble/install/share/rosbag2_cpp/cmake)
[0.889s] -- Found rosidl_generator_c: 3.1.5 (/opt/ros/humble/install/share/rosidl_generator_c/cmake)
[0.895s] -- Found rosidl_adapter: 3.1.5 (/opt/ros/humble/install/share/rosidl_adapter/cmake)
[0.908s] -- Found rosidl_generator_cpp: 3.1.5 (/opt/ros/humble/install/share/rosidl_generator_cpp/cmake)
[0.929s] -- Using all available rosidl_typesupport_c: rosidl_typesupport_fastrtps_c;rosidl_typesupport_introspection_c
[0.953s] -- Using all available rosidl_typesupport_cpp: rosidl_typesupport_fastrtps_cpp;rosidl_typesupport_introspection_cpp
[1.023s] -- Found rmw_implementation_cmake: 6.1.2 (/opt/ros/humble/install/share/rmw_implementation_cmake/cmake)
[1.026s] -- Found rmw_cyclonedds_cpp: 1.3.4 (/opt/ros/humble/install/share/rmw_cyclonedds_cpp/cmake)
[1.065s] -- Using RMW implementation 'rmw_cyclonedds_cpp' as default
[1.207s] -- RapidJSON found. Headers: /num4_ws/install/rosx_introspection/include
[1.397s] -- Configuring done (1.1s)
[1.437s] -- Generating done (0.0s)
[1.438s] -- Build files have been written to: /num4_ws/build/rosx_introspection
[1.580s] Invoked command in '/num4_ws/build/rosx_introspection' returned '0': PS1=\[\e[1;35m\]\u@\h:\[\e[1;34m\]\w\[\e[0m\]\$ /usr/local/bin/cmake /num4_ws/src/rosx_introspection -DAMENT_CMAKE_SYMLINK_INSTALL=1 -DCMAKE_INSTALL_PREFIX=/num4_ws/install/rosx_introspection
[1.581s] Invoking command in '/num4_ws/build/rosx_introspection': PS1=\[\e[1;35m\]\u@\h:\[\e[1;34m\]\w\[\e[0m\]\$ /usr/local/bin/cmake --build /num4_ws/build/rosx_introspection -- -j8 -l8
[1.790s] [ 10%] [32mBuilding CXX object CMakeFiles/rosx_introspection.dir/src/ros_parser.cpp.o[0m
[2.223s] [01m[K/num4_ws/src/rosx_introspection/src/ros_parser.cpp:29:10:[m[K [01;31m[Kfatal error: [m[Krapidjson/document.h: No such file or directory
[2.223s]    29 | #include [01;31m[K"rapidjson/document.h"[m[K
[2.223s]       |          [01;31m[K^~~~~~~~~~~~~~~~~~~~~~[m[K
[2.223s] compilation terminated.
[2.225s] gmake[2]: *** [CMakeFiles/rosx_introspection.dir/build.make:132: CMakeFiles/rosx_introspection.dir/src/ros_parser.cpp.o] Error 1
[2.225s] gmake[1]: *** [CMakeFiles/Makefile2:137: CMakeFiles/rosx_introspection.dir/all] Error 2
[2.226s] gmake: *** [Makefile:146: all] Error 2
[2.256s] Invoked command in '/num4_ws/build/rosx_introspection' returned '2': PS1=\[\e[1;35m\]\u@\h:\[\e[1;34m\]\w\[\e[0m\]\$ /usr/local/bin/cmake --build /num4_ws/build/rosx_introspection -- -j8 -l8
