[0.057s] Invoking command in '/num4_ws/build/livox_to_pointcloud2': PS1=\[\e[1;35m\]\u@\h:\[\e[1;34m\]\w\[\e[0m\]\$ /usr/local/bin/cmake /num4_ws/src/livox_to_pointcloud2 -DBUILD_TESTING=OFF -DCMAKE_INSTALL_PREFIX=/num4_ws/install/livox_to_pointcloud2
[0.189s] -- Found ament_cmake_auto: 1.3.10 (/opt/ros/humble/install/share/ament_cmake_auto/cmake)
[0.578s] -- Override CMake install command with custom implementation using symlinks instead of copying resources
[0.783s] -- Found rosidl_generator_c: 3.1.5 (/opt/ros/humble/install/share/rosidl_generator_c/cmake)
[0.789s] -- Found rosidl_adapter: 3.1.5 (/opt/ros/humble/install/share/rosidl_adapter/cmake)
[0.801s] -- Found rosidl_generator_cpp: 3.1.5 (/opt/ros/humble/install/share/rosidl_generator_cpp/cmake)
[0.822s] -- Using all available rosidl_typesupport_c: rosidl_typesupport_fastrtps_c;rosidl_typesupport_introspection_c
[0.849s] -- Using all available rosidl_typesupport_cpp: rosidl_typesupport_fastrtps_cpp;rosidl_typesupport_introspection_cpp
[0.918s] -- Found rmw_implementation_cmake: 6.1.2 (/opt/ros/humble/install/share/rmw_implementation_cmake/cmake)
[0.921s] -- Found rmw_cyclonedds_cpp: 1.3.4 (/opt/ros/humble/install/share/rmw_cyclonedds_cpp/cmake)
[0.960s] -- Using RMW implementation 'rmw_cyclonedds_cpp' as default
[1.272s] [33mCMake Warning (dev) at /usr/lib/aarch64-linux-gnu/cmake/pcl/PCLConfig.cmake:146 (find_package):
[1.273s]   Policy CMP0144 is not set: find_package uses upper-case <PACKAGENAME>_ROOT
[1.273s]   variables.  Run "cmake --help-policy CMP0144" for policy details.  Use the
[1.273s]   cmake_policy command to set the policy and suppress this warning.
[1.273s] 
[1.273s]   CMake variable EIGEN_ROOT is set to:
[1.273s] 
[1.273s]     /usr/include/eigen3
[1.273s] 
[1.273s]   For compatibility, find_package is ignoring the variable, but code in a
[1.273s]   .cmake module might still use it.
[1.273s] Call Stack (most recent call first):
[1.274s]   /usr/lib/aarch64-linux-gnu/cmake/pcl/PCLConfig.cmake:299 (find_eigen)
[1.274s]   /usr/lib/aarch64-linux-gnu/cmake/pcl/PCLConfig.cmake:543 (find_external_library)
[1.274s]   /opt/ros/humble/install/share/pcl_conversions/cmake/ament_cmake_export_dependencies-extras.cmake:21 (find_package)
[1.274s]   /opt/ros/humble/install/share/pcl_conversions/cmake/pcl_conversionsConfig.cmake:41 (include)
[1.274s]   /ros2_ws/install/livox_ros_driver2/share/livox_ros_driver2/cmake/ament_cmake_export_dependencies-extras.cmake:21 (find_package)
[1.274s]   /ros2_ws/install/livox_ros_driver2/share/livox_ros_driver2/cmake/livox_ros_driver2Config.cmake:41 (include)
[1.274s]   /opt/ros/humble/install/share/ament_cmake_auto/cmake/ament_auto_find_build_dependencies.cmake:67 (find_package)
[1.274s]   CMakeLists.txt:42 (ament_auto_find_build_dependencies)
[1.274s] This warning is for project developers.  Use -Wno-dev to suppress it.
[1.274s] [0m
[1.284s] -- Eigen found (include: /usr/include/eigen3, version: 3.4.0)
[1.284s] [33mCMake Warning (dev) at /usr/lib/aarch64-linux-gnu/cmake/pcl/PCLConfig.cmake:128 (find_package):
[1.284s]   Policy CMP0167 is not set: The FindBoost module is removed.  Run "cmake
[1.285s]   --help-policy CMP0167" for policy details.  Use the cmake_policy command to
[1.285s]   set the policy and suppress this warning.
[1.285s] 
[1.285s] Call Stack (most recent call first):
[1.285s]   /usr/lib/aarch64-linux-gnu/cmake/pcl/PCLConfig.cmake:297 (find_boost)
[1.285s]   /usr/lib/aarch64-linux-gnu/cmake/pcl/PCLConfig.cmake:543 (find_external_library)
[1.285s]   /opt/ros/humble/install/share/pcl_conversions/cmake/ament_cmake_export_dependencies-extras.cmake:21 (find_package)
[1.285s]   /opt/ros/humble/install/share/pcl_conversions/cmake/pcl_conversionsConfig.cmake:41 (include)
[1.285s]   /ros2_ws/install/livox_ros_driver2/share/livox_ros_driver2/cmake/ament_cmake_export_dependencies-extras.cmake:21 (find_package)
[1.285s]   /ros2_ws/install/livox_ros_driver2/share/livox_ros_driver2/cmake/livox_ros_driver2Config.cmake:41 (include)
[1.286s]   /opt/ros/humble/install/share/ament_cmake_auto/cmake/ament_auto_find_build_dependencies.cmake:67 (find_package)
[1.286s]   CMakeLists.txt:42 (ament_auto_find_build_dependencies)
[1.286s] This warning is for project developers.  Use -Wno-dev to suppress it.
[1.286s] [0m
[1.306s] [33mCMake Warning (dev) at /usr/lib/aarch64-linux-gnu/cmake/pcl/Modules/FindFLANN.cmake:44 (find_package):
[1.306s]   Policy CMP0144 is not set: find_package uses upper-case <PACKAGENAME>_ROOT
[1.306s]   variables.  Run "cmake --help-policy CMP0144" for policy details.  Use the
[1.306s]   cmake_policy command to set the policy and suppress this warning.
[1.306s] 
[1.306s]   CMake variable FLANN_ROOT is set to:
[1.307s] 
[1.307s]     /usr
[1.307s] 
[1.307s]   For compatibility, find_package is ignoring the variable, but code in a
[1.307s]   .cmake module might still use it.
[1.307s] Call Stack (most recent call first):
[1.307s]   /usr/lib/aarch64-linux-gnu/cmake/pcl/PCLConfig.cmake:256 (find_package)
[1.307s]   /usr/lib/aarch64-linux-gnu/cmake/pcl/PCLConfig.cmake:301 (find_flann)
[1.307s]   /usr/lib/aarch64-linux-gnu/cmake/pcl/PCLConfig.cmake:543 (find_external_library)
[1.307s]   /opt/ros/humble/install/share/pcl_conversions/cmake/ament_cmake_export_dependencies-extras.cmake:21 (find_package)
[1.307s]   /opt/ros/humble/install/share/pcl_conversions/cmake/pcl_conversionsConfig.cmake:41 (include)
[1.308s]   /ros2_ws/install/livox_ros_driver2/share/livox_ros_driver2/cmake/ament_cmake_export_dependencies-extras.cmake:21 (find_package)
[1.308s]   /ros2_ws/install/livox_ros_driver2/share/livox_ros_driver2/cmake/livox_ros_driver2Config.cmake:41 (include)
[1.308s]   /opt/ros/humble/install/share/ament_cmake_auto/cmake/ament_auto_find_build_dependencies.cmake:67 (find_package)
[1.308s]   CMakeLists.txt:42 (ament_auto_find_build_dependencies)
[1.308s] This warning is for project developers.  Use -Wno-dev to suppress it.
[1.308s] [0m
[1.349s] -- FLANN found (include: /usr/include, lib: /usr/lib/aarch64-linux-gnu/libflann_cpp.so)
[2.216s] -- OpenNI found (version: 1.5.4.0, include: /usr/include/ni, lib: /usr/lib/libOpenNI.so;libusb::libusb)
[2.232s] -- OpenNI2 found (version: 2.2.0.33, include: /usr/include/openni2, lib: /usr/lib/aarch64-linux-gnu/libOpenNI2.so;libusb::libusb)
[2.684s] [33mCMake Warning (dev) at /usr/lib/aarch64-linux-gnu/cmake/pcl/PCLConfig.cmake:128 (find_package):
[2.684s]   Policy CMP0167 is not set: The FindBoost module is removed.  Run "cmake
[2.684s]   --help-policy CMP0167" for policy details.  Use the cmake_policy command to
[2.685s]   set the policy and suppress this warning.
[2.685s] 
[2.685s] Call Stack (most recent call first):
[2.685s]   /usr/lib/aarch64-linux-gnu/cmake/pcl/PCLConfig.cmake:297 (find_boost)
[2.685s]   /usr/lib/aarch64-linux-gnu/cmake/pcl/PCLConfig.cmake:543 (find_external_library)
[2.685s]   /opt/ros/humble/install/share/pcl_conversions/cmake/ament_cmake_export_dependencies-extras.cmake:21 (find_package)
[2.685s]   /opt/ros/humble/install/share/pcl_conversions/cmake/pcl_conversionsConfig.cmake:41 (include)
[2.685s]   /ros2_ws/install/livox_ros_driver2/share/livox_ros_driver2/cmake/ament_cmake_export_dependencies-extras.cmake:21 (find_package)
[2.685s]   /ros2_ws/install/livox_ros_driver2/share/livox_ros_driver2/cmake/livox_ros_driver2Config.cmake:41 (include)
[2.685s]   /opt/ros/humble/install/share/ament_cmake_auto/cmake/ament_auto_find_build_dependencies.cmake:67 (find_package)
[2.685s]   CMakeLists.txt:42 (ament_auto_find_build_dependencies)
[2.686s] This warning is for project developers.  Use -Wno-dev to suppress it.
[2.686s] [0m
[2.709s] -- Eigen found (include: /usr/include/eigen3, version: 3.4.0)
[2.724s] -- OpenNI found (version: 1.5.4.0, include: /usr/include/ni, lib: /usr/lib/libOpenNI.so;libusb::libusb)
[2.737s] -- OpenNI2 found (version: 2.2.0.33, include: /usr/include/openni2, lib: /usr/lib/aarch64-linux-gnu/libOpenNI2.so;libusb::libusb)
[3.177s] -- Found Qhull version 8.0.2
[3.623s] -- OpenNI found (version: 1.5.4.0, include: /usr/include/ni, lib: /usr/lib/libOpenNI.so;libusb::libusb)
[4.095s] -- Found livox_ros_driver2
[4.119s] -- Configuring done (3.9s)
[4.168s] -- Generating done (0.0s)
[4.170s] -- Build files have been written to: /num4_ws/build/livox_to_pointcloud2
[4.236s] Invoked command in '/num4_ws/build/livox_to_pointcloud2' returned '0': PS1=\[\e[1;35m\]\u@\h:\[\e[1;34m\]\w\[\e[0m\]\$ /usr/local/bin/cmake /num4_ws/src/livox_to_pointcloud2 -DBUILD_TESTING=OFF -DCMAKE_INSTALL_PREFIX=/num4_ws/install/livox_to_pointcloud2
[4.239s] Invoking command in '/num4_ws/build/livox_to_pointcloud2': PS1=\[\e[1;35m\]\u@\h:\[\e[1;34m\]\w\[\e[0m\]\$ /usr/local/bin/cmake --build /num4_ws/build/livox_to_pointcloud2 -- -j8 -l8
[4.418s] [ 50%] Built target livox_to_pointcloud2
[4.449s] [100%] Built target livox_to_pointcloud2_node
[4.481s] Invoked command in '/num4_ws/build/livox_to_pointcloud2' returned '0': PS1=\[\e[1;35m\]\u@\h:\[\e[1;34m\]\w\[\e[0m\]\$ /usr/local/bin/cmake --build /num4_ws/build/livox_to_pointcloud2 -- -j8 -l8
[4.661s] Invoking command in '/num4_ws/build/livox_to_pointcloud2': PS1=\[\e[1;35m\]\u@\h:\[\e[1;34m\]\w\[\e[0m\]\$ /usr/local/bin/cmake --install /num4_ws/build/livox_to_pointcloud2
[4.783s] -- Install configuration: "RelWithDebInfo"
[4.783s] -- Execute custom install script
[4.784s] -- Up-to-date symlink: /num4_ws/install/livox_to_pointcloud2/include/livox_to_pointcloud2/livox_converter.hpp
[4.784s] -- Up-to-date symlink: /num4_ws/install/livox_to_pointcloud2/include/livox_to_pointcloud2/livox_to_pointcloud2_ros2.hpp
[4.785s] -- Up-to-date symlink: /num4_ws/install/livox_to_pointcloud2/share/livox_to_pointcloud2/environment/library_path.sh
[4.785s] -- Up-to-date symlink: /num4_ws/install/livox_to_pointcloud2/share/livox_to_pointcloud2/environment/library_path.dsv
[4.786s] -- Up-to-date symlink: /num4_ws/install/livox_to_pointcloud2/lib/liblivox_to_pointcloud2.so
[4.786s] -- Up-to-date symlink: /num4_ws/install/livox_to_pointcloud2/lib/livox_to_pointcloud2/livox_to_pointcloud2_node
[4.786s] -- Up-to-date symlink: /num4_ws/install/livox_to_pointcloud2/share/ament_index/resource_index/package_run_dependencies/livox_to_pointcloud2
[4.787s] -- Up-to-date symlink: /num4_ws/install/livox_to_pointcloud2/share/ament_index/resource_index/parent_prefix_path/livox_to_pointcloud2
[4.787s] -- Up-to-date symlink: /num4_ws/install/livox_to_pointcloud2/share/livox_to_pointcloud2/environment/ament_prefix_path.sh
[4.787s] -- Up-to-date symlink: /num4_ws/install/livox_to_pointcloud2/share/livox_to_pointcloud2/environment/ament_prefix_path.dsv
[4.787s] -- Up-to-date symlink: /num4_ws/install/livox_to_pointcloud2/share/livox_to_pointcloud2/environment/path.sh
[4.788s] -- Up-to-date symlink: /num4_ws/install/livox_to_pointcloud2/share/livox_to_pointcloud2/environment/path.dsv
[4.788s] -- Up-to-date symlink: /num4_ws/install/livox_to_pointcloud2/share/livox_to_pointcloud2/local_setup.bash
[4.788s] -- Up-to-date symlink: /num4_ws/install/livox_to_pointcloud2/share/livox_to_pointcloud2/local_setup.sh
[4.788s] -- Up-to-date symlink: /num4_ws/install/livox_to_pointcloud2/share/livox_to_pointcloud2/local_setup.zsh
[4.789s] -- Up-to-date symlink: /num4_ws/install/livox_to_pointcloud2/share/livox_to_pointcloud2/local_setup.dsv
[4.789s] -- Symlinking: /num4_ws/install/livox_to_pointcloud2/share/livox_to_pointcloud2/package.dsv
[4.795s] -- Up-to-date symlink: /num4_ws/install/livox_to_pointcloud2/share/ament_index/resource_index/packages/livox_to_pointcloud2
[4.795s] -- Up-to-date symlink: /num4_ws/install/livox_to_pointcloud2/share/ament_index/resource_index/rclcpp_components/livox_to_pointcloud2
[4.796s] -- Up-to-date symlink: /num4_ws/install/livox_to_pointcloud2/share/livox_to_pointcloud2/cmake/ament_cmake_export_dependencies-extras.cmake
[4.796s] -- Up-to-date symlink: /num4_ws/install/livox_to_pointcloud2/share/livox_to_pointcloud2/cmake/ament_cmake_export_include_directories-extras.cmake
[4.796s] -- Up-to-date symlink: /num4_ws/install/livox_to_pointcloud2/share/livox_to_pointcloud2/cmake/ament_cmake_export_libraries-extras.cmake
[4.796s] -- Up-to-date symlink: /num4_ws/install/livox_to_pointcloud2/share/livox_to_pointcloud2/cmake/livox_to_pointcloud2Config.cmake
[4.797s] -- Up-to-date symlink: /num4_ws/install/livox_to_pointcloud2/share/livox_to_pointcloud2/cmake/livox_to_pointcloud2Config-version.cmake
[4.797s] -- Up-to-date symlink: /num4_ws/install/livox_to_pointcloud2/share/livox_to_pointcloud2/package.xml
[4.824s] Invoked command in '/num4_ws/build/livox_to_pointcloud2' returned '0': PS1=\[\e[1;35m\]\u@\h:\[\e[1;34m\]\w\[\e[0m\]\$ /usr/local/bin/cmake --install /num4_ws/build/livox_to_pointcloud2
