-- The C compiler identification is GNU 11.4.0
-- The CXX compiler identification is GNU 11.4.0
-- Detecting C compiler ABI info
-- Detecting C compiler ABI info - done
-- Check for working C compiler: /usr/bin/cc - skipped
-- Detecting C compile features
-- Detecting C compile features - done
-- Detecting CXX compiler ABI info
-- Detecting CXX compiler ABI info - done
-- Check for working CXX compiler: /usr/bin/c++ - skipped
-- Detecting CXX compile features
-- Detecting CXX compile features - done
-- Found ament_cmake: 1.3.10 (/opt/ros/humble/install/share/ament_cmake/cmake)
-- Found Python3: /usr/local/bin/python3 (found version "3.10.12") found components: Interpreter
-- Override CMake install command with custom implementation using symlinks instead of copying resources
-- Found rclcpp: 16.0.10 (/opt/ros/humble/install/share/rclcpp/cmake)
-- Found rosidl_generator_c: 3.1.5 (/opt/ros/humble/install/share/rosidl_generator_c/cmake)
-- Found rosidl_adapter: 3.1.5 (/opt/ros/humble/install/share/rosidl_adapter/cmake)
-- Found rosidl_generator_cpp: 3.1.5 (/opt/ros/humble/install/share/rosidl_generator_cpp/cmake)
-- Using all available rosidl_typesupport_c: rosidl_typesupport_fastrtps_c;rosidl_typesupport_introspection_c
-- Using all available rosidl_typesupport_cpp: rosidl_typesupport_fastrtps_cpp;rosidl_typesupport_introspection_cpp
-- Found rmw_implementation_cmake: 6.1.2 (/opt/ros/humble/install/share/rmw_implementation_cmake/cmake)
-- Found rmw_cyclonedds_cpp: 1.3.4 (/opt/ros/humble/install/share/rmw_cyclonedds_cpp/cmake)
-- Using RMW implementation 'rmw_cyclonedds_cpp' as default
-- Performing Test CMAKE_HAVE_LIBC_PTHREAD
-- Performing Test CMAKE_HAVE_LIBC_PTHREAD - Success
-- Found Threads: TRUE
-- Found rclcpp_components: 16.0.10 (/opt/ros/humble/install/share/rclcpp_components/cmake)
-- Found geometry_msgs: 4.2.4 (/opt/ros/humble/install/share/geometry_msgs/cmake)
-- Found tf2_geometry_msgs: 0.25.8 (/opt/ros/humble/install/share/tf2_geometry_msgs/cmake)
-- Found eigen3_cmake_module: 0.1.1 (/opt/ros/humble/install/share/eigen3_cmake_module/cmake)
-- Found Eigen3: TRUE (found version "3.4.0")
-- Ensuring Eigen3 include directory is part of orocos-kdl CMake target
-- Found sensor_msgs: 4.2.4 (/opt/ros/humble/install/share/sensor_msgs/cmake)
-- Found ament_cmake_gtest: 1.3.10 (/opt/ros/humble/install/share/ament_cmake_gtest/cmake)
-- Found gtest sources under '/opt/ros/humble/install/src/gtest_vendor': C++ tests using 'Google Test' will be built
-- Configuring done (2.2s)
-- Generating done (0.1s)
-- Build files have been written to: /num4_ws/build/imu_filter_madgwick
[  7%] [32mBuilding CXX object CMakeFiles/imu_filter_madgwick.dir/src/imu_filter.cpp.o[0m
[ 14%] [32mBuilding CXX object CMakeFiles/imu_filter_madgwick.dir/src/imu_filter_ros.cpp.o[0m
[ 21%] [32mBuilding CXX object CMakeFiles/imu_filter_madgwick.dir/src/stateless_orientation.cpp.o[0m
[ 35%] [32mBuilding CXX object gtest/CMakeFiles/gtest.dir/src/gtest-all.cc.o[0m
[ 35%] [32mBuilding CXX object gtest/CMakeFiles/gtest_main.dir/src/gtest_main.cc.o[0m
[ 42%] [32m[1mLinking CXX static library libgtest_main.a[0m
[ 42%] Built target gtest_main
[ 50%] [32m[1mLinking CXX static library libgtest.a[0m
[ 50%] Built target gtest
[ 57%] [32m[1mLinking CXX shared library libimu_filter_madgwick.so[0m
[ 57%] Built target imu_filter_madgwick
[ 78%] [32mBuilding CXX object test/CMakeFiles/madgwick_test.dir/madgwick_test.cpp.o[0m
[ 78%] [32mBuilding CXX object CMakeFiles/imu_filter_madgwick_node.dir/src/imu_filter_node.cpp.o[0m
[ 78%] [32mBuilding CXX object test/CMakeFiles/stateless_orientation_test.dir/stateless_orientation_test.cpp.o[0m
[ 85%] [32m[1mLinking CXX executable madgwick_test[0m
[ 92%] [32m[1mLinking CXX executable stateless_orientation_test[0m
[ 92%] Built target madgwick_test
[ 92%] Built target stateless_orientation_test
[100%] [32m[1mLinking CXX executable imu_filter_madgwick_node[0m
[100%] Built target imu_filter_madgwick_node
-- Install configuration: ""
-- Execute custom install script
-- Symlinking: /num4_ws/install/imu_filter_madgwick/include/imu_filter_madgwick/base_node.hpp
-- Symlinking: /num4_ws/install/imu_filter_madgwick/include/imu_filter_madgwick/imu_filter.h
-- Symlinking: /num4_ws/install/imu_filter_madgwick/include/imu_filter_madgwick/imu_filter_ros.h
-- Symlinking: /num4_ws/install/imu_filter_madgwick/include/imu_filter_madgwick/stateless_orientation.h
-- Symlinking: /num4_ws/install/imu_filter_madgwick/include/imu_filter_madgwick/visibility_control.h
-- Symlinking: /num4_ws/install/imu_filter_madgwick/include/imu_filter_madgwick/world_frame.h
-- Symlinking: /num4_ws/install/imu_filter_madgwick/lib/imu_filter_madgwick/imu_filter_madgwick_node
-- Symlinking: /num4_ws/install/imu_filter_madgwick/share/imu_filter_madgwick/launch/imu_filter.launch.py
-- Symlinking: /num4_ws/install/imu_filter_madgwick/share/imu_filter_madgwick/launch/imu_filter_component.launch.py
-- Symlinking: /num4_ws/install/imu_filter_madgwick/share/imu_filter_madgwick/config/imu_filter.yaml
-- Symlinking: /num4_ws/install/imu_filter_madgwick/share/imu_filter_madgwick/environment/library_path.sh
-- Symlinking: /num4_ws/install/imu_filter_madgwick/share/imu_filter_madgwick/environment/library_path.dsv
-- Symlinking: /num4_ws/install/imu_filter_madgwick/share/ament_index/resource_index/package_run_dependencies/imu_filter_madgwick
-- Symlinking: /num4_ws/install/imu_filter_madgwick/share/ament_index/resource_index/parent_prefix_path/imu_filter_madgwick
-- Symlinking: /num4_ws/install/imu_filter_madgwick/share/imu_filter_madgwick/environment/ament_prefix_path.sh
-- Symlinking: /num4_ws/install/imu_filter_madgwick/share/imu_filter_madgwick/environment/ament_prefix_path.dsv
-- Symlinking: /num4_ws/install/imu_filter_madgwick/share/imu_filter_madgwick/environment/path.sh
-- Symlinking: /num4_ws/install/imu_filter_madgwick/share/imu_filter_madgwick/environment/path.dsv
-- Symlinking: /num4_ws/install/imu_filter_madgwick/share/imu_filter_madgwick/local_setup.bash
-- Symlinking: /num4_ws/install/imu_filter_madgwick/share/imu_filter_madgwick/local_setup.sh
-- Symlinking: /num4_ws/install/imu_filter_madgwick/share/imu_filter_madgwick/local_setup.zsh
-- Symlinking: /num4_ws/install/imu_filter_madgwick/share/imu_filter_madgwick/local_setup.dsv
-- Symlinking: /num4_ws/install/imu_filter_madgwick/share/imu_filter_madgwick/package.dsv
-- Symlinking: /num4_ws/install/imu_filter_madgwick/share/ament_index/resource_index/packages/imu_filter_madgwick
-- Symlinking: /num4_ws/install/imu_filter_madgwick/share/ament_index/resource_index/rclcpp_components/imu_filter_madgwick
-- Symlinking: /num4_ws/install/imu_filter_madgwick/share/imu_filter_madgwick/cmake/ament_cmake_export_include_directories-extras.cmake
-- Symlinking: /num4_ws/install/imu_filter_madgwick/share/imu_filter_madgwick/cmake/ament_cmake_export_libraries-extras.cmake
-- Symlinking: /num4_ws/install/imu_filter_madgwick/share/imu_filter_madgwick/cmake/ament_cmake_export_targets-extras.cmake
-- Symlinking: /num4_ws/install/imu_filter_madgwick/share/imu_filter_madgwick/cmake/imu_filter_madgwickConfig.cmake
-- Symlinking: /num4_ws/install/imu_filter_madgwick/share/imu_filter_madgwick/cmake/imu_filter_madgwickConfig-version.cmake
-- Symlinking: /num4_ws/install/imu_filter_madgwick/share/imu_filter_madgwick/package.xml
-- Installing: /num4_ws/install/imu_filter_madgwick/lib/libimu_filter_madgwick.so
-- Set non-toolchain portion of runtime path of "/num4_ws/install/imu_filter_madgwick/lib/libimu_filter_madgwick.so" to ""
-- Installing: /num4_ws/install/imu_filter_madgwick/share/imu_filter_madgwick/cmake/export_imu_filter_madgwickExport.cmake
-- Installing: /num4_ws/install/imu_filter_madgwick/share/imu_filter_madgwick/cmake/export_imu_filter_madgwickExport-noconfig.cmake
