[0.026s] Invoking command in '/num4_ws/build/imu_filter_madgwick': PS1=\[\e[1;35m\]\u@\h:\[\e[1;34m\]\w\[\e[0m\]\$ /usr/local/bin/cmake /num4_ws/src/imu_tools/imu_filter_madgwick -DAMENT_CMAKE_SYMLINK_INSTALL=1 -DCMAKE_INSTALL_PREFIX=/num4_ws/install/imu_filter_madgwick
[0.227s] -- The C compiler identification is GNU 11.4.0
[0.332s] -- The CXX compiler identification is GNU 11.4.0
[0.366s] -- Detecting C compiler ABI info
[0.492s] -- Detecting C compiler ABI info - done
[0.545s] -- Check for working C compiler: /usr/bin/cc - skipped
[0.546s] -- Detecting C compile features
[0.548s] -- Detecting C compile features - done
[0.564s] -- Detecting CXX compiler ABI info
[0.702s] -- Detecting CXX compiler ABI info - done
[0.756s] -- Check for working CXX compiler: /usr/bin/c++ - skipped
[0.758s] -- Detecting CXX compile features
[0.760s] -- Detecting CXX compile features - done
[0.772s] -- Found ament_cmake: 1.3.10 (/opt/ros/humble/install/share/ament_cmake/cmake)
[1.115s] -- Found Python3: /usr/local/bin/python3 (found version "3.10.12") found components: Interpreter
[1.232s] -- Override CMake install command with custom implementation using symlinks instead of copying resources
[1.329s] -- Found rclcpp: 16.0.10 (/opt/ros/humble/install/share/rclcpp/cmake)
[1.430s] -- Found rosidl_generator_c: 3.1.5 (/opt/ros/humble/install/share/rosidl_generator_c/cmake)
[1.439s] -- Found rosidl_adapter: 3.1.5 (/opt/ros/humble/install/share/rosidl_adapter/cmake)
[1.455s] -- Found rosidl_generator_cpp: 3.1.5 (/opt/ros/humble/install/share/rosidl_generator_cpp/cmake)
[1.479s] -- Using all available rosidl_typesupport_c: rosidl_typesupport_fastrtps_c;rosidl_typesupport_introspection_c
[1.511s] -- Using all available rosidl_typesupport_cpp: rosidl_typesupport_fastrtps_cpp;rosidl_typesupport_introspection_cpp
[1.598s] -- Found rmw_implementation_cmake: 6.1.2 (/opt/ros/humble/install/share/rmw_implementation_cmake/cmake)
[1.603s] -- Found rmw_cyclonedds_cpp: 1.3.4 (/opt/ros/humble/install/share/rmw_cyclonedds_cpp/cmake)
[1.651s] -- Using RMW implementation 'rmw_cyclonedds_cpp' as default
[1.667s] -- Performing Test CMAKE_HAVE_LIBC_PTHREAD
[1.779s] -- Performing Test CMAKE_HAVE_LIBC_PTHREAD - Success
[1.781s] -- Found Threads: TRUE
[1.913s] -- Found rclcpp_components: 16.0.10 (/opt/ros/humble/install/share/rclcpp_components/cmake)
[1.966s] -- Found geometry_msgs: 4.2.4 (/opt/ros/humble/install/share/geometry_msgs/cmake)
[1.995s] -- Found tf2_geometry_msgs: 0.25.8 (/opt/ros/humble/install/share/tf2_geometry_msgs/cmake)
[2.027s] -- Found eigen3_cmake_module: 0.1.1 (/opt/ros/humble/install/share/eigen3_cmake_module/cmake)
[2.030s] -- Found Eigen3: TRUE (found version "3.4.0")
[2.030s] -- Ensuring Eigen3 include directory is part of orocos-kdl CMake target
[2.180s] -- Found sensor_msgs: 4.2.4 (/opt/ros/humble/install/share/sensor_msgs/cmake)
[2.221s] -- Found ament_cmake_gtest: 1.3.10 (/opt/ros/humble/install/share/ament_cmake_gtest/cmake)
[2.228s] -- Found gtest sources under '/opt/ros/humble/install/src/gtest_vendor': C++ tests using 'Google Test' will be built
[2.367s] -- Configuring done (2.2s)
[2.425s] -- Generating done (0.1s)
[2.425s] -- Build files have been written to: /num4_ws/build/imu_filter_madgwick
[2.467s] Invoked command in '/num4_ws/build/imu_filter_madgwick' returned '0': PS1=\[\e[1;35m\]\u@\h:\[\e[1;34m\]\w\[\e[0m\]\$ /usr/local/bin/cmake /num4_ws/src/imu_tools/imu_filter_madgwick -DAMENT_CMAKE_SYMLINK_INSTALL=1 -DCMAKE_INSTALL_PREFIX=/num4_ws/install/imu_filter_madgwick
[2.472s] Invoking command in '/num4_ws/build/imu_filter_madgwick': PS1=\[\e[1;35m\]\u@\h:\[\e[1;34m\]\w\[\e[0m\]\$ /usr/local/bin/cmake --build /num4_ws/build/imu_filter_madgwick -- -j8 -l8
[2.641s] [  7%] [32mBuilding CXX object CMakeFiles/imu_filter_madgwick.dir/src/imu_filter.cpp.o[0m
[2.641s] [ 14%] [32mBuilding CXX object CMakeFiles/imu_filter_madgwick.dir/src/imu_filter_ros.cpp.o[0m
[2.642s] [ 21%] [32mBuilding CXX object CMakeFiles/imu_filter_madgwick.dir/src/stateless_orientation.cpp.o[0m
[2.642s] [ 35%] [32mBuilding CXX object gtest/CMakeFiles/gtest.dir/src/gtest-all.cc.o[0m
[2.642s] [ 35%] [32mBuilding CXX object gtest/CMakeFiles/gtest_main.dir/src/gtest_main.cc.o[0m
[4.184s] [ 42%] [32m[1mLinking CXX static library libgtest_main.a[0m
[4.209s] [ 42%] Built target gtest_main
[8.385s] [ 50%] [32m[1mLinking CXX static library libgtest.a[0m
[8.461s] [ 50%] Built target gtest
[31.125s] [ 57%] [32m[1mLinking CXX shared library libimu_filter_madgwick.so[0m
[32.946s] [ 57%] Built target imu_filter_madgwick
[32.970s] [ 78%] [32mBuilding CXX object test/CMakeFiles/madgwick_test.dir/madgwick_test.cpp.o[0m
[32.970s] [ 78%] [32mBuilding CXX object CMakeFiles/imu_filter_madgwick_node.dir/src/imu_filter_node.cpp.o[0m
[32.970s] [ 78%] [32mBuilding CXX object test/CMakeFiles/stateless_orientation_test.dir/stateless_orientation_test.cpp.o[0m
[35.595s] [ 85%] [32m[1mLinking CXX executable madgwick_test[0m
[35.707s] [ 92%] [32m[1mLinking CXX executable stateless_orientation_test[0m
[36.574s] [ 92%] Built target madgwick_test
[36.715s] [ 92%] Built target stateless_orientation_test
[38.468s] [100%] [32m[1mLinking CXX executable imu_filter_madgwick_node[0m
[39.300s] [100%] Built target imu_filter_madgwick_node
[39.336s] Invoked command in '/num4_ws/build/imu_filter_madgwick' returned '0': PS1=\[\e[1;35m\]\u@\h:\[\e[1;34m\]\w\[\e[0m\]\$ /usr/local/bin/cmake --build /num4_ws/build/imu_filter_madgwick -- -j8 -l8
[39.702s] Invoking command in '/num4_ws/build/imu_filter_madgwick': PS1=\[\e[1;35m\]\u@\h:\[\e[1;34m\]\w\[\e[0m\]\$ /usr/local/bin/cmake --install /num4_ws/build/imu_filter_madgwick
[39.831s] -- Install configuration: ""
[39.831s] -- Execute custom install script
[39.833s] -- Symlinking: /num4_ws/install/imu_filter_madgwick/include/imu_filter_madgwick/base_node.hpp
[39.838s] -- Symlinking: /num4_ws/install/imu_filter_madgwick/include/imu_filter_madgwick/imu_filter.h
[39.843s] -- Symlinking: /num4_ws/install/imu_filter_madgwick/include/imu_filter_madgwick/imu_filter_ros.h
[39.848s] -- Symlinking: /num4_ws/install/imu_filter_madgwick/include/imu_filter_madgwick/stateless_orientation.h
[39.853s] -- Symlinking: /num4_ws/install/imu_filter_madgwick/include/imu_filter_madgwick/visibility_control.h
[39.859s] -- Symlinking: /num4_ws/install/imu_filter_madgwick/include/imu_filter_madgwick/world_frame.h
[39.865s] -- Symlinking: /num4_ws/install/imu_filter_madgwick/lib/imu_filter_madgwick/imu_filter_madgwick_node
[39.873s] -- Symlinking: /num4_ws/install/imu_filter_madgwick/share/imu_filter_madgwick/launch/imu_filter.launch.py
[39.880s] -- Symlinking: /num4_ws/install/imu_filter_madgwick/share/imu_filter_madgwick/launch/imu_filter_component.launch.py
[39.886s] -- Symlinking: /num4_ws/install/imu_filter_madgwick/share/imu_filter_madgwick/config/imu_filter.yaml
[39.893s] -- Symlinking: /num4_ws/install/imu_filter_madgwick/share/imu_filter_madgwick/environment/library_path.sh
[39.899s] -- Symlinking: /num4_ws/install/imu_filter_madgwick/share/imu_filter_madgwick/environment/library_path.dsv
[39.906s] -- Symlinking: /num4_ws/install/imu_filter_madgwick/share/ament_index/resource_index/package_run_dependencies/imu_filter_madgwick
[39.913s] -- Symlinking: /num4_ws/install/imu_filter_madgwick/share/ament_index/resource_index/parent_prefix_path/imu_filter_madgwick
[39.919s] -- Symlinking: /num4_ws/install/imu_filter_madgwick/share/imu_filter_madgwick/environment/ament_prefix_path.sh
[39.925s] -- Symlinking: /num4_ws/install/imu_filter_madgwick/share/imu_filter_madgwick/environment/ament_prefix_path.dsv
[39.931s] -- Symlinking: /num4_ws/install/imu_filter_madgwick/share/imu_filter_madgwick/environment/path.sh
[39.940s] -- Symlinking: /num4_ws/install/imu_filter_madgwick/share/imu_filter_madgwick/environment/path.dsv
[39.946s] -- Symlinking: /num4_ws/install/imu_filter_madgwick/share/imu_filter_madgwick/local_setup.bash
[39.952s] -- Symlinking: /num4_ws/install/imu_filter_madgwick/share/imu_filter_madgwick/local_setup.sh
[39.958s] -- Symlinking: /num4_ws/install/imu_filter_madgwick/share/imu_filter_madgwick/local_setup.zsh
[39.964s] -- Symlinking: /num4_ws/install/imu_filter_madgwick/share/imu_filter_madgwick/local_setup.dsv
[39.970s] -- Symlinking: /num4_ws/install/imu_filter_madgwick/share/imu_filter_madgwick/package.dsv
[39.976s] -- Symlinking: /num4_ws/install/imu_filter_madgwick/share/ament_index/resource_index/packages/imu_filter_madgwick
[39.982s] -- Symlinking: /num4_ws/install/imu_filter_madgwick/share/ament_index/resource_index/rclcpp_components/imu_filter_madgwick
[39.989s] -- Symlinking: /num4_ws/install/imu_filter_madgwick/share/imu_filter_madgwick/cmake/ament_cmake_export_include_directories-extras.cmake
[39.995s] -- Symlinking: /num4_ws/install/imu_filter_madgwick/share/imu_filter_madgwick/cmake/ament_cmake_export_libraries-extras.cmake
[40.004s] -- Symlinking: /num4_ws/install/imu_filter_madgwick/share/imu_filter_madgwick/cmake/ament_cmake_export_targets-extras.cmake
[40.011s] -- Symlinking: /num4_ws/install/imu_filter_madgwick/share/imu_filter_madgwick/cmake/imu_filter_madgwickConfig.cmake
[40.017s] -- Symlinking: /num4_ws/install/imu_filter_madgwick/share/imu_filter_madgwick/cmake/imu_filter_madgwickConfig-version.cmake
[40.023s] -- Symlinking: /num4_ws/install/imu_filter_madgwick/share/imu_filter_madgwick/package.xml
[40.028s] -- Installing: /num4_ws/install/imu_filter_madgwick/lib/libimu_filter_madgwick.so
[40.074s] -- Set non-toolchain portion of runtime path of "/num4_ws/install/imu_filter_madgwick/lib/libimu_filter_madgwick.so" to ""
[40.074s] -- Installing: /num4_ws/install/imu_filter_madgwick/share/imu_filter_madgwick/cmake/export_imu_filter_madgwickExport.cmake
[40.074s] -- Installing: /num4_ws/install/imu_filter_madgwick/share/imu_filter_madgwick/cmake/export_imu_filter_madgwickExport-noconfig.cmake
[40.102s] Invoked command in '/num4_ws/build/imu_filter_madgwick' returned '0': PS1=\[\e[1;35m\]\u@\h:\[\e[1;34m\]\w\[\e[0m\]\$ /usr/local/bin/cmake --install /num4_ws/build/imu_filter_madgwick
