[0.078s] Invoking command in '/num4_ws/build/rviz_imu_plugin': PS1=\[\e[1;35m\]\u@\h:\[\e[1;34m\]\w\[\e[0m\]\$ /usr/local/bin/cmake /num4_ws/src/imu_tools/rviz_imu_plugin -DAMENT_CMAKE_SYMLINK_INSTALL=1 -DCMAKE_INSTALL_PREFIX=/num4_ws/install/rviz_imu_plugin
[0.285s] -- The C compiler identification is GNU 11.4.0
[0.384s] -- The CXX compiler identification is GNU 11.4.0
[0.404s] -- Detecting C compiler ABI info
[0.501s] -- Detecting C compiler ABI info - done
[0.527s] -- Check for working C compiler: /usr/bin/cc - skipped
[0.529s] -- Detecting C compile features
[0.531s] -- Detecting C compile features - done
[0.540s] -- Detecting CXX compiler ABI info
[0.666s] -- Detecting CXX compiler ABI info - done
[0.689s] -- Check for working CXX compiler: /usr/bin/c++ - skipped
[0.690s] -- Detecting CXX compile features
[0.691s] -- Detecting CXX compile features - done
[0.697s] -- Found ament_cmake: 1.3.10 (/opt/ros/humble/install/share/ament_cmake/cmake)
[0.922s] -- Found Python3: /usr/local/bin/python3 (found version "3.10.12") found components: Interpreter
[1.031s] -- Override CMake install command with custom implementation using symlinks instead of copying resources
[1.078s] -- Found message_filters: 4.3.5 (/opt/ros/humble/install/share/message_filters/cmake)
[1.167s] -- Found rosidl_generator_c: 3.1.5 (/opt/ros/humble/install/share/rosidl_generator_c/cmake)
[1.178s] -- Found rosidl_adapter: 3.1.5 (/opt/ros/humble/install/share/rosidl_adapter/cmake)
[1.195s] -- Found rosidl_generator_cpp: 3.1.5 (/opt/ros/humble/install/share/rosidl_generator_cpp/cmake)
[1.221s] -- Using all available rosidl_typesupport_c: rosidl_typesupport_fastrtps_c;rosidl_typesupport_introspection_c
[1.255s] -- Using all available rosidl_typesupport_cpp: rosidl_typesupport_fastrtps_cpp;rosidl_typesupport_introspection_cpp
[1.347s] -- Found rmw_implementation_cmake: 6.1.2 (/opt/ros/humble/install/share/rmw_implementation_cmake/cmake)
[1.350s] -- Found rmw_cyclonedds_cpp: 1.3.4 (/opt/ros/humble/install/share/rmw_cyclonedds_cpp/cmake)
[1.399s] -- Using RMW implementation 'rmw_cyclonedds_cpp' as default
[1.415s] -- Performing Test CMAKE_HAVE_LIBC_PTHREAD
[1.517s] -- Performing Test CMAKE_HAVE_LIBC_PTHREAD - Success
[1.518s] -- Found Threads: TRUE
[1.654s] -- Found rviz_common: 11.2.13 (/opt/ros/humble/install/share/rviz_common/cmake)
[1.667s] -- Setting assimp_DIR to: '/opt/ros/humble/install/share/rviz_assimp_vendor/cmake/../../../opt/rviz_assimp_vendor/lib/cmake/assimp-4.1'
[1.681s] -- Setting OGRE_DIR to: '/opt/ros/humble/install/share/rviz_ogre_vendor/cmake/../../../opt/rviz_ogre_vendor/lib/OGRE/cmake'
[1.685s] -- Found OGRE
[1.685s] --   static     : OFF
[1.685s] --   components : HLMS;MeshLodGenerator;Overlay;Paging;Property;RTShaderSystem;Terrain;Volume
[1.685s] --   plugins    : Plugin_BSPSceneManager;Plugin_OctreeSceneManager;Plugin_PCZSceneManager;Plugin_ParticleFX;RenderSystem_GL;RenderSystem_GL3Plus;Codec_STBI
[1.686s] --   media      : /opt/ros/humble/install/opt/rviz_ogre_vendor/share/OGRE/Media
[1.686s] -- OGRE_LIBRARIES: OgreHLMS;OgreMeshLodGenerator;OgreOverlay;OgrePaging;OgreProperty;OgreRTShaderSystem;OgreTerrain;OgreVolume;OgreMain
[1.686s] -- OGRE_LIBRARY_DIRS: /opt/ros/humble/install/opt/rviz_ogre_vendor/lib
[1.686s] -- OGRE_PLUGINS: Plugin_BSPSceneManager;Plugin_OctreeSceneManager;Plugin_PCZSceneManager;Plugin_ParticleFX;RenderSystem_GL;RenderSystem_GL3Plus;Codec_STBI
[1.686s] -- OGRE_PLUGIN_DIR: /opt/ros/humble/install/opt/rviz_ogre_vendor/lib/OGRE
[1.687s] -- rviz_ogre_vendor::OgreOverlay for IMPORTED_LOCATION_RELEASE: /opt/ros/humble/install/opt/rviz_ogre_vendor/lib/libOgreOverlay.so
[1.687s] -- rviz_ogre_vendor::OgreOverlay for IMPORTED_LOCATION_DEBUG: /opt/ros/humble/install/opt/rviz_ogre_vendor/lib/libOgreOverlay.so
[1.687s] -- rviz_ogre_vendor::OgreMain for IMPORTED_LOCATION_RELEASE: /opt/ros/humble/install/opt/rviz_ogre_vendor/lib/libOgreMain.so
[1.687s] -- rviz_ogre_vendor::OgreMain for IMPORTED_LOCATION_DEBUG: /opt/ros/humble/install/opt/rviz_ogre_vendor/lib/libOgreMain.so
[1.692s] -- Could not find freeimage library
[1.733s] -- Found ZLIB: /usr/lib/aarch64-linux-gnu/libz.so (found version "1.2.11")
[1.744s] -- Found OpenGL: /usr/lib/aarch64-linux-gnu/libOpenGL.so
[1.919s] -- Found X11: /usr/include
[1.919s] -- Looking for XOpenDisplay in /usr/lib/aarch64-linux-gnu/libX11.so;/usr/lib/aarch64-linux-gnu/libXext.so
[2.022s] -- Looking for XOpenDisplay in /usr/lib/aarch64-linux-gnu/libX11.so;/usr/lib/aarch64-linux-gnu/libXext.so - found
[2.022s] -- Looking for gethostbyname
[2.114s] -- Looking for gethostbyname - found
[2.115s] -- Looking for connect
[2.212s] -- Looking for connect - found
[2.212s] -- Looking for remove
[2.314s] -- Looking for remove - found
[2.315s] -- Looking for shmat
[2.418s] -- Looking for shmat - found
[2.418s] -- Looking for IceConnectionNumber in ICE
[2.528s] -- Looking for IceConnectionNumber in ICE - found
[2.688s] -- library: /usr/lib/aarch64-linux-gnu/libcurl.so
[2.859s] -- Found Eigen3: TRUE (found version "3.4.0")
[2.859s] -- Ensuring Eigen3 include directory is part of orocos-kdl CMake target
[3.199s] -- Configuring done (3.0s)
[3.272s] -- Generating done (0.1s)
[3.273s] -- Build files have been written to: /num4_ws/build/rviz_imu_plugin
