-- The C compiler identification is GNU 11.4.0
-- The CXX compiler identification is GNU 11.4.0
-- Detecting C compiler ABI info
-- Detecting C compiler ABI info - done
-- Check for working C compiler: /usr/bin/cc - skipped
-- Detecting C compile features
-- Detecting C compile features - done
-- Detecting CXX compiler ABI info
-- Detecting CXX compiler ABI info - done
-- Check for working CXX compiler: /usr/bin/c++ - skipped
-- Detecting CXX compile features
-- Detecting CXX compile features - done
-- Found ament_cmake: 1.3.10 (/opt/ros/humble/install/share/ament_cmake/cmake)
-- Found Python3: /usr/local/bin/python3 (found version "3.10.12") found components: Interpreter
-- Override CMake install command with custom implementation using symlinks instead of copying resources
-- Configuring done (1.3s)
-- Generating done (0.0s)
-- Build files have been written to: /num4_ws/build/livox_bringup
-- Install configuration: ""
-- Execute custom install script
-- Symlinking: /num4_ws/install/livox_bringup/share/livox_bringup//launch/launch_mid360.py
-- Symlinking: /num4_ws/install/livox_bringup/share/livox_bringup//config/config.json
-- Symlinking: /num4_ws/install/livox_bringup/share/livox_bringup//config/config_lorepeat.json
-- Symlinking: /num4_ws/install/livox_bringup/share/livox_bringup//config/config_norepeat.json
-- Symlinking: /num4_ws/install/livox_bringup/share/livox_bringup//config/config_repeat.json
-- Symlinking: /num4_ws/install/livox_bringup/share/ament_index/resource_index/package_run_dependencies/livox_bringup
-- Symlinking: /num4_ws/install/livox_bringup/share/ament_index/resource_index/parent_prefix_path/livox_bringup
-- Symlinking: /num4_ws/install/livox_bringup/share/livox_bringup/environment/ament_prefix_path.sh
-- Symlinking: /num4_ws/install/livox_bringup/share/livox_bringup/environment/ament_prefix_path.dsv
-- Symlinking: /num4_ws/install/livox_bringup/share/livox_bringup/environment/path.sh
-- Symlinking: /num4_ws/install/livox_bringup/share/livox_bringup/environment/path.dsv
-- Symlinking: /num4_ws/install/livox_bringup/share/livox_bringup/local_setup.bash
-- Symlinking: /num4_ws/install/livox_bringup/share/livox_bringup/local_setup.sh
-- Symlinking: /num4_ws/install/livox_bringup/share/livox_bringup/local_setup.zsh
-- Symlinking: /num4_ws/install/livox_bringup/share/livox_bringup/local_setup.dsv
-- Symlinking: /num4_ws/install/livox_bringup/share/livox_bringup/package.dsv
-- Symlinking: /num4_ws/install/livox_bringup/share/ament_index/resource_index/packages/livox_bringup
-- Symlinking: /num4_ws/install/livox_bringup/share/livox_bringup/cmake/livox_bringupConfig.cmake
-- Symlinking: /num4_ws/install/livox_bringup/share/livox_bringup/cmake/livox_bringupConfig-version.cmake
-- Symlinking: /num4_ws/install/livox_bringup/share/livox_bringup/package.xml
