[0.055s] Invoking command in '/num4_ws/build/livox_bringup': PS1=\[\033[01;32m\]\u@\h\[\033[00m\]:\[\033[01;34m\]\w\[\033[00m\]$ /usr/local/bin/cmake /num4_ws/src/livox_bringup -DAMENT_CMAKE_SYMLINK_INSTALL=1 -DCMAKE_INSTALL_PREFIX=/num4_ws/install/livox_bringup
[0.336s] -- The C compiler identification is GNU 11.4.0
[0.493s] -- The CXX compiler identification is GNU 11.4.0
[0.530s] -- Detecting C compiler ABI info
[0.639s] -- Detecting C compiler ABI info - done
[0.689s] -- Check for working C compiler: /usr/bin/cc - skipped
[0.690s] -- Detecting C compile features
[0.692s] -- Detecting C compile features - done
[0.711s] -- Detecting CXX compiler ABI info
[0.847s] -- Detecting CXX compiler ABI info - done
[0.896s] -- Check for working CXX compiler: /usr/bin/c++ - skipped
[0.897s] -- Detecting CXX compile features
[0.899s] -- Detecting CXX compile features - done
[0.908s] -- Found ament_cmake: 1.3.10 (/opt/ros/humble/install/share/ament_cmake/cmake)
[1.226s] -- Found Python3: /usr/local/bin/python3 (found version "3.10.12") found components: Interpreter
[1.347s] -- Override CMake install command with custom implementation using symlinks instead of copying resources
[1.538s] -- Configuring done (1.3s)
[1.544s] -- Generating done (0.0s)
[1.545s] -- Build files have been written to: /num4_ws/build/livox_bringup
[1.575s] Invoked command in '/num4_ws/build/livox_bringup' returned '0': PS1=\[\033[01;32m\]\u@\h\[\033[00m\]:\[\033[01;34m\]\w\[\033[00m\]$ /usr/local/bin/cmake /num4_ws/src/livox_bringup -DAMENT_CMAKE_SYMLINK_INSTALL=1 -DCMAKE_INSTALL_PREFIX=/num4_ws/install/livox_bringup
[1.577s] Invoking command in '/num4_ws/build/livox_bringup': PS1=\[\033[01;32m\]\u@\h\[\033[00m\]:\[\033[01;34m\]\w\[\033[00m\]$ /usr/local/bin/cmake --build /num4_ws/build/livox_bringup -- -j8 -l8
[1.744s] Invoked command in '/num4_ws/build/livox_bringup' returned '0': PS1=\[\033[01;32m\]\u@\h\[\033[00m\]:\[\033[01;34m\]\w\[\033[00m\]$ /usr/local/bin/cmake --build /num4_ws/build/livox_bringup -- -j8 -l8
[2.030s] Invoking command in '/num4_ws/build/livox_bringup': PS1=\[\033[01;32m\]\u@\h\[\033[00m\]:\[\033[01;34m\]\w\[\033[00m\]$ /usr/local/bin/cmake --install /num4_ws/build/livox_bringup
[2.147s] -- Install configuration: ""
[2.147s] -- Execute custom install script
[2.148s] -- Symlinking: /num4_ws/install/livox_bringup/share/livox_bringup//launch/launch_mid360.py
[2.153s] -- Symlinking: /num4_ws/install/livox_bringup/share/livox_bringup//config/config.json
[2.157s] -- Symlinking: /num4_ws/install/livox_bringup/share/livox_bringup//config/config_lorepeat.json
[2.162s] -- Symlinking: /num4_ws/install/livox_bringup/share/livox_bringup//config/config_norepeat.json
[2.166s] -- Symlinking: /num4_ws/install/livox_bringup/share/livox_bringup//config/config_repeat.json
[2.170s] -- Symlinking: /num4_ws/install/livox_bringup/share/ament_index/resource_index/package_run_dependencies/livox_bringup
[2.176s] -- Symlinking: /num4_ws/install/livox_bringup/share/ament_index/resource_index/parent_prefix_path/livox_bringup
[2.182s] -- Symlinking: /num4_ws/install/livox_bringup/share/livox_bringup/environment/ament_prefix_path.sh
[2.186s] -- Symlinking: /num4_ws/install/livox_bringup/share/livox_bringup/environment/ament_prefix_path.dsv
[2.191s] -- Symlinking: /num4_ws/install/livox_bringup/share/livox_bringup/environment/path.sh
[2.196s] -- Symlinking: /num4_ws/install/livox_bringup/share/livox_bringup/environment/path.dsv
[2.200s] -- Symlinking: /num4_ws/install/livox_bringup/share/livox_bringup/local_setup.bash
[2.206s] -- Symlinking: /num4_ws/install/livox_bringup/share/livox_bringup/local_setup.sh
[2.212s] -- Symlinking: /num4_ws/install/livox_bringup/share/livox_bringup/local_setup.zsh
[2.218s] -- Symlinking: /num4_ws/install/livox_bringup/share/livox_bringup/local_setup.dsv
[2.223s] -- Symlinking: /num4_ws/install/livox_bringup/share/livox_bringup/package.dsv
[2.229s] -- Symlinking: /num4_ws/install/livox_bringup/share/ament_index/resource_index/packages/livox_bringup
[2.234s] -- Symlinking: /num4_ws/install/livox_bringup/share/livox_bringup/cmake/livox_bringupConfig.cmake
[2.239s] -- Symlinking: /num4_ws/install/livox_bringup/share/livox_bringup/cmake/livox_bringupConfig-version.cmake
[2.245s] -- Symlinking: /num4_ws/install/livox_bringup/share/livox_bringup/package.xml
[2.299s] Invoked command in '/num4_ws/build/livox_bringup' returned '0': PS1=\[\033[01;32m\]\u@\h\[\033[00m\]:\[\033[01;34m\]\w\[\033[00m\]$ /usr/local/bin/cmake --install /num4_ws/build/livox_bringup
