[0.109s] Invoking command in '/num4_ws/build/rviz_imu_plugin': PS1=\[\e[1;35m\]\u@\h:\[\e[1;34m\]\w\[\e[0m\]\$ /usr/local/bin/cmake /num4_ws/src/imu_tools/rviz_imu_plugin -DAMENT_CMAKE_SYMLINK_INSTALL=1 -DCMAKE_INSTALL_PREFIX=/num4_ws/install/rviz_imu_plugin
[0.280s] -- Found ament_cmake: 1.3.10 (/opt/ros/humble/install/share/ament_cmake/cmake)
[0.681s] -- Override CMake install command with custom implementation using symlinks instead of copying resources
[0.717s] -- Found message_filters: 4.3.5 (/opt/ros/humble/install/share/message_filters/cmake)
[0.793s] -- Found rosidl_generator_c: 3.1.5 (/opt/ros/humble/install/share/rosidl_generator_c/cmake)
[0.797s] -- Found rosidl_adapter: 3.1.5 (/opt/ros/humble/install/share/rosidl_adapter/cmake)
[0.812s] -- Found rosidl_generator_cpp: 3.1.5 (/opt/ros/humble/install/share/rosidl_generator_cpp/cmake)
[0.840s] -- Using all available rosidl_typesupport_c: rosidl_typesupport_fastrtps_c;rosidl_typesupport_introspection_c
[0.873s] -- Using all available rosidl_typesupport_cpp: rosidl_typesupport_fastrtps_cpp;rosidl_typesupport_introspection_cpp
[0.963s] -- Found rmw_implementation_cmake: 6.1.2 (/opt/ros/humble/install/share/rmw_implementation_cmake/cmake)
[0.972s] -- Found rmw_cyclonedds_cpp: 1.3.4 (/opt/ros/humble/install/share/rmw_cyclonedds_cpp/cmake)
[1.037s] -- Using RMW implementation 'rmw_cyclonedds_cpp' as default
[1.220s] -- Found rviz_common: 11.2.13 (/opt/ros/humble/install/share/rviz_common/cmake)
[1.230s] -- Setting assimp_DIR to: '/opt/ros/humble/install/share/rviz_assimp_vendor/cmake/../../../opt/rviz_assimp_vendor/lib/cmake/assimp-4.1'
[1.244s] -- Setting OGRE_DIR to: '/opt/ros/humble/install/share/rviz_ogre_vendor/cmake/../../../opt/rviz_ogre_vendor/lib/OGRE/cmake'
[1.250s] -- Found OGRE
[1.252s] --   static     : OFF
[1.252s] --   components : HLMS;MeshLodGenerator;Overlay;Paging;Property;RTShaderSystem;Terrain;Volume
[1.252s] --   plugins    : Plugin_BSPSceneManager;Plugin_OctreeSceneManager;Plugin_PCZSceneManager;Plugin_ParticleFX;RenderSystem_GL;RenderSystem_GL3Plus;Codec_STBI
[1.252s] --   media      : /opt/ros/humble/install/opt/rviz_ogre_vendor/share/OGRE/Media
[1.253s] -- OGRE_LIBRARIES: OgreHLMS;OgreMeshLodGenerator;OgreOverlay;OgrePaging;OgreProperty;OgreRTShaderSystem;OgreTerrain;OgreVolume;OgreMain
[1.253s] -- OGRE_LIBRARY_DIRS: /opt/ros/humble/install/opt/rviz_ogre_vendor/lib
[1.253s] -- OGRE_PLUGINS: Plugin_BSPSceneManager;Plugin_OctreeSceneManager;Plugin_PCZSceneManager;Plugin_ParticleFX;RenderSystem_GL;RenderSystem_GL3Plus;Codec_STBI
[1.253s] -- OGRE_PLUGIN_DIR: /opt/ros/humble/install/opt/rviz_ogre_vendor/lib/OGRE
[1.253s] -- rviz_ogre_vendor::OgreOverlay for IMPORTED_LOCATION_RELEASE: /opt/ros/humble/install/opt/rviz_ogre_vendor/lib/libOgreOverlay.so
[1.253s] -- rviz_ogre_vendor::OgreOverlay for IMPORTED_LOCATION_DEBUG: /opt/ros/humble/install/opt/rviz_ogre_vendor/lib/libOgreOverlay.so
[1.253s] -- rviz_ogre_vendor::OgreMain for IMPORTED_LOCATION_RELEASE: /opt/ros/humble/install/opt/rviz_ogre_vendor/lib/libOgreMain.so
[1.253s] -- rviz_ogre_vendor::OgreMain for IMPORTED_LOCATION_DEBUG: /opt/ros/humble/install/opt/rviz_ogre_vendor/lib/libOgreMain.so
[1.257s] -- Could not find freeimage library
[1.489s] -- library: /usr/lib/aarch64-linux-gnu/libcurl.so
[1.636s] -- Ensuring Eigen3 include directory is part of orocos-kdl CMake target
[1.985s] -- Configuring done (1.7s)
[2.067s] -- Generating done (0.1s)
[2.069s] -- Build files have been written to: /num4_ws/build/rviz_imu_plugin
[2.117s] Invoked command in '/num4_ws/build/rviz_imu_plugin' returned '0': PS1=\[\e[1;35m\]\u@\h:\[\e[1;34m\]\w\[\e[0m\]\$ /usr/local/bin/cmake /num4_ws/src/imu_tools/rviz_imu_plugin -DAMENT_CMAKE_SYMLINK_INSTALL=1 -DCMAKE_INSTALL_PREFIX=/num4_ws/install/rviz_imu_plugin
[2.119s] Invoking command in '/num4_ws/build/rviz_imu_plugin': PS1=\[\e[1;35m\]\u@\h:\[\e[1;34m\]\w\[\e[0m\]\$ /usr/local/bin/cmake --build /num4_ws/build/rviz_imu_plugin -- -j8 -l8
[2.299s] [  0%] Built target rviz_imu_plugin_autogen_timestamp_deps
[2.401s] [ 10%] [34m[1mAutomatic MOC for target rviz_imu_plugin[0m
[2.438s] [ 10%] Built target rviz_imu_plugin_autogen
[2.531s] [100%] Built target rviz_imu_plugin
