-- The C compiler identification is GNU 11.4.0
-- The CXX compiler identification is GNU 11.4.0
-- Detecting C compiler ABI info
-- Detecting C compiler ABI info - done
-- Check for working C compiler: /usr/bin/cc - skipped
-- Detecting C compile features
-- Detecting C compile features - done
-- Detecting CXX compiler ABI info
-- Detecting CXX compiler ABI info - done
-- Check for working CXX compiler: /usr/bin/c++ - skipped
-- Detecting CXX compile features
-- Detecting CXX compile features - done
-- Found ament_cmake_auto: 1.3.10 (/opt/ros/humble/install/share/ament_cmake_auto/cmake)
-- Found Python3: /usr/local/bin/python3 (found version "3.10.12") found components: Interpreter
-- Override CMake install command with custom implementation using symlinks instead of copying resources
-- Found rosidl_generator_c: 3.1.5 (/opt/ros/humble/install/share/rosidl_generator_c/cmake)
-- Found rosidl_adapter: 3.1.5 (/opt/ros/humble/install/share/rosidl_adapter/cmake)
-- Found rosidl_generator_cpp: 3.1.5 (/opt/ros/humble/install/share/rosidl_generator_cpp/cmake)
-- Using all available rosidl_typesupport_c: rosidl_typesupport_fastrtps_c;rosidl_typesupport_introspection_c
-- Using all available rosidl_typesupport_cpp: rosidl_typesupport_fastrtps_cpp;rosidl_typesupport_introspection_cpp
-- Found rmw_implementation_cmake: 6.1.2 (/opt/ros/humble/install/share/rmw_implementation_cmake/cmake)
-- Found rmw_cyclonedds_cpp: 1.3.4 (/opt/ros/humble/install/share/rmw_cyclonedds_cpp/cmake)
-- Using RMW implementation 'rmw_cyclonedds_cpp' as default
-- Performing Test CMAKE_HAVE_LIBC_PTHREAD
-- Performing Test CMAKE_HAVE_LIBC_PTHREAD - Success
-- Found Threads: TRUE
[33mCMake Warning (dev) at /usr/lib/aarch64-linux-gnu/cmake/pcl/PCLConfig.cmake:146 (find_package):
  Policy CMP0144 is not set: find_package uses upper-case <PACKAGENAME>_ROOT
  variables.  Run "cmake --help-policy CMP0144" for policy details.  Use the
  cmake_policy command to set the policy and suppress this warning.

  CMake variable EIGEN_ROOT is set to:

    /usr/include/eigen3

  For compatibility, find_package is ignoring the variable, but code in a
  .cmake module might still use it.
Call Stack (most recent call first):
  /usr/lib/aarch64-linux-gnu/cmake/pcl/PCLConfig.cmake:299 (find_eigen)
  /usr/lib/aarch64-linux-gnu/cmake/pcl/PCLConfig.cmake:543 (find_external_library)
  /opt/ros/humble/install/share/pcl_conversions/cmake/ament_cmake_export_dependencies-extras.cmake:21 (find_package)
  /opt/ros/humble/install/share/pcl_conversions/cmake/pcl_conversionsConfig.cmake:41 (include)
  /ros2_ws/install/livox_ros_driver2/share/livox_ros_driver2/cmake/ament_cmake_export_dependencies-extras.cmake:21 (find_package)
  /ros2_ws/install/livox_ros_driver2/share/livox_ros_driver2/cmake/livox_ros_driver2Config.cmake:41 (include)
  /opt/ros/humble/install/share/ament_cmake_auto/cmake/ament_auto_find_build_dependencies.cmake:67 (find_package)
  CMakeLists.txt:42 (ament_auto_find_build_dependencies)
This warning is for project developers.  Use -Wno-dev to suppress it.
[0m
-- Checking for module 'eigen3'
--   Found eigen3, version 3.4.0
-- Found Eigen: /usr/include/eigen3 (Required is at least version "3.1")
-- Eigen found (include: /usr/include/eigen3, version: 3.4.0)
[33mCMake Warning (dev) at /usr/lib/aarch64-linux-gnu/cmake/pcl/PCLConfig.cmake:128 (find_package):
  Policy CMP0167 is not set: The FindBoost module is removed.  Run "cmake
  --help-policy CMP0167" for policy details.  Use the cmake_policy command to
  set the policy and suppress this warning.

Call Stack (most recent call first):
  /usr/lib/aarch64-linux-gnu/cmake/pcl/PCLConfig.cmake:297 (find_boost)
  /usr/lib/aarch64-linux-gnu/cmake/pcl/PCLConfig.cmake:543 (find_external_library)
  /opt/ros/humble/install/share/pcl_conversions/cmake/ament_cmake_export_dependencies-extras.cmake:21 (find_package)
  /opt/ros/humble/install/share/pcl_conversions/cmake/pcl_conversionsConfig.cmake:41 (include)
  /ros2_ws/install/livox_ros_driver2/share/livox_ros_driver2/cmake/ament_cmake_export_dependencies-extras.cmake:21 (find_package)
  /ros2_ws/install/livox_ros_driver2/share/livox_ros_driver2/cmake/livox_ros_driver2Config.cmake:41 (include)
  /opt/ros/humble/install/share/ament_cmake_auto/cmake/ament_auto_find_build_dependencies.cmake:67 (find_package)
  CMakeLists.txt:42 (ament_auto_find_build_dependencies)
This warning is for project developers.  Use -Wno-dev to suppress it.
[0m
[33mCMake Warning (dev) at /usr/lib/aarch64-linux-gnu/cmake/pcl/Modules/FindFLANN.cmake:44 (find_package):
  Policy CMP0144 is not set: find_package uses upper-case <PACKAGENAME>_ROOT
  variables.  Run "cmake --help-policy CMP0144" for policy details.  Use the
  cmake_policy command to set the policy and suppress this warning.

  CMake variable FLANN_ROOT is set to:

    /usr

  For compatibility, find_package is ignoring the variable, but code in a
  .cmake module might still use it.
Call Stack (most recent call first):
  /usr/lib/aarch64-linux-gnu/cmake/pcl/PCLConfig.cmake:256 (find_package)
  /usr/lib/aarch64-linux-gnu/cmake/pcl/PCLConfig.cmake:301 (find_flann)
  /usr/lib/aarch64-linux-gnu/cmake/pcl/PCLConfig.cmake:543 (find_external_library)
  /opt/ros/humble/install/share/pcl_conversions/cmake/ament_cmake_export_dependencies-extras.cmake:21 (find_package)
  /opt/ros/humble/install/share/pcl_conversions/cmake/pcl_conversionsConfig.cmake:41 (include)
  /ros2_ws/install/livox_ros_driver2/share/livox_ros_driver2/cmake/ament_cmake_export_dependencies-extras.cmake:21 (find_package)
  /ros2_ws/install/livox_ros_driver2/share/livox_ros_driver2/cmake/livox_ros_driver2Config.cmake:41 (include)
  /opt/ros/humble/install/share/ament_cmake_auto/cmake/ament_auto_find_build_dependencies.cmake:67 (find_package)
  CMakeLists.txt:42 (ament_auto_find_build_dependencies)
This warning is for project developers.  Use -Wno-dev to suppress it.
[0m
-- Checking for module 'flann'
--   Found flann, version 1.9.1
-- Found FLANN: /usr/lib/aarch64-linux-gnu/libflann_cpp.so
-- FLANN found (include: /usr/include, lib: /usr/lib/aarch64-linux-gnu/libflann_cpp.so)
-- Checking for module 'libusb-1.0'
--   Found libusb-1.0, version 1.0.25
-- Found libusb: /usr/lib/aarch64-linux-gnu/libusb-1.0.so
-- OpenNI found (version: 1.5.4.0, include: /usr/include/ni, lib: /usr/lib/libOpenNI.so;libusb::libusb)
-- OpenNI2 found (version: 2.2.0.33, include: /usr/include/openni2, lib: /usr/lib/aarch64-linux-gnu/libOpenNI2.so;libusb::libusb)
[33mCMake Warning (dev) at /usr/lib/aarch64-linux-gnu/cmake/pcl/PCLConfig.cmake:128 (find_package):
  Policy CMP0167 is not set: The FindBoost module is removed.  Run "cmake
  --help-policy CMP0167" for policy details.  Use the cmake_policy command to
  set the policy and suppress this warning.

Call Stack (most recent call first):
  /usr/lib/aarch64-linux-gnu/cmake/pcl/PCLConfig.cmake:297 (find_boost)
  /usr/lib/aarch64-linux-gnu/cmake/pcl/PCLConfig.cmake:543 (find_external_library)
  /opt/ros/humble/install/share/pcl_conversions/cmake/ament_cmake_export_dependencies-extras.cmake:21 (find_package)
  /opt/ros/humble/install/share/pcl_conversions/cmake/pcl_conversionsConfig.cmake:41 (include)
  /ros2_ws/install/livox_ros_driver2/share/livox_ros_driver2/cmake/ament_cmake_export_dependencies-extras.cmake:21 (find_package)
  /ros2_ws/install/livox_ros_driver2/share/livox_ros_driver2/cmake/livox_ros_driver2Config.cmake:41 (include)
  /opt/ros/humble/install/share/ament_cmake_auto/cmake/ament_auto_find_build_dependencies.cmake:67 (find_package)
  CMakeLists.txt:42 (ament_auto_find_build_dependencies)
This warning is for project developers.  Use -Wno-dev to suppress it.
[0m
-- Eigen found (include: /usr/include/eigen3, version: 3.4.0)
-- OpenNI found (version: 1.5.4.0, include: /usr/include/ni, lib: /usr/lib/libOpenNI.so;libusb::libusb)
-- OpenNI2 found (version: 2.2.0.33, include: /usr/include/openni2, lib: /usr/lib/aarch64-linux-gnu/libOpenNI2.so;libusb::libusb)
-- Found Qhull version 8.0.2
-- OpenNI found (version: 1.5.4.0, include: /usr/include/ni, lib: /usr/lib/libOpenNI.so;libusb::libusb)
-- Found PCL_COMMON: /usr/lib/aarch64-linux-gnu/libpcl_common.so
-- Found PCL_KDTREE: /usr/lib/aarch64-linux-gnu/libpcl_kdtree.so
-- Found PCL_OCTREE: /usr/lib/aarch64-linux-gnu/libpcl_octree.so
-- Found PCL_SEARCH: /usr/lib/aarch64-linux-gnu/libpcl_search.so
-- Found PCL_SAMPLE_CONSENSUS: /usr/lib/aarch64-linux-gnu/libpcl_sample_consensus.so
-- Found PCL_FILTERS: /usr/lib/aarch64-linux-gnu/libpcl_filters.so
-- Found PCL_2D: /usr/include/pcl-1.12
-- Found PCL_GEOMETRY: /usr/include/pcl-1.12
-- Found PCL_IO: /usr/lib/aarch64-linux-gnu/libpcl_io.so
-- Found PCL_FEATURES: /usr/lib/aarch64-linux-gnu/libpcl_features.so
-- Found PCL_ML: /usr/lib/aarch64-linux-gnu/libpcl_ml.so
-- Found PCL_SEGMENTATION: /usr/lib/aarch64-linux-gnu/libpcl_segmentation.so
-- Found PCL_VISUALIZATION: /usr/lib/aarch64-linux-gnu/libpcl_visualization.so
-- Found PCL_SURFACE: /usr/lib/aarch64-linux-gnu/libpcl_surface.so
-- Found PCL_REGISTRATION: /usr/lib/aarch64-linux-gnu/libpcl_registration.so
-- Found PCL_KEYPOINTS: /usr/lib/aarch64-linux-gnu/libpcl_keypoints.so
-- Found PCL_TRACKING: /usr/lib/aarch64-linux-gnu/libpcl_tracking.so
-- Found PCL_RECOGNITION: /usr/lib/aarch64-linux-gnu/libpcl_recognition.so
-- Found PCL_STEREO: /usr/lib/aarch64-linux-gnu/libpcl_stereo.so
-- Found PCL_APPS: /usr/lib/aarch64-linux-gnu/libpcl_apps.so
-- Found PCL_IN_HAND_SCANNER: /usr/include/pcl-1.12
-- Found PCL_MODELER: /usr/include/pcl-1.12
-- Found PCL_POINT_CLOUD_EDITOR: /usr/include/pcl-1.12
-- Found PCL_OUTOFCORE: /usr/lib/aarch64-linux-gnu/libpcl_outofcore.so
-- Found PCL_PEOPLE: /usr/lib/aarch64-linux-gnu/libpcl_people.so
-- Found livox_ros_driver2
-- Configuring done (6.9s)
-- Generating done (0.0s)
-- Build files have been written to: /num4_ws/build/livox_to_pointcloud2
[ 25%] [32mBuilding CXX object CMakeFiles/livox_to_pointcloud2.dir/src/livox_to_pointcloud2_ros2.cpp.o[0m
[ 50%] [32m[1mLinking CXX shared library liblivox_to_pointcloud2.so[0m
[ 50%] Built target livox_to_pointcloud2
[ 75%] [32mBuilding CXX object CMakeFiles/livox_to_pointcloud2_node.dir/src/livox_to_pointcloud2_ros2_node.cpp.o[0m
[100%] [32m[1mLinking CXX executable livox_to_pointcloud2_node[0m
[100%] Built target livox_to_pointcloud2_node
-- Install configuration: "RelWithDebInfo"
-- Execute custom install script
-- Symlinking: /num4_ws/install/livox_to_pointcloud2/include/livox_to_pointcloud2/livox_converter.hpp
-- Symlinking: /num4_ws/install/livox_to_pointcloud2/include/livox_to_pointcloud2/livox_to_pointcloud2_ros2.hpp
-- Symlinking: /num4_ws/install/livox_to_pointcloud2/share/livox_to_pointcloud2/environment/library_path.sh
-- Symlinking: /num4_ws/install/livox_to_pointcloud2/share/livox_to_pointcloud2/environment/library_path.dsv
-- Symlinking: /num4_ws/install/livox_to_pointcloud2/lib/liblivox_to_pointcloud2.so
-- Symlinking: /num4_ws/install/livox_to_pointcloud2/lib/livox_to_pointcloud2/livox_to_pointcloud2_node
-- Symlinking: /num4_ws/install/livox_to_pointcloud2/share/ament_index/resource_index/package_run_dependencies/livox_to_pointcloud2
-- Symlinking: /num4_ws/install/livox_to_pointcloud2/share/ament_index/resource_index/parent_prefix_path/livox_to_pointcloud2
-- Symlinking: /num4_ws/install/livox_to_pointcloud2/share/livox_to_pointcloud2/environment/ament_prefix_path.sh
-- Symlinking: /num4_ws/install/livox_to_pointcloud2/share/livox_to_pointcloud2/environment/ament_prefix_path.dsv
-- Symlinking: /num4_ws/install/livox_to_pointcloud2/share/livox_to_pointcloud2/environment/path.sh
-- Symlinking: /num4_ws/install/livox_to_pointcloud2/share/livox_to_pointcloud2/environment/path.dsv
-- Symlinking: /num4_ws/install/livox_to_pointcloud2/share/livox_to_pointcloud2/local_setup.bash
-- Symlinking: /num4_ws/install/livox_to_pointcloud2/share/livox_to_pointcloud2/local_setup.sh
-- Symlinking: /num4_ws/install/livox_to_pointcloud2/share/livox_to_pointcloud2/local_setup.zsh
-- Symlinking: /num4_ws/install/livox_to_pointcloud2/share/livox_to_pointcloud2/local_setup.dsv
-- Symlinking: /num4_ws/install/livox_to_pointcloud2/share/livox_to_pointcloud2/package.dsv
-- Symlinking: /num4_ws/install/livox_to_pointcloud2/share/ament_index/resource_index/packages/livox_to_pointcloud2
-- Symlinking: /num4_ws/install/livox_to_pointcloud2/share/ament_index/resource_index/rclcpp_components/livox_to_pointcloud2
-- Symlinking: /num4_ws/install/livox_to_pointcloud2/share/livox_to_pointcloud2/cmake/ament_cmake_export_dependencies-extras.cmake
-- Symlinking: /num4_ws/install/livox_to_pointcloud2/share/livox_to_pointcloud2/cmake/ament_cmake_export_include_directories-extras.cmake
-- Symlinking: /num4_ws/install/livox_to_pointcloud2/share/livox_to_pointcloud2/cmake/ament_cmake_export_libraries-extras.cmake
-- Symlinking: /num4_ws/install/livox_to_pointcloud2/share/livox_to_pointcloud2/cmake/livox_to_pointcloud2Config.cmake
-- Symlinking: /num4_ws/install/livox_to_pointcloud2/share/livox_to_pointcloud2/cmake/livox_to_pointcloud2Config-version.cmake
-- Symlinking: /num4_ws/install/livox_to_pointcloud2/share/livox_to_pointcloud2/package.xml
