[0.034s] Invoking command in '/num4_ws/build/realsense2_bringup': AMENT_PREFIX_PATH=/num4_ws/install/imu_filter_madgwick:${AMENT_PREFIX_PATH} CMAKE_PREFIX_PATH=/num4_ws/install/imu_filter_madgwick:${CMAKE_PREFIX_PATH} LD_LIBRARY_PATH=/num4_ws/install/imu_filter_madgwick/lib:/ros2_ws/install/realsense2_camera/lib:/ros2_ws/install/realsense2_camera_msgs/lib:/ros2_ws/install/livox_ros_driver2/lib:/ros2_ws/install/diagnostic_updater/lib:/opt/ros/humble/install/opt/rviz_ogre_vendor/lib:/opt/ros/humble/install/lib:/usr/local/cuda/compat:/usr/local/cuda/lib64 PS1=\[\e[1;35m\]\u@\h:\[\e[1;34m\]\w\[\e[0m\]\$ /usr/local/bin/cmake /num4_ws/src/realsense2_bringup -DCMAKE_INSTALL_PREFIX=/num4_ws/install/realsense2_bringup
[0.186s] -- Found ament_cmake: 1.3.10 (/opt/ros/humble/install/share/ament_cmake/cmake)
[0.618s] -- Override CMake install command with custom implementation using symlinks instead of copying resources
[0.771s] -- Configuring done (0.6s)
[0.782s] -- Generating done (0.0s)
[0.783s] -- Build files have been written to: /num4_ws/build/realsense2_bringup
[0.809s] Invoked command in '/num4_ws/build/realsense2_bringup' returned '0': AMENT_PREFIX_PATH=/num4_ws/install/imu_filter_madgwick:${AMENT_PREFIX_PATH} CMAKE_PREFIX_PATH=/num4_ws/install/imu_filter_madgwick:${CMAKE_PREFIX_PATH} LD_LIBRARY_PATH=/num4_ws/install/imu_filter_madgwick/lib:/ros2_ws/install/realsense2_camera/lib:/ros2_ws/install/realsense2_camera_msgs/lib:/ros2_ws/install/livox_ros_driver2/lib:/ros2_ws/install/diagnostic_updater/lib:/opt/ros/humble/install/opt/rviz_ogre_vendor/lib:/opt/ros/humble/install/lib:/usr/local/cuda/compat:/usr/local/cuda/lib64 PS1=\[\e[1;35m\]\u@\h:\[\e[1;34m\]\w\[\e[0m\]\$ /usr/local/bin/cmake /num4_ws/src/realsense2_bringup -DCMAKE_INSTALL_PREFIX=/num4_ws/install/realsense2_bringup
[0.815s] Invoking command in '/num4_ws/build/realsense2_bringup': AMENT_PREFIX_PATH=/num4_ws/install/imu_filter_madgwick:${AMENT_PREFIX_PATH} CMAKE_PREFIX_PATH=/num4_ws/install/imu_filter_madgwick:${CMAKE_PREFIX_PATH} LD_LIBRARY_PATH=/num4_ws/install/imu_filter_madgwick/lib:/ros2_ws/install/realsense2_camera/lib:/ros2_ws/install/realsense2_camera_msgs/lib:/ros2_ws/install/livox_ros_driver2/lib:/ros2_ws/install/diagnostic_updater/lib:/opt/ros/humble/install/opt/rviz_ogre_vendor/lib:/opt/ros/humble/install/lib:/usr/local/cuda/compat:/usr/local/cuda/lib64 PS1=\[\e[1;35m\]\u@\h:\[\e[1;34m\]\w\[\e[0m\]\$ /usr/local/bin/cmake --build /num4_ws/build/realsense2_bringup -- -j8 -l8
[0.988s] Invoked command in '/num4_ws/build/realsense2_bringup' returned '0': AMENT_PREFIX_PATH=/num4_ws/install/imu_filter_madgwick:${AMENT_PREFIX_PATH} CMAKE_PREFIX_PATH=/num4_ws/install/imu_filter_madgwick:${CMAKE_PREFIX_PATH} LD_LIBRARY_PATH=/num4_ws/install/imu_filter_madgwick/lib:/ros2_ws/install/realsense2_camera/lib:/ros2_ws/install/realsense2_camera_msgs/lib:/ros2_ws/install/livox_ros_driver2/lib:/ros2_ws/install/diagnostic_updater/lib:/opt/ros/humble/install/opt/rviz_ogre_vendor/lib:/opt/ros/humble/install/lib:/usr/local/cuda/compat:/usr/local/cuda/lib64 PS1=\[\e[1;35m\]\u@\h:\[\e[1;34m\]\w\[\e[0m\]\$ /usr/local/bin/cmake --build /num4_ws/build/realsense2_bringup -- -j8 -l8
[1.298s] Invoking command in '/num4_ws/build/realsense2_bringup': AMENT_PREFIX_PATH=/num4_ws/install/imu_filter_madgwick:${AMENT_PREFIX_PATH} CMAKE_PREFIX_PATH=/num4_ws/install/imu_filter_madgwick:${CMAKE_PREFIX_PATH} LD_LIBRARY_PATH=/num4_ws/install/imu_filter_madgwick/lib:/ros2_ws/install/realsense2_camera/lib:/ros2_ws/install/realsense2_camera_msgs/lib:/ros2_ws/install/livox_ros_driver2/lib:/ros2_ws/install/diagnostic_updater/lib:/opt/ros/humble/install/opt/rviz_ogre_vendor/lib:/opt/ros/humble/install/lib:/usr/local/cuda/compat:/usr/local/cuda/lib64 PS1=\[\e[1;35m\]\u@\h:\[\e[1;34m\]\w\[\e[0m\]\$ /usr/local/bin/cmake --install /num4_ws/build/realsense2_bringup
[1.420s] -- Install configuration: ""
[1.421s] -- Execute custom install script
[1.422s] -- Up-to-date symlink: /num4_ws/install/realsense2_bringup/share/realsense2_bringup//launch/launch_d455.py
[1.422s] -- Up-to-date symlink: /num4_ws/install/realsense2_bringup/share/realsense2_bringup//config/config.yaml
[1.423s] -- Up-to-date symlink: /num4_ws/install/realsense2_bringup/share/ament_index/resource_index/package_run_dependencies/realsense2_bringup
[1.424s] -- Up-to-date symlink: /num4_ws/install/realsense2_bringup/share/ament_index/resource_index/parent_prefix_path/realsense2_bringup
[1.424s] -- Up-to-date symlink: /num4_ws/install/realsense2_bringup/share/realsense2_bringup/environment/ament_prefix_path.sh
[1.424s] -- Up-to-date symlink: /num4_ws/install/realsense2_bringup/share/realsense2_bringup/environment/ament_prefix_path.dsv
[1.425s] -- Up-to-date symlink: /num4_ws/install/realsense2_bringup/share/realsense2_bringup/environment/path.sh
[1.425s] -- Up-to-date symlink: /num4_ws/install/realsense2_bringup/share/realsense2_bringup/environment/path.dsv
[1.426s] -- Up-to-date symlink: /num4_ws/install/realsense2_bringup/share/realsense2_bringup/local_setup.bash
[1.426s] -- Up-to-date symlink: /num4_ws/install/realsense2_bringup/share/realsense2_bringup/local_setup.sh
[1.426s] -- Up-to-date symlink: /num4_ws/install/realsense2_bringup/share/realsense2_bringup/local_setup.zsh
[1.427s] -- Up-to-date symlink: /num4_ws/install/realsense2_bringup/share/realsense2_bringup/local_setup.dsv
[1.427s] -- Symlinking: /num4_ws/install/realsense2_bringup/share/realsense2_bringup/package.dsv
[1.432s] -- Up-to-date symlink: /num4_ws/install/realsense2_bringup/share/ament_index/resource_index/packages/realsense2_bringup
[1.432s] -- Up-to-date symlink: /num4_ws/install/realsense2_bringup/share/realsense2_bringup/cmake/realsense2_bringupConfig.cmake
[1.433s] -- Up-to-date symlink: /num4_ws/install/realsense2_bringup/share/realsense2_bringup/cmake/realsense2_bringupConfig-version.cmake
[1.433s] -- Up-to-date symlink: /num4_ws/install/realsense2_bringup/share/realsense2_bringup/package.xml
[1.458s] Invoked command in '/num4_ws/build/realsense2_bringup' returned '0': AMENT_PREFIX_PATH=/num4_ws/install/imu_filter_madgwick:${AMENT_PREFIX_PATH} CMAKE_PREFIX_PATH=/num4_ws/install/imu_filter_madgwick:${CMAKE_PREFIX_PATH} LD_LIBRARY_PATH=/num4_ws/install/imu_filter_madgwick/lib:/ros2_ws/install/realsense2_camera/lib:/ros2_ws/install/realsense2_camera_msgs/lib:/ros2_ws/install/livox_ros_driver2/lib:/ros2_ws/install/diagnostic_updater/lib:/opt/ros/humble/install/opt/rviz_ogre_vendor/lib:/opt/ros/humble/install/lib:/usr/local/cuda/compat:/usr/local/cuda/lib64 PS1=\[\e[1;35m\]\u@\h:\[\e[1;34m\]\w\[\e[0m\]\$ /usr/local/bin/cmake --install /num4_ws/build/realsense2_bringup
