-- Found ZLIB: /usr/lib/aarch64-linux-gnu/libz.so (found version "1.2.11")
-- Using standalone ASIO
fatal: detected dubious ownership in repository at '/num4_ws/src/ros-foxglove-bridge'
To add an exception for this directory, call:

	git config --global --add safe.directory /num4_ws/src/ros-foxglove-bridge
-- nlohmann_json not found, will search at compile time
-- ROS_VERSION: 2
-- ROS_DISTRO: humble
-- ROS_ROOT: /opt/ros/humble
-- Building with ament_cmake
-- Found ament_cmake: 1.3.10 (/opt/ros/humble/install/share/ament_cmake/cmake)
-- Found Python3: /usr/local/bin/python3 (found version "3.10.12") found components: Interpreter
-- Override CMake install command with custom implementation using symlinks instead of copying resources
-- Found rosgraph_msgs: 1.2.1 (/opt/ros/humble/install/share/rosgraph_msgs/cmake)
-- Found rosidl_generator_c: 3.1.5 (/opt/ros/humble/install/share/rosidl_generator_c/cmake)
-- Found rosidl_adapter: 3.1.5 (/opt/ros/humble/install/share/rosidl_adapter/cmake)
-- Found rosidl_generator_cpp: 3.1.5 (/opt/ros/humble/install/share/rosidl_generator_cpp/cmake)
-- Using all available rosidl_typesupport_c: rosidl_typesupport_fastrtps_c;rosidl_typesupport_introspection_c
-- Using all available rosidl_typesupport_cpp: rosidl_typesupport_fastrtps_cpp;rosidl_typesupport_introspection_cpp
-- Found rclcpp: 16.0.10 (/opt/ros/humble/install/share/rclcpp/cmake)
-- Found rmw_implementation_cmake: 6.1.2 (/opt/ros/humble/install/share/rmw_implementation_cmake/cmake)
-- Found rmw_cyclonedds_cpp: 1.3.4 (/opt/ros/humble/install/share/rmw_cyclonedds_cpp/cmake)
-- Using RMW implementation 'rmw_cyclonedds_cpp' as default
-- Found rclcpp_components: 16.0.10 (/opt/ros/humble/install/share/rclcpp_components/cmake)
-- Found resource_retriever: 3.1.2 (/opt/ros/humble/install/share/resource_retriever/cmake)
-- library: /usr/lib/aarch64-linux-gnu/libcurl.so
[31mCMake Error at CMakeLists.txt:186 (find_package):
  By not providing "Findrosx_introspection.cmake" in CMAKE_MODULE_PATH this
  project has asked CMake to find a package configuration file provided by
  "rosx_introspection", but CMake did not find one.

  Could not find a package configuration file provided by
  "rosx_introspection" with any of the following names:

    rosx_introspectionConfig.cmake
    rosx_introspection-config.cmake

  Add the installation prefix of "rosx_introspection" to CMAKE_PREFIX_PATH or
  set "rosx_introspection_DIR" to a directory containing one of the above
  files.  If "rosx_introspection" provides a separate development package or
  SDK, be sure it has been installed.

[0m
-- Configuring incomplete, errors occurred!
