[0.028s] Invoking command in '/num4_ws/build/foxglove_bridge': PS1=\[\e[1;35m\]\u@\h:\[\e[1;34m\]\w\[\e[0m\]\$ /usr/local/bin/cmake /num4_ws/src/ros-foxglove-bridge -DAMENT_CMAKE_SYMLINK_INSTALL=1 -DCMAKE_INSTALL_PREFIX=/num4_ws/install/foxglove_bridge
[0.231s] -- Found ZLIB: /usr/lib/aarch64-linux-gnu/libz.so (found version "1.2.11")
[0.231s] -- Using standalone ASIO
[0.238s] fatal: detected dubious ownership in repository at '/num4_ws/src/ros-foxglove-bridge'
[0.238s] To add an exception for this directory, call:
[0.238s] 
[0.238s] 	git config --global --add safe.directory /num4_ws/src/ros-foxglove-bridge
[0.239s] -- nlohmann_json not found, will search at compile time
[0.239s] -- ROS_VERSION: 2
[0.239s] -- ROS_DISTRO: humble
[0.239s] -- ROS_ROOT: /opt/ros/humble
[0.239s] -- Building with ament_cmake
[0.243s] -- Found ament_cmake: 1.3.10 (/opt/ros/humble/install/share/ament_cmake/cmake)
[0.518s] -- Found Python3: /usr/local/bin/python3 (found version "3.10.12") found components: Interpreter
[0.638s] -- Override CMake install command with custom implementation using symlinks instead of copying resources
[0.745s] -- Found rosgraph_msgs: 1.2.1 (/opt/ros/humble/install/share/rosgraph_msgs/cmake)
[0.826s] -- Found rosidl_generator_c: 3.1.5 (/opt/ros/humble/install/share/rosidl_generator_c/cmake)
[0.837s] -- Found rosidl_adapter: 3.1.5 (/opt/ros/humble/install/share/rosidl_adapter/cmake)
[0.856s] -- Found rosidl_generator_cpp: 3.1.5 (/opt/ros/humble/install/share/rosidl_generator_cpp/cmake)
[0.882s] -- Using all available rosidl_typesupport_c: rosidl_typesupport_fastrtps_c;rosidl_typesupport_introspection_c
[0.919s] -- Using all available rosidl_typesupport_cpp: rosidl_typesupport_fastrtps_cpp;rosidl_typesupport_introspection_cpp
[0.978s] -- Found rclcpp: 16.0.10 (/opt/ros/humble/install/share/rclcpp/cmake)
[1.061s] -- Found rmw_implementation_cmake: 6.1.2 (/opt/ros/humble/install/share/rmw_implementation_cmake/cmake)
[1.067s] -- Found rmw_cyclonedds_cpp: 1.3.4 (/opt/ros/humble/install/share/rmw_cyclonedds_cpp/cmake)
[1.118s] -- Using RMW implementation 'rmw_cyclonedds_cpp' as default
[1.223s] -- Found rclcpp_components: 16.0.10 (/opt/ros/humble/install/share/rclcpp_components/cmake)
[1.284s] -- Found resource_retriever: 3.1.2 (/opt/ros/humble/install/share/resource_retriever/cmake)
[1.425s] -- library: /usr/lib/aarch64-linux-gnu/libcurl.so
[1.455s] [31mCMake Error at CMakeLists.txt:186 (find_package):
[1.455s]   By not providing "Findrosx_introspection.cmake" in CMAKE_MODULE_PATH this
[1.456s]   project has asked CMake to find a package configuration file provided by
[1.456s]   "rosx_introspection", but CMake did not find one.
[1.456s] 
[1.457s]   Could not find a package configuration file provided by
[1.457s]   "rosx_introspection" with any of the following names:
[1.457s] 
[1.457s]     rosx_introspectionConfig.cmake
[1.458s]     rosx_introspection-config.cmake
[1.458s] 
[1.458s]   Add the installation prefix of "rosx_introspection" to CMAKE_PREFIX_PATH or
[1.458s]   set "rosx_introspection_DIR" to a directory containing one of the above
[1.459s]   files.  If "rosx_introspection" provides a separate development package or
[1.459s]   SDK, be sure it has been installed.
[1.459s] 
[1.460s] [0m
[1.460s] -- Configuring incomplete, errors occurred!
[1.491s] Invoked command in '/num4_ws/build/foxglove_bridge' returned '1': PS1=\[\e[1;35m\]\u@\h:\[\e[1;34m\]\w\[\e[0m\]\$ /usr/local/bin/cmake /num4_ws/src/ros-foxglove-bridge -DAMENT_CMAKE_SYMLINK_INSTALL=1 -DCMAKE_INSTALL_PREFIX=/num4_ws/install/foxglove_bridge
