[0.033s] Invoking command in '/num4_ws/build/livox_bringup': PS1=\[\e[1;35m\]\u@\h:\[\e[1;34m\]\w\[\e[0m\]\$ /usr/local/bin/cmake --build /num4_ws/build/livox_bringup -- -j8 -l8
[0.179s] gmake: Warning: File 'Makefile' has modification time 1760136957 s in the future
[0.201s] gmake[1]: Warning: File 'CMakeFiles/Makefile2' has modification time 1760136957 s in the future
[0.201s] gmake[1]: warning:  Clock skew detected.  Your build may be incomplete.
[0.204s] gmake: warning:  Clock skew detected.  Your build may be incomplete.
[0.229s] Invoked command in '/num4_ws/build/livox_bringup' returned '0': PS1=\[\e[1;35m\]\u@\h:\[\e[1;34m\]\w\[\e[0m\]\$ /usr/local/bin/cmake --build /num4_ws/build/livox_bringup -- -j8 -l8
[0.529s] Invoking command in '/num4_ws/build/livox_bringup': PS1=\[\e[1;35m\]\u@\h:\[\e[1;34m\]\w\[\e[0m\]\$ /usr/local/bin/cmake --install /num4_ws/build/livox_bringup
[0.654s] -- Install configuration: ""
[0.655s] -- Execute custom install script
[0.656s] -- Up-to-date symlink: /num4_ws/install/livox_bringup/share/livox_bringup//launch/launch_mid360.py
[0.656s] -- Up-to-date symlink: /num4_ws/install/livox_bringup/share/livox_bringup//config/config.json
[0.656s] -- Up-to-date symlink: /num4_ws/install/livox_bringup/share/livox_bringup//config/config_lorepeat.json
[0.657s] -- Up-to-date symlink: /num4_ws/install/livox_bringup/share/livox_bringup//config/config_norepeat.json
[0.657s] -- Up-to-date symlink: /num4_ws/install/livox_bringup/share/livox_bringup//config/config_repeat.json
[0.658s] -- Up-to-date symlink: /num4_ws/install/livox_bringup/share/ament_index/resource_index/package_run_dependencies/livox_bringup
[0.658s] -- Up-to-date symlink: /num4_ws/install/livox_bringup/share/ament_index/resource_index/parent_prefix_path/livox_bringup
[0.658s] -- Up-to-date symlink: /num4_ws/install/livox_bringup/share/livox_bringup/environment/ament_prefix_path.sh
[0.659s] -- Up-to-date symlink: /num4_ws/install/livox_bringup/share/livox_bringup/environment/ament_prefix_path.dsv
[0.659s] -- Up-to-date symlink: /num4_ws/install/livox_bringup/share/livox_bringup/environment/path.sh
[0.659s] -- Up-to-date symlink: /num4_ws/install/livox_bringup/share/livox_bringup/environment/path.dsv
[0.659s] -- Up-to-date symlink: /num4_ws/install/livox_bringup/share/livox_bringup/local_setup.bash
[0.660s] -- Up-to-date symlink: /num4_ws/install/livox_bringup/share/livox_bringup/local_setup.sh
[0.660s] -- Up-to-date symlink: /num4_ws/install/livox_bringup/share/livox_bringup/local_setup.zsh
[0.660s] -- Up-to-date symlink: /num4_ws/install/livox_bringup/share/livox_bringup/local_setup.dsv
[0.660s] -- Symlinking: /num4_ws/install/livox_bringup/share/livox_bringup/package.dsv
[0.666s] -- Up-to-date symlink: /num4_ws/install/livox_bringup/share/ament_index/resource_index/packages/livox_bringup
[0.666s] -- Up-to-date symlink: /num4_ws/install/livox_bringup/share/livox_bringup/cmake/livox_bringupConfig.cmake
[0.666s] -- Up-to-date symlink: /num4_ws/install/livox_bringup/share/livox_bringup/cmake/livox_bringupConfig-version.cmake
[0.667s] -- Up-to-date symlink: /num4_ws/install/livox_bringup/share/livox_bringup/package.xml
[0.691s] Invoked command in '/num4_ws/build/livox_bringup' returned '0': PS1=\[\e[1;35m\]\u@\h:\[\e[1;34m\]\w\[\e[0m\]\$ /usr/local/bin/cmake --install /num4_ws/build/livox_bringup
