-- Found ament_cmake: 1.3.10 (/opt/ros/humble/install/share/ament_cmake/cmake)
-- Override CMake install command with custom implementation using symlinks instead of copying resources
-- Found message_filters: 4.3.5 (/opt/ros/humble/install/share/message_filters/cmake)
-- Found rosidl_generator_c: 3.1.5 (/opt/ros/humble/install/share/rosidl_generator_c/cmake)
-- Found rosidl_adapter: 3.1.5 (/opt/ros/humble/install/share/rosidl_adapter/cmake)
-- Found rosidl_generator_cpp: 3.1.5 (/opt/ros/humble/install/share/rosidl_generator_cpp/cmake)
-- Using all available rosidl_typesupport_c: rosidl_typesupport_fastrtps_c;rosidl_typesupport_introspection_c
-- Using all available rosidl_typesupport_cpp: rosidl_typesupport_fastrtps_cpp;rosidl_typesupport_introspection_cpp
-- Found rmw_implementation_cmake: 6.1.2 (/opt/ros/humble/install/share/rmw_implementation_cmake/cmake)
-- Found rmw_cyclonedds_cpp: 1.3.4 (/opt/ros/humble/install/share/rmw_cyclonedds_cpp/cmake)
-- Using RMW implementation 'rmw_cyclonedds_cpp' as default
-- Found rviz_common: 11.2.13 (/opt/ros/humble/install/share/rviz_common/cmake)
-- Setting assimp_DIR to: '/opt/ros/humble/install/share/rviz_assimp_vendor/cmake/../../../opt/rviz_assimp_vendor/lib/cmake/assimp-4.1'
-- Setting OGRE_DIR to: '/opt/ros/humble/install/share/rviz_ogre_vendor/cmake/../../../opt/rviz_ogre_vendor/lib/OGRE/cmake'
-- Found OGRE
--   static     : OFF
--   components : HLMS;MeshLodGenerator;Overlay;Paging;Property;RTShaderSystem;Terrain;Volume
--   plugins    : Plugin_BSPSceneManager;Plugin_OctreeSceneManager;Plugin_PCZSceneManager;Plugin_ParticleFX;RenderSystem_GL;RenderSystem_GL3Plus;Codec_STBI
--   media      : /opt/ros/humble/install/opt/rviz_ogre_vendor/share/OGRE/Media
-- OGRE_LIBRARIES: OgreHLMS;OgreMeshLodGenerator;OgreOverlay;OgrePaging;OgreProperty;OgreRTShaderSystem;OgreTerrain;OgreVolume;OgreMain
-- OGRE_LIBRARY_DIRS: /opt/ros/humble/install/opt/rviz_ogre_vendor/lib
-- OGRE_PLUGINS: Plugin_BSPSceneManager;Plugin_OctreeSceneManager;Plugin_PCZSceneManager;Plugin_ParticleFX;RenderSystem_GL;RenderSystem_GL3Plus;Codec_STBI
-- OGRE_PLUGIN_DIR: /opt/ros/humble/install/opt/rviz_ogre_vendor/lib/OGRE
-- rviz_ogre_vendor::OgreOverlay for IMPORTED_LOCATION_RELEASE: /opt/ros/humble/install/opt/rviz_ogre_vendor/lib/libOgreOverlay.so
-- rviz_ogre_vendor::OgreOverlay for IMPORTED_LOCATION_DEBUG: /opt/ros/humble/install/opt/rviz_ogre_vendor/lib/libOgreOverlay.so
-- rviz_ogre_vendor::OgreMain for IMPORTED_LOCATION_RELEASE: /opt/ros/humble/install/opt/rviz_ogre_vendor/lib/libOgreMain.so
-- rviz_ogre_vendor::OgreMain for IMPORTED_LOCATION_DEBUG: /opt/ros/humble/install/opt/rviz_ogre_vendor/lib/libOgreMain.so
-- Could not find freeimage library
-- library: /usr/lib/aarch64-linux-gnu/libcurl.so
-- Ensuring Eigen3 include directory is part of orocos-kdl CMake target
-- Configuring done (1.4s)
-- Generating done (0.1s)
-- Build files have been written to: /num4_ws/build/rviz_imu_plugin
[  0%] Built target rviz_imu_plugin_autogen_timestamp_deps
[ 10%] [34m[1mAutomatic MOC for target rviz_imu_plugin[0m
[ 10%] Built target rviz_imu_plugin_autogen
[100%] Built target rviz_imu_plugin
-- Install configuration: ""
-- Execute custom install script
-- Symlinking: /num4_ws/install/rviz_imu_plugin/share/rviz_imu_plugin//plugin_description.xml
-- Symlinking: /num4_ws/install/rviz_imu_plugin/share/rviz_imu_plugin/environment/library_path.sh
-- Symlinking: /num4_ws/install/rviz_imu_plugin/share/rviz_imu_plugin/environment/library_path.dsv
-- Symlinking: /num4_ws/install/rviz_imu_plugin/share/ament_index/resource_index/package_run_dependencies/rviz_imu_plugin
-- Symlinking: /num4_ws/install/rviz_imu_plugin/share/ament_index/resource_index/parent_prefix_path/rviz_imu_plugin
-- Symlinking: /num4_ws/install/rviz_imu_plugin/share/rviz_imu_plugin/environment/ament_prefix_path.sh
-- Symlinking: /num4_ws/install/rviz_imu_plugin/share/rviz_imu_plugin/environment/ament_prefix_path.dsv
-- Symlinking: /num4_ws/install/rviz_imu_plugin/share/rviz_imu_plugin/environment/path.sh
-- Symlinking: /num4_ws/install/rviz_imu_plugin/share/rviz_imu_plugin/environment/path.dsv
-- Symlinking: /num4_ws/install/rviz_imu_plugin/share/rviz_imu_plugin/local_setup.bash
-- Symlinking: /num4_ws/install/rviz_imu_plugin/share/rviz_imu_plugin/local_setup.sh
-- Symlinking: /num4_ws/install/rviz_imu_plugin/share/rviz_imu_plugin/local_setup.zsh
-- Symlinking: /num4_ws/install/rviz_imu_plugin/share/rviz_imu_plugin/local_setup.dsv
-- Symlinking: /num4_ws/install/rviz_imu_plugin/share/rviz_imu_plugin/package.dsv
-- Symlinking: /num4_ws/install/rviz_imu_plugin/share/ament_index/resource_index/packages/rviz_imu_plugin
-- Symlinking: /num4_ws/install/rviz_imu_plugin/share/ament_index/resource_index/rviz_common__pluginlib__plugin/rviz_imu_plugin
-- Symlinking: /num4_ws/install/rviz_imu_plugin/share/rviz_imu_plugin/cmake/ament_cmake_export_include_directories-extras.cmake
-- Symlinking: /num4_ws/install/rviz_imu_plugin/share/rviz_imu_plugin/cmake/ament_cmake_export_libraries-extras.cmake
-- Symlinking: /num4_ws/install/rviz_imu_plugin/share/rviz_imu_plugin/cmake/ament_cmake_export_dependencies-extras.cmake
-- Symlinking: /num4_ws/install/rviz_imu_plugin/share/rviz_imu_plugin/cmake/rviz_imu_pluginConfig.cmake
-- Symlinking: /num4_ws/install/rviz_imu_plugin/share/rviz_imu_plugin/cmake/rviz_imu_pluginConfig-version.cmake
-- Symlinking: /num4_ws/install/rviz_imu_plugin/share/rviz_imu_plugin/package.xml
-- Installing: /num4_ws/install/rviz_imu_plugin/lib/librviz_imu_plugin.so
-- Set non-toolchain portion of runtime path of "/num4_ws/install/rviz_imu_plugin/lib/librviz_imu_plugin.so" to ""
