[0.073s] Invoking command in '/num4_ws/build/rviz_imu_plugin': PS1=\[\e[1;35m\]\u@\h:\[\e[1;34m\]\w\[\e[0m\]\$ /usr/local/bin/cmake /num4_ws/src/imu_tools/rviz_imu_plugin -DBUILD_TESTING=OFF -DCMAKE_INSTALL_PREFIX=/num4_ws/install/rviz_imu_plugin
[0.211s] -- Found ament_cmake: 1.3.10 (/opt/ros/humble/install/share/ament_cmake/cmake)
[0.600s] -- Override CMake install command with custom implementation using symlinks instead of copying resources
[0.613s] -- Found message_filters: 4.3.5 (/opt/ros/humble/install/share/message_filters/cmake)
[0.675s] -- Found rosidl_generator_c: 3.1.5 (/opt/ros/humble/install/share/rosidl_generator_c/cmake)
[0.681s] -- Found rosidl_adapter: 3.1.5 (/opt/ros/humble/install/share/rosidl_adapter/cmake)
[0.693s] -- Found rosidl_generator_cpp: 3.1.5 (/opt/ros/humble/install/share/rosidl_generator_cpp/cmake)
[0.714s] -- Using all available rosidl_typesupport_c: rosidl_typesupport_fastrtps_c;rosidl_typesupport_introspection_c
[0.742s] -- Using all available rosidl_typesupport_cpp: rosidl_typesupport_fastrtps_cpp;rosidl_typesupport_introspection_cpp
[0.814s] -- Found rmw_implementation_cmake: 6.1.2 (/opt/ros/humble/install/share/rmw_implementation_cmake/cmake)
[0.817s] -- Found rmw_cyclonedds_cpp: 1.3.4 (/opt/ros/humble/install/share/rmw_cyclonedds_cpp/cmake)
[0.856s] -- Using RMW implementation 'rmw_cyclonedds_cpp' as default
[0.982s] -- Found rviz_common: 11.2.13 (/opt/ros/humble/install/share/rviz_common/cmake)
[0.990s] -- Setting assimp_DIR to: '/opt/ros/humble/install/share/rviz_assimp_vendor/cmake/../../../opt/rviz_assimp_vendor/lib/cmake/assimp-4.1'
[0.999s] -- Setting OGRE_DIR to: '/opt/ros/humble/install/share/rviz_ogre_vendor/cmake/../../../opt/rviz_ogre_vendor/lib/OGRE/cmake'
[1.002s] -- Found OGRE
[1.002s] --   static     : OFF
[1.002s] --   components : HLMS;MeshLodGenerator;Overlay;Paging;Property;RTShaderSystem;Terrain;Volume
[1.002s] --   plugins    : Plugin_BSPSceneManager;Plugin_OctreeSceneManager;Plugin_PCZSceneManager;Plugin_ParticleFX;RenderSystem_GL;RenderSystem_GL3Plus;Codec_STBI
[1.002s] --   media      : /opt/ros/humble/install/opt/rviz_ogre_vendor/share/OGRE/Media
[1.002s] -- OGRE_LIBRARIES: OgreHLMS;OgreMeshLodGenerator;OgreOverlay;OgrePaging;OgreProperty;OgreRTShaderSystem;OgreTerrain;OgreVolume;OgreMain
[1.002s] -- OGRE_LIBRARY_DIRS: /opt/ros/humble/install/opt/rviz_ogre_vendor/lib
[1.003s] -- OGRE_PLUGINS: Plugin_BSPSceneManager;Plugin_OctreeSceneManager;Plugin_PCZSceneManager;Plugin_ParticleFX;RenderSystem_GL;RenderSystem_GL3Plus;Codec_STBI
[1.003s] -- OGRE_PLUGIN_DIR: /opt/ros/humble/install/opt/rviz_ogre_vendor/lib/OGRE
[1.003s] -- rviz_ogre_vendor::OgreOverlay for IMPORTED_LOCATION_RELEASE: /opt/ros/humble/install/opt/rviz_ogre_vendor/lib/libOgreOverlay.so
[1.003s] -- rviz_ogre_vendor::OgreOverlay for IMPORTED_LOCATION_DEBUG: /opt/ros/humble/install/opt/rviz_ogre_vendor/lib/libOgreOverlay.so
[1.003s] -- rviz_ogre_vendor::OgreMain for IMPORTED_LOCATION_RELEASE: /opt/ros/humble/install/opt/rviz_ogre_vendor/lib/libOgreMain.so
[1.003s] -- rviz_ogre_vendor::OgreMain for IMPORTED_LOCATION_DEBUG: /opt/ros/humble/install/opt/rviz_ogre_vendor/lib/libOgreMain.so
[1.010s] -- Could not find freeimage library
[1.187s] -- library: /usr/lib/aarch64-linux-gnu/libcurl.so
[1.313s] -- Ensuring Eigen3 include directory is part of orocos-kdl CMake target
[1.651s] -- Configuring done (1.4s)
[1.754s] -- Generating done (0.1s)
[1.756s] -- Build files have been written to: /num4_ws/build/rviz_imu_plugin
[1.820s] Invoked command in '/num4_ws/build/rviz_imu_plugin' returned '0': PS1=\[\e[1;35m\]\u@\h:\[\e[1;34m\]\w\[\e[0m\]\$ /usr/local/bin/cmake /num4_ws/src/imu_tools/rviz_imu_plugin -DBUILD_TESTING=OFF -DCMAKE_INSTALL_PREFIX=/num4_ws/install/rviz_imu_plugin
[1.821s] Invoking command in '/num4_ws/build/rviz_imu_plugin': PS1=\[\e[1;35m\]\u@\h:\[\e[1;34m\]\w\[\e[0m\]\$ /usr/local/bin/cmake --build /num4_ws/build/rviz_imu_plugin -- -j8 -l8
[2.028s] [  0%] Built target rviz_imu_plugin_autogen_timestamp_deps
[2.099s] [ 10%] [34m[1mAutomatic MOC for target rviz_imu_plugin[0m
[2.132s] [ 10%] Built target rviz_imu_plugin_autogen
[2.223s] [100%] Built target rviz_imu_plugin
[2.268s] Invoked command in '/num4_ws/build/rviz_imu_plugin' returned '0': PS1=\[\e[1;35m\]\u@\h:\[\e[1;34m\]\w\[\e[0m\]\$ /usr/local/bin/cmake --build /num4_ws/build/rviz_imu_plugin -- -j8 -l8
[2.567s] Invoking command in '/num4_ws/build/rviz_imu_plugin': PS1=\[\e[1;35m\]\u@\h:\[\e[1;34m\]\w\[\e[0m\]\$ /usr/local/bin/cmake --install /num4_ws/build/rviz_imu_plugin
[2.720s] -- Install configuration: ""
[2.720s] -- Execute custom install script
[2.721s] -- Symlinking: /num4_ws/install/rviz_imu_plugin/share/rviz_imu_plugin//plugin_description.xml
[2.729s] -- Symlinking: /num4_ws/install/rviz_imu_plugin/share/rviz_imu_plugin/environment/library_path.sh
[2.734s] -- Symlinking: /num4_ws/install/rviz_imu_plugin/share/rviz_imu_plugin/environment/library_path.dsv
[2.740s] -- Symlinking: /num4_ws/install/rviz_imu_plugin/share/ament_index/resource_index/package_run_dependencies/rviz_imu_plugin
[2.746s] -- Symlinking: /num4_ws/install/rviz_imu_plugin/share/ament_index/resource_index/parent_prefix_path/rviz_imu_plugin
[2.752s] -- Symlinking: /num4_ws/install/rviz_imu_plugin/share/rviz_imu_plugin/environment/ament_prefix_path.sh
[2.758s] -- Symlinking: /num4_ws/install/rviz_imu_plugin/share/rviz_imu_plugin/environment/ament_prefix_path.dsv
[2.764s] -- Symlinking: /num4_ws/install/rviz_imu_plugin/share/rviz_imu_plugin/environment/path.sh
[2.772s] -- Symlinking: /num4_ws/install/rviz_imu_plugin/share/rviz_imu_plugin/environment/path.dsv
[2.778s] -- Symlinking: /num4_ws/install/rviz_imu_plugin/share/rviz_imu_plugin/local_setup.bash
[2.785s] -- Symlinking: /num4_ws/install/rviz_imu_plugin/share/rviz_imu_plugin/local_setup.sh
[2.791s] -- Symlinking: /num4_ws/install/rviz_imu_plugin/share/rviz_imu_plugin/local_setup.zsh
[2.797s] -- Symlinking: /num4_ws/install/rviz_imu_plugin/share/rviz_imu_plugin/local_setup.dsv
[2.803s] -- Symlinking: /num4_ws/install/rviz_imu_plugin/share/rviz_imu_plugin/package.dsv
[2.809s] -- Symlinking: /num4_ws/install/rviz_imu_plugin/share/ament_index/resource_index/packages/rviz_imu_plugin
[2.815s] -- Symlinking: /num4_ws/install/rviz_imu_plugin/share/ament_index/resource_index/rviz_common__pluginlib__plugin/rviz_imu_plugin
[2.822s] -- Symlinking: /num4_ws/install/rviz_imu_plugin/share/rviz_imu_plugin/cmake/ament_cmake_export_include_directories-extras.cmake
[2.828s] -- Symlinking: /num4_ws/install/rviz_imu_plugin/share/rviz_imu_plugin/cmake/ament_cmake_export_libraries-extras.cmake
[2.834s] -- Symlinking: /num4_ws/install/rviz_imu_plugin/share/rviz_imu_plugin/cmake/ament_cmake_export_dependencies-extras.cmake
[2.840s] -- Symlinking: /num4_ws/install/rviz_imu_plugin/share/rviz_imu_plugin/cmake/rviz_imu_pluginConfig.cmake
[2.846s] -- Symlinking: /num4_ws/install/rviz_imu_plugin/share/rviz_imu_plugin/cmake/rviz_imu_pluginConfig-version.cmake
[2.852s] -- Symlinking: /num4_ws/install/rviz_imu_plugin/share/rviz_imu_plugin/package.xml
[2.858s] -- Installing: /num4_ws/install/rviz_imu_plugin/lib/librviz_imu_plugin.so
[2.875s] -- Set non-toolchain portion of runtime path of "/num4_ws/install/rviz_imu_plugin/lib/librviz_imu_plugin.so" to ""
[2.912s] Invoked command in '/num4_ws/build/rviz_imu_plugin' returned '0': PS1=\[\e[1;35m\]\u@\h:\[\e[1;34m\]\w\[\e[0m\]\$ /usr/local/bin/cmake --install /num4_ws/build/rviz_imu_plugin
