[0.030s] Invoking command in '/num4_ws/build/realsense2_bringup': PS1=\[\033[01;32m\]\u@\h\[\033[00m\]:\[\033[01;34m\]\w\[\033[00m\]$ /usr/local/bin/cmake --build /num4_ws/build/realsense2_bringup -- -j8 -l8
[0.208s] Invoked command in '/num4_ws/build/realsense2_bringup' returned '0': PS1=\[\033[01;32m\]\u@\h\[\033[00m\]:\[\033[01;34m\]\w\[\033[00m\]$ /usr/local/bin/cmake --build /num4_ws/build/realsense2_bringup -- -j8 -l8
[0.528s] Invoking command in '/num4_ws/build/realsense2_bringup': PS1=\[\033[01;32m\]\u@\h\[\033[00m\]:\[\033[01;34m\]\w\[\033[00m\]$ /usr/local/bin/cmake --install /num4_ws/build/realsense2_bringup
[0.648s] -- Install configuration: ""
[0.648s] -- Execute custom install script
[0.649s] -- Up-to-date symlink: /num4_ws/install/realsense2_bringup/share/realsense2_bringup//launch/launch_d455.py
[0.650s] -- Up-to-date symlink: /num4_ws/install/realsense2_bringup/share/realsense2_bringup//config/config.yaml
[0.650s] -- Up-to-date symlink: /num4_ws/install/realsense2_bringup/share/ament_index/resource_index/package_run_dependencies/realsense2_bringup
[0.651s] -- Up-to-date symlink: /num4_ws/install/realsense2_bringup/share/ament_index/resource_index/parent_prefix_path/realsense2_bringup
[0.651s] -- Up-to-date symlink: /num4_ws/install/realsense2_bringup/share/realsense2_bringup/environment/ament_prefix_path.sh
[0.651s] -- Up-to-date symlink: /num4_ws/install/realsense2_bringup/share/realsense2_bringup/environment/ament_prefix_path.dsv
[0.652s] -- Up-to-date symlink: /num4_ws/install/realsense2_bringup/share/realsense2_bringup/environment/path.sh
[0.652s] -- Up-to-date symlink: /num4_ws/install/realsense2_bringup/share/realsense2_bringup/environment/path.dsv
[0.652s] -- Up-to-date symlink: /num4_ws/install/realsense2_bringup/share/realsense2_bringup/local_setup.bash
[0.653s] -- Up-to-date symlink: /num4_ws/install/realsense2_bringup/share/realsense2_bringup/local_setup.sh
[0.653s] -- Up-to-date symlink: /num4_ws/install/realsense2_bringup/share/realsense2_bringup/local_setup.zsh
[0.653s] -- Up-to-date symlink: /num4_ws/install/realsense2_bringup/share/realsense2_bringup/local_setup.dsv
[0.653s] -- Symlinking: /num4_ws/install/realsense2_bringup/share/realsense2_bringup/package.dsv
[0.659s] -- Up-to-date symlink: /num4_ws/install/realsense2_bringup/share/ament_index/resource_index/packages/realsense2_bringup
[0.660s] -- Up-to-date symlink: /num4_ws/install/realsense2_bringup/share/realsense2_bringup/cmake/realsense2_bringupConfig.cmake
[0.660s] -- Up-to-date symlink: /num4_ws/install/realsense2_bringup/share/realsense2_bringup/cmake/realsense2_bringupConfig-version.cmake
[0.660s] -- Up-to-date symlink: /num4_ws/install/realsense2_bringup/share/realsense2_bringup/package.xml
[0.684s] Invoked command in '/num4_ws/build/realsense2_bringup' returned '0': PS1=\[\033[01;32m\]\u@\h\[\033[00m\]:\[\033[01;34m\]\w\[\033[00m\]$ /usr/local/bin/cmake --install /num4_ws/build/realsense2_bringup
