[0.027s] Invoking command in '/num4_ws/build/realsense2_bringup': AMENT_PREFIX_PATH=/num4_ws/install/imu_filter_madgwick:${AMENT_PREFIX_PATH} CMAKE_PREFIX_PATH=/num4_ws/install/imu_filter_madgwick:${CMAKE_PREFIX_PATH} LD_LIBRARY_PATH=/num4_ws/install/imu_filter_madgwick/lib:/ros2_ws/install/realsense2_camera/lib:/ros2_ws/install/realsense2_camera_msgs/lib:/ros2_ws/install/livox_ros_driver2/lib:/ros2_ws/install/diagnostic_updater/lib:/opt/ros/humble/install/opt/rviz_ogre_vendor/lib:/opt/ros/humble/install/lib:/usr/local/cuda/compat:/usr/local/cuda/lib64 PS1=\[\e[1;35m\]\u@\h:\[\e[1;34m\]\w\[\e[0m\]\$ /usr/local/bin/cmake --build /num4_ws/build/realsense2_bringup -- -j8 -l8
[0.178s] Invoked command in '/num4_ws/build/realsense2_bringup' returned '0': AMENT_PREFIX_PATH=/num4_ws/install/imu_filter_madgwick:${AMENT_PREFIX_PATH} CMAKE_PREFIX_PATH=/num4_ws/install/imu_filter_madgwick:${CMAKE_PREFIX_PATH} LD_LIBRARY_PATH=/num4_ws/install/imu_filter_madgwick/lib:/ros2_ws/install/realsense2_camera/lib:/ros2_ws/install/realsense2_camera_msgs/lib:/ros2_ws/install/livox_ros_driver2/lib:/ros2_ws/install/diagnostic_updater/lib:/opt/ros/humble/install/opt/rviz_ogre_vendor/lib:/opt/ros/humble/install/lib:/usr/local/cuda/compat:/usr/local/cuda/lib64 PS1=\[\e[1;35m\]\u@\h:\[\e[1;34m\]\w\[\e[0m\]\$ /usr/local/bin/cmake --build /num4_ws/build/realsense2_bringup -- -j8 -l8
[0.490s] Invoking command in '/num4_ws/build/realsense2_bringup': AMENT_PREFIX_PATH=/num4_ws/install/imu_filter_madgwick:${AMENT_PREFIX_PATH} CMAKE_PREFIX_PATH=/num4_ws/install/imu_filter_madgwick:${CMAKE_PREFIX_PATH} LD_LIBRARY_PATH=/num4_ws/install/imu_filter_madgwick/lib:/ros2_ws/install/realsense2_camera/lib:/ros2_ws/install/realsense2_camera_msgs/lib:/ros2_ws/install/livox_ros_driver2/lib:/ros2_ws/install/diagnostic_updater/lib:/opt/ros/humble/install/opt/rviz_ogre_vendor/lib:/opt/ros/humble/install/lib:/usr/local/cuda/compat:/usr/local/cuda/lib64 PS1=\[\e[1;35m\]\u@\h:\[\e[1;34m\]\w\[\e[0m\]\$ /usr/local/bin/cmake --install /num4_ws/build/realsense2_bringup
[0.610s] -- Install configuration: ""
[0.610s] -- Execute custom install script
[0.611s] -- Up-to-date symlink: /num4_ws/install/realsense2_bringup/share/realsense2_bringup//launch/launch_d455.py
[0.611s] -- Up-to-date symlink: /num4_ws/install/realsense2_bringup/share/realsense2_bringup//config/config.yaml
[0.611s] -- Up-to-date symlink: /num4_ws/install/realsense2_bringup/share/ament_index/resource_index/package_run_dependencies/realsense2_bringup
[0.611s] -- Up-to-date symlink: /num4_ws/install/realsense2_bringup/share/ament_index/resource_index/parent_prefix_path/realsense2_bringup
[0.612s] -- Up-to-date symlink: /num4_ws/install/realsense2_bringup/share/realsense2_bringup/environment/ament_prefix_path.sh
[0.612s] -- Up-to-date symlink: /num4_ws/install/realsense2_bringup/share/realsense2_bringup/environment/ament_prefix_path.dsv
[0.612s] -- Up-to-date symlink: /num4_ws/install/realsense2_bringup/share/realsense2_bringup/environment/path.sh
[0.613s] -- Up-to-date symlink: /num4_ws/install/realsense2_bringup/share/realsense2_bringup/environment/path.dsv
[0.613s] -- Up-to-date symlink: /num4_ws/install/realsense2_bringup/share/realsense2_bringup/local_setup.bash
[0.613s] -- Up-to-date symlink: /num4_ws/install/realsense2_bringup/share/realsense2_bringup/local_setup.sh
[0.613s] -- Up-to-date symlink: /num4_ws/install/realsense2_bringup/share/realsense2_bringup/local_setup.zsh
[0.613s] -- Up-to-date symlink: /num4_ws/install/realsense2_bringup/share/realsense2_bringup/local_setup.dsv
[0.614s] -- Symlinking: /num4_ws/install/realsense2_bringup/share/realsense2_bringup/package.dsv
[0.619s] -- Up-to-date symlink: /num4_ws/install/realsense2_bringup/share/ament_index/resource_index/packages/realsense2_bringup
[0.620s] -- Up-to-date symlink: /num4_ws/install/realsense2_bringup/share/realsense2_bringup/cmake/realsense2_bringupConfig.cmake
[0.620s] -- Up-to-date symlink: /num4_ws/install/realsense2_bringup/share/realsense2_bringup/cmake/realsense2_bringupConfig-version.cmake
[0.620s] -- Up-to-date symlink: /num4_ws/install/realsense2_bringup/share/realsense2_bringup/package.xml
[0.644s] Invoked command in '/num4_ws/build/realsense2_bringup' returned '0': AMENT_PREFIX_PATH=/num4_ws/install/imu_filter_madgwick:${AMENT_PREFIX_PATH} CMAKE_PREFIX_PATH=/num4_ws/install/imu_filter_madgwick:${CMAKE_PREFIX_PATH} LD_LIBRARY_PATH=/num4_ws/install/imu_filter_madgwick/lib:/ros2_ws/install/realsense2_camera/lib:/ros2_ws/install/realsense2_camera_msgs/lib:/ros2_ws/install/livox_ros_driver2/lib:/ros2_ws/install/diagnostic_updater/lib:/opt/ros/humble/install/opt/rviz_ogre_vendor/lib:/opt/ros/humble/install/lib:/usr/local/cuda/compat:/usr/local/cuda/lib64 PS1=\[\e[1;35m\]\u@\h:\[\e[1;34m\]\w\[\e[0m\]\$ /usr/local/bin/cmake --install /num4_ws/build/realsense2_bringup
