[0.036s] Invoking command in '/num4_ws/build/livox_bringup': PS1=\[\e[1;35m\]\u@\h:\[\e[1;34m\]\w\[\e[0m\]\$ /usr/local/bin/cmake /num4_ws/src/livox_bringup -DCMAKE_INSTALL_PREFIX=/num4_ws/install/livox_bringup
[0.213s] -- Found ament_cmake: 1.3.10 (/opt/ros/humble/install/share/ament_cmake/cmake)
[0.613s] -- Override CMake install command with custom implementation using symlinks instead of copying resources
[0.786s] -- Configuring done (0.6s)
[0.797s] -- Generating done (0.0s)
[0.797s] -- Build files have been written to: /num4_ws/build/livox_bringup
[0.824s] Invoked command in '/num4_ws/build/livox_bringup' returned '0': PS1=\[\e[1;35m\]\u@\h:\[\e[1;34m\]\w\[\e[0m\]\$ /usr/local/bin/cmake /num4_ws/src/livox_bringup -DCMAKE_INSTALL_PREFIX=/num4_ws/install/livox_bringup
[0.828s] Invoking command in '/num4_ws/build/livox_bringup': PS1=\[\e[1;35m\]\u@\h:\[\e[1;34m\]\w\[\e[0m\]\$ /usr/local/bin/cmake --build /num4_ws/build/livox_bringup -- -j8 -l8
[0.997s] Invoked command in '/num4_ws/build/livox_bringup' returned '0': PS1=\[\e[1;35m\]\u@\h:\[\e[1;34m\]\w\[\e[0m\]\$ /usr/local/bin/cmake --build /num4_ws/build/livox_bringup -- -j8 -l8
[1.308s] Invoking command in '/num4_ws/build/livox_bringup': PS1=\[\e[1;35m\]\u@\h:\[\e[1;34m\]\w\[\e[0m\]\$ /usr/local/bin/cmake --install /num4_ws/build/livox_bringup
[1.430s] -- Install configuration: ""
[1.430s] -- Execute custom install script
[1.431s] -- Up-to-date symlink: /num4_ws/install/livox_bringup/share/livox_bringup//launch/launch_mid360.py
[1.432s] -- Up-to-date symlink: /num4_ws/install/livox_bringup/share/livox_bringup//config/config.json
[1.432s] -- Up-to-date symlink: /num4_ws/install/livox_bringup/share/livox_bringup//config/config_lorepeat.json
[1.432s] -- Up-to-date symlink: /num4_ws/install/livox_bringup/share/livox_bringup//config/config_norepeat.json
[1.432s] -- Up-to-date symlink: /num4_ws/install/livox_bringup/share/livox_bringup//config/config_repeat.json
[1.433s] -- Up-to-date symlink: /num4_ws/install/livox_bringup/share/ament_index/resource_index/package_run_dependencies/livox_bringup
[1.434s] -- Up-to-date symlink: /num4_ws/install/livox_bringup/share/ament_index/resource_index/parent_prefix_path/livox_bringup
[1.434s] -- Up-to-date symlink: /num4_ws/install/livox_bringup/share/livox_bringup/environment/ament_prefix_path.sh
[1.435s] -- Up-to-date symlink: /num4_ws/install/livox_bringup/share/livox_bringup/environment/ament_prefix_path.dsv
[1.435s] -- Up-to-date symlink: /num4_ws/install/livox_bringup/share/livox_bringup/environment/path.sh
[1.435s] -- Up-to-date symlink: /num4_ws/install/livox_bringup/share/livox_bringup/environment/path.dsv
[1.435s] -- Up-to-date symlink: /num4_ws/install/livox_bringup/share/livox_bringup/local_setup.bash
[1.436s] -- Up-to-date symlink: /num4_ws/install/livox_bringup/share/livox_bringup/local_setup.sh
[1.436s] -- Up-to-date symlink: /num4_ws/install/livox_bringup/share/livox_bringup/local_setup.zsh
[1.437s] -- Up-to-date symlink: /num4_ws/install/livox_bringup/share/livox_bringup/local_setup.dsv
[1.437s] -- Symlinking: /num4_ws/install/livox_bringup/share/livox_bringup/package.dsv
[1.443s] -- Up-to-date symlink: /num4_ws/install/livox_bringup/share/ament_index/resource_index/packages/livox_bringup
[1.443s] -- Up-to-date symlink: /num4_ws/install/livox_bringup/share/livox_bringup/cmake/livox_bringupConfig.cmake
[1.443s] -- Up-to-date symlink: /num4_ws/install/livox_bringup/share/livox_bringup/cmake/livox_bringupConfig-version.cmake
[1.444s] -- Up-to-date symlink: /num4_ws/install/livox_bringup/share/livox_bringup/package.xml
[1.467s] Invoked command in '/num4_ws/build/livox_bringup' returned '0': PS1=\[\e[1;35m\]\u@\h:\[\e[1;34m\]\w\[\e[0m\]\$ /usr/local/bin/cmake --install /num4_ws/build/livox_bringup
