-- Found rosbag2_cpp: 0.15.12 (/opt/ros/humble/install/share/rosbag2_cpp/cmake)
-- Found rosidl_generator_c: 3.1.5 (/opt/ros/humble/install/share/rosidl_generator_c/cmake)
-- Found rosidl_adapter: 3.1.5 (/opt/ros/humble/install/share/rosidl_adapter/cmake)
-- Found rosidl_generator_cpp: 3.1.5 (/opt/ros/humble/install/share/rosidl_generator_cpp/cmake)
-- Using all available rosidl_typesupport_c: rosidl_typesupport_fastrtps_c;rosidl_typesupport_introspection_c
-- Using all available rosidl_typesupport_cpp: rosidl_typesupport_fastrtps_cpp;rosidl_typesupport_introspection_cpp
-- Found rmw_implementation_cmake: 6.1.2 (/opt/ros/humble/install/share/rmw_implementation_cmake/cmake)
-- Found rmw_cyclonedds_cpp: 1.3.4 (/opt/ros/humble/install/share/rmw_cyclonedds_cpp/cmake)
-- Using RMW implementation 'rmw_cyclonedds_cpp' as default
-- RapidJSON found. Headers: /num4_ws/install/rosx_introspection/include
-- Configuring done (1.0s)
-- Generating done (0.0s)
-- Build files have been written to: /num4_ws/build/rosx_introspection
[ 30%] [32mBuilding CXX object CMakeFiles/rosx_introspection.dir/src/serializer.cpp.o[0m
[ 30%] [32mBuilding CXX object CMakeFiles/rosx_introspection.dir/src/ros_utils/message_definition_cache.cpp.o[0m
[ 30%] [32mBuilding CXX object CMakeFiles/rosx_introspection.dir/src/ros_parser.cpp.o[0m
[ 40%] [32mBuilding CXX object CMakeFiles/rosx_introspection.dir/src/ros_utils/ros2_helpers.cpp.o[0m
[01m[K/num4_ws/src/rosx_introspection/src/ros_parser.cpp:29:10:[m[K [01;31m[Kfatal error: [m[Krapidjson/document.h: No such file or directory
   29 | #include [01;31m[K"rapidjson/document.h"[m[K
      |          [01;31m[K^~~~~~~~~~~~~~~~~~~~~~[m[K
compilation terminated.
gmake[2]: *** [CMakeFiles/rosx_introspection.dir/build.make:132: CMakeFiles/rosx_introspection.dir/src/ros_parser.cpp.o] Error 1
gmake[2]: *** Waiting for unfinished jobs....
gmake[1]: *** [CMakeFiles/Makefile2:137: CMakeFiles/rosx_introspection.dir/all] Error 2
gmake: *** [Makefile:146: all] Error 2
