[0.031s] Invoking command in '/num4_ws/build/realsense2_bringup': PS1=\[\033[01;32m\]\u@\h\[\033[00m\]:\[\033[01;34m\]\w\[\033[00m\]$ /usr/local/bin/cmake /num4_ws/src/realsense2_bringup -DAMENT_CMAKE_SYMLINK_INSTALL=1 -DCMAKE_INSTALL_PREFIX=/num4_ws/install/realsense2_bringup
[0.298s] -- The C compiler identification is GNU 11.4.0
[0.449s] -- The CXX compiler identification is GNU 11.4.0
[0.481s] -- Detecting C compiler ABI info
[0.601s] -- Detecting C compiler ABI info - done
[0.651s] -- Check for working C compiler: /usr/bin/cc - skipped
[0.653s] -- Detecting C compile features
[0.655s] -- Detecting C compile features - done
[0.674s] -- Detecting CXX compiler ABI info
[0.803s] -- Detecting CXX compiler ABI info - done
[0.853s] -- Check for working CXX compiler: /usr/bin/c++ - skipped
[0.853s] -- Detecting CXX compile features
[0.855s] -- Detecting CXX compile features - done
[0.870s] -- Found ament_cmake: 1.3.10 (/opt/ros/humble/install/share/ament_cmake/cmake)
[1.165s] -- Found Python3: /usr/local/bin/python3 (found version "3.10.12") found components: Interpreter
[1.292s] -- Override CMake install command with custom implementation using symlinks instead of copying resources
[1.473s] -- Configuring done (1.3s)
[1.479s] -- Generating done (0.0s)
[1.479s] -- Build files have been written to: /num4_ws/build/realsense2_bringup
[1.510s] Invoked command in '/num4_ws/build/realsense2_bringup' returned '0': PS1=\[\033[01;32m\]\u@\h\[\033[00m\]:\[\033[01;34m\]\w\[\033[00m\]$ /usr/local/bin/cmake /num4_ws/src/realsense2_bringup -DAMENT_CMAKE_SYMLINK_INSTALL=1 -DCMAKE_INSTALL_PREFIX=/num4_ws/install/realsense2_bringup
[1.513s] Invoking command in '/num4_ws/build/realsense2_bringup': PS1=\[\033[01;32m\]\u@\h\[\033[00m\]:\[\033[01;34m\]\w\[\033[00m\]$ /usr/local/bin/cmake --build /num4_ws/build/realsense2_bringup -- -j8 -l8
[1.675s] Invoked command in '/num4_ws/build/realsense2_bringup' returned '0': PS1=\[\033[01;32m\]\u@\h\[\033[00m\]:\[\033[01;34m\]\w\[\033[00m\]$ /usr/local/bin/cmake --build /num4_ws/build/realsense2_bringup -- -j8 -l8
[1.989s] Invoking command in '/num4_ws/build/realsense2_bringup': PS1=\[\033[01;32m\]\u@\h\[\033[00m\]:\[\033[01;34m\]\w\[\033[00m\]$ /usr/local/bin/cmake --install /num4_ws/build/realsense2_bringup
[2.121s] -- Install configuration: ""
[2.122s] -- Execute custom install script
[2.122s] -- Symlinking: /num4_ws/install/realsense2_bringup/share/realsense2_bringup//launch/launch_d455.py
[2.127s] -- Symlinking: /num4_ws/install/realsense2_bringup/share/realsense2_bringup//config/config.yaml
[2.132s] -- Symlinking: /num4_ws/install/realsense2_bringup/share/ament_index/resource_index/package_run_dependencies/realsense2_bringup
[2.137s] -- Symlinking: /num4_ws/install/realsense2_bringup/share/ament_index/resource_index/parent_prefix_path/realsense2_bringup
[2.142s] -- Symlinking: /num4_ws/install/realsense2_bringup/share/realsense2_bringup/environment/ament_prefix_path.sh
[2.147s] -- Symlinking: /num4_ws/install/realsense2_bringup/share/realsense2_bringup/environment/ament_prefix_path.dsv
[2.152s] -- Symlinking: /num4_ws/install/realsense2_bringup/share/realsense2_bringup/environment/path.sh
[2.157s] -- Symlinking: /num4_ws/install/realsense2_bringup/share/realsense2_bringup/environment/path.dsv
[2.162s] -- Symlinking: /num4_ws/install/realsense2_bringup/share/realsense2_bringup/local_setup.bash
[2.168s] -- Symlinking: /num4_ws/install/realsense2_bringup/share/realsense2_bringup/local_setup.sh
[2.174s] -- Symlinking: /num4_ws/install/realsense2_bringup/share/realsense2_bringup/local_setup.zsh
[2.179s] -- Symlinking: /num4_ws/install/realsense2_bringup/share/realsense2_bringup/local_setup.dsv
[2.184s] -- Symlinking: /num4_ws/install/realsense2_bringup/share/realsense2_bringup/package.dsv
[2.190s] -- Symlinking: /num4_ws/install/realsense2_bringup/share/ament_index/resource_index/packages/realsense2_bringup
[2.195s] -- Symlinking: /num4_ws/install/realsense2_bringup/share/realsense2_bringup/cmake/realsense2_bringupConfig.cmake
[2.201s] -- Symlinking: /num4_ws/install/realsense2_bringup/share/realsense2_bringup/cmake/realsense2_bringupConfig-version.cmake
[2.206s] -- Symlinking: /num4_ws/install/realsense2_bringup/share/realsense2_bringup/package.xml
[2.235s] Invoked command in '/num4_ws/build/realsense2_bringup' returned '0': PS1=\[\033[01;32m\]\u@\h\[\033[00m\]:\[\033[01;34m\]\w\[\033[00m\]$ /usr/local/bin/cmake --install /num4_ws/build/realsense2_bringup
