-- The CXX compiler identification is GNU 11.4.0
-- Detecting CXX compiler ABI info
-- Detecting CXX compiler ABI info - done
-- Check for working CXX compiler: /usr/bin/c++ - skipped
-- Detecting CXX compile features
-- Detecting CXX compile features - done
-- Found OpenSSL: /usr/lib/aarch64-linux-gnu/libcrypto.so (found version "3.0.2")
-- Performing Test CMAKE_HAVE_LIBC_PTHREAD
-- Performing Test CMAKE_HAVE_LIBC_PTHREAD - Success
-- Found Threads: TRUE
[31mCMake Error at CMakeLists.txt:30 (find_package):
  By not providing "Findwebsocketpp.cmake" in CMAKE_MODULE_PATH this project
  has asked CMake to find a package configuration file provided by
  "websocketpp", but CMake did not find one.

  Could not find a package configuration file provided by "websocketpp" with
  any of the following names:

    websocketppConfig.cmake
    websocketpp-config.cmake

  Add the installation prefix of "websocketpp" to CMAKE_PREFIX_PATH or set
  "websocketpp_DIR" to a directory containing one of the above files.  If
  "websocketpp" provides a separate development package or SDK, be sure it
  has been installed.

[0m
-- Configuring incomplete, errors occurred!
