-- Found ament_cmake: 1.3.10 (/opt/ros/humble/install/share/ament_cmake/cmake)
-- Override CMake install command with custom implementation using symlinks instead of copying resources
-- Found geometry_msgs: 4.2.4 (/opt/ros/humble/install/share/geometry_msgs/cmake)
-- Found rosidl_generator_c: 3.1.5 (/opt/ros/humble/install/share/rosidl_generator_c/cmake)
-- Found rosidl_adapter: 3.1.5 (/opt/ros/humble/install/share/rosidl_adapter/cmake)
-- Found rosidl_generator_cpp: 3.1.5 (/opt/ros/humble/install/share/rosidl_generator_cpp/cmake)
-- Using all available rosidl_typesupport_c: rosidl_typesupport_fastrtps_c;rosidl_typesupport_introspection_c
-- Using all available rosidl_typesupport_cpp: rosidl_typesupport_fastrtps_cpp;rosidl_typesupport_introspection_cpp
-- Found message_filters: 4.3.5 (/opt/ros/humble/install/share/message_filters/cmake)
-- Found rmw_implementation_cmake: 6.1.2 (/opt/ros/humble/install/share/rmw_implementation_cmake/cmake)
-- Found rmw_cyclonedds_cpp: 1.3.4 (/opt/ros/humble/install/share/rmw_cyclonedds_cpp/cmake)
-- Using RMW implementation 'rmw_cyclonedds_cpp' as default
-- Found sensor_msgs: 4.2.4 (/opt/ros/humble/install/share/sensor_msgs/cmake)
-- Found tf2: 0.25.8 (/opt/ros/humble/install/share/tf2/cmake)
-- Found tf2_ros: 0.25.8 (/opt/ros/humble/install/share/tf2_ros/cmake)
-- Configuring done (1.3s)
-- Generating done (0.0s)
-- Build files have been written to: /num4_ws/build/imu_complementary_filter
[ 60%] Built target complementary_filter
[100%] Built target complementary_filter_node
-- Install configuration: ""
-- Execute custom install script
-- Up-to-date symlink: /num4_ws/install/imu_complementary_filter/lib/imu_complementary_filter/complementary_filter_node
-- Up-to-date symlink: /num4_ws/install/imu_complementary_filter/include/imu_complementary_filter/complementary_filter.h
-- Up-to-date symlink: /num4_ws/install/imu_complementary_filter/include/imu_complementary_filter/complementary_filter_ros.h
-- Up-to-date symlink: /num4_ws/install/imu_complementary_filter/share/imu_complementary_filter/launch/complementary_filter.launch.py
-- Up-to-date symlink: /num4_ws/install/imu_complementary_filter/share/imu_complementary_filter/config/filter_config.yaml
-- Up-to-date symlink: /num4_ws/install/imu_complementary_filter/share/imu_complementary_filter/environment/library_path.sh
-- Up-to-date symlink: /num4_ws/install/imu_complementary_filter/share/imu_complementary_filter/environment/library_path.dsv
-- Up-to-date symlink: /num4_ws/install/imu_complementary_filter/share/ament_index/resource_index/package_run_dependencies/imu_complementary_filter
-- Up-to-date symlink: /num4_ws/install/imu_complementary_filter/share/ament_index/resource_index/parent_prefix_path/imu_complementary_filter
-- Up-to-date symlink: /num4_ws/install/imu_complementary_filter/share/imu_complementary_filter/environment/ament_prefix_path.sh
-- Up-to-date symlink: /num4_ws/install/imu_complementary_filter/share/imu_complementary_filter/environment/ament_prefix_path.dsv
-- Up-to-date symlink: /num4_ws/install/imu_complementary_filter/share/imu_complementary_filter/environment/path.sh
-- Up-to-date symlink: /num4_ws/install/imu_complementary_filter/share/imu_complementary_filter/environment/path.dsv
-- Up-to-date symlink: /num4_ws/install/imu_complementary_filter/share/imu_complementary_filter/local_setup.bash
-- Up-to-date symlink: /num4_ws/install/imu_complementary_filter/share/imu_complementary_filter/local_setup.sh
-- Up-to-date symlink: /num4_ws/install/imu_complementary_filter/share/imu_complementary_filter/local_setup.zsh
-- Up-to-date symlink: /num4_ws/install/imu_complementary_filter/share/imu_complementary_filter/local_setup.dsv
-- Symlinking: /num4_ws/install/imu_complementary_filter/share/imu_complementary_filter/package.dsv
-- Up-to-date symlink: /num4_ws/install/imu_complementary_filter/share/ament_index/resource_index/packages/imu_complementary_filter
-- Up-to-date symlink: /num4_ws/install/imu_complementary_filter/share/imu_complementary_filter/cmake/ament_cmake_export_include_directories-extras.cmake
-- Up-to-date symlink: /num4_ws/install/imu_complementary_filter/share/imu_complementary_filter/cmake/ament_cmake_export_libraries-extras.cmake
-- Up-to-date symlink: /num4_ws/install/imu_complementary_filter/share/imu_complementary_filter/cmake/ament_cmake_export_targets-extras.cmake
-- Up-to-date symlink: /num4_ws/install/imu_complementary_filter/share/imu_complementary_filter/cmake/imu_complementary_filterConfig.cmake
-- Up-to-date symlink: /num4_ws/install/imu_complementary_filter/share/imu_complementary_filter/cmake/imu_complementary_filterConfig-version.cmake
-- Up-to-date symlink: /num4_ws/install/imu_complementary_filter/share/imu_complementary_filter/package.xml
-- Up-to-date: /num4_ws/install/imu_complementary_filter/lib/libcomplementary_filter.so
-- Up-to-date: /num4_ws/install/imu_complementary_filter/share/imu_complementary_filter/cmake/export_imu_complementary_filterExport.cmake
-- Up-to-date: /num4_ws/install/imu_complementary_filter/share/imu_complementary_filter/cmake/export_imu_complementary_filterExport-noconfig.cmake
