[0.127s] Invoking command in '/num4_ws/build/imu_complementary_filter': PS1=\[\e[1;35m\]\u@\h:\[\e[1;34m\]\w\[\e[0m\]\$ /usr/local/bin/cmake /num4_ws/src/imu_tools/imu_complementary_filter -DAMENT_CMAKE_SYMLINK_INSTALL=1 -DCMAKE_INSTALL_PREFIX=/num4_ws/install/imu_complementary_filter
[0.302s] -- Found ament_cmake: 1.3.10 (/opt/ros/humble/install/share/ament_cmake/cmake)
[0.720s] -- Override CMake install command with custom implementation using symlinks instead of copying resources
[0.745s] -- Found geometry_msgs: 4.2.4 (/opt/ros/humble/install/share/geometry_msgs/cmake)
[0.814s] -- Found rosidl_generator_c: 3.1.5 (/opt/ros/humble/install/share/rosidl_generator_c/cmake)
[0.822s] -- Found rosidl_adapter: 3.1.5 (/opt/ros/humble/install/share/rosidl_adapter/cmake)
[0.840s] -- Found rosidl_generator_cpp: 3.1.5 (/opt/ros/humble/install/share/rosidl_generator_cpp/cmake)
[0.868s] -- Using all available rosidl_typesupport_c: rosidl_typesupport_fastrtps_c;rosidl_typesupport_introspection_c
[0.902s] -- Using all available rosidl_typesupport_cpp: rosidl_typesupport_fastrtps_cpp;rosidl_typesupport_introspection_cpp
[1.009s] -- Found message_filters: 4.3.5 (/opt/ros/humble/install/share/message_filters/cmake)
[1.082s] -- Found rmw_implementation_cmake: 6.1.2 (/opt/ros/humble/install/share/rmw_implementation_cmake/cmake)
[1.085s] -- Found rmw_cyclonedds_cpp: 1.3.4 (/opt/ros/humble/install/share/rmw_cyclonedds_cpp/cmake)
[1.124s] -- Using RMW implementation 'rmw_cyclonedds_cpp' as default
[1.211s] -- Found sensor_msgs: 4.2.4 (/opt/ros/humble/install/share/sensor_msgs/cmake)
[1.253s] -- Found tf2: 0.25.8 (/opt/ros/humble/install/share/tf2/cmake)
[1.264s] -- Found tf2_ros: 0.25.8 (/opt/ros/humble/install/share/tf2_ros/cmake)
[1.610s] -- Configuring done (1.3s)
[1.654s] -- Generating done (0.0s)
[1.655s] -- Build files have been written to: /num4_ws/build/imu_complementary_filter
[1.702s] Invoked command in '/num4_ws/build/imu_complementary_filter' returned '0': PS1=\[\e[1;35m\]\u@\h:\[\e[1;34m\]\w\[\e[0m\]\$ /usr/local/bin/cmake /num4_ws/src/imu_tools/imu_complementary_filter -DAMENT_CMAKE_SYMLINK_INSTALL=1 -DCMAKE_INSTALL_PREFIX=/num4_ws/install/imu_complementary_filter
[1.702s] Invoking command in '/num4_ws/build/imu_complementary_filter': PS1=\[\e[1;35m\]\u@\h:\[\e[1;34m\]\w\[\e[0m\]\$ /usr/local/bin/cmake --build /num4_ws/build/imu_complementary_filter -- -j8 -l8
[1.935s] [ 60%] Built target complementary_filter
[1.973s] [100%] Built target complementary_filter_node
[2.013s] Invoked command in '/num4_ws/build/imu_complementary_filter' returned '0': PS1=\[\e[1;35m\]\u@\h:\[\e[1;34m\]\w\[\e[0m\]\$ /usr/local/bin/cmake --build /num4_ws/build/imu_complementary_filter -- -j8 -l8
[2.236s] Invoking command in '/num4_ws/build/imu_complementary_filter': PS1=\[\e[1;35m\]\u@\h:\[\e[1;34m\]\w\[\e[0m\]\$ /usr/local/bin/cmake --install /num4_ws/build/imu_complementary_filter
[2.370s] -- Install configuration: ""
[2.371s] -- Execute custom install script
[2.372s] -- Up-to-date symlink: /num4_ws/install/imu_complementary_filter/lib/imu_complementary_filter/complementary_filter_node
[2.377s] -- Up-to-date symlink: /num4_ws/install/imu_complementary_filter/include/imu_complementary_filter/complementary_filter.h
[2.377s] -- Up-to-date symlink: /num4_ws/install/imu_complementary_filter/include/imu_complementary_filter/complementary_filter_ros.h
[2.378s] -- Up-to-date symlink: /num4_ws/install/imu_complementary_filter/share/imu_complementary_filter/launch/complementary_filter.launch.py
[2.379s] -- Up-to-date symlink: /num4_ws/install/imu_complementary_filter/share/imu_complementary_filter/config/filter_config.yaml
[2.380s] -- Up-to-date symlink: /num4_ws/install/imu_complementary_filter/share/imu_complementary_filter/environment/library_path.sh
[2.380s] -- Up-to-date symlink: /num4_ws/install/imu_complementary_filter/share/imu_complementary_filter/environment/library_path.dsv
[2.380s] -- Up-to-date symlink: /num4_ws/install/imu_complementary_filter/share/ament_index/resource_index/package_run_dependencies/imu_complementary_filter
[2.381s] -- Up-to-date symlink: /num4_ws/install/imu_complementary_filter/share/ament_index/resource_index/parent_prefix_path/imu_complementary_filter
[2.382s] -- Up-to-date symlink: /num4_ws/install/imu_complementary_filter/share/imu_complementary_filter/environment/ament_prefix_path.sh
[2.382s] -- Up-to-date symlink: /num4_ws/install/imu_complementary_filter/share/imu_complementary_filter/environment/ament_prefix_path.dsv
[2.382s] -- Up-to-date symlink: /num4_ws/install/imu_complementary_filter/share/imu_complementary_filter/environment/path.sh
[2.382s] -- Up-to-date symlink: /num4_ws/install/imu_complementary_filter/share/imu_complementary_filter/environment/path.dsv
[2.383s] -- Up-to-date symlink: /num4_ws/install/imu_complementary_filter/share/imu_complementary_filter/local_setup.bash
[2.383s] -- Up-to-date symlink: /num4_ws/install/imu_complementary_filter/share/imu_complementary_filter/local_setup.sh
[2.384s] -- Up-to-date symlink: /num4_ws/install/imu_complementary_filter/share/imu_complementary_filter/local_setup.zsh
[2.384s] -- Up-to-date symlink: /num4_ws/install/imu_complementary_filter/share/imu_complementary_filter/local_setup.dsv
[2.384s] -- Symlinking: /num4_ws/install/imu_complementary_filter/share/imu_complementary_filter/package.dsv
[2.391s] -- Up-to-date symlink: /num4_ws/install/imu_complementary_filter/share/ament_index/resource_index/packages/imu_complementary_filter
[2.391s] -- Up-to-date symlink: /num4_ws/install/imu_complementary_filter/share/imu_complementary_filter/cmake/ament_cmake_export_include_directories-extras.cmake
[2.392s] -- Up-to-date symlink: /num4_ws/install/imu_complementary_filter/share/imu_complementary_filter/cmake/ament_cmake_export_libraries-extras.cmake
[2.396s] -- Up-to-date symlink: /num4_ws/install/imu_complementary_filter/share/imu_complementary_filter/cmake/ament_cmake_export_targets-extras.cmake
[2.397s] -- Up-to-date symlink: /num4_ws/install/imu_complementary_filter/share/imu_complementary_filter/cmake/imu_complementary_filterConfig.cmake
[2.397s] -- Up-to-date symlink: /num4_ws/install/imu_complementary_filter/share/imu_complementary_filter/cmake/imu_complementary_filterConfig-version.cmake
[2.397s] -- Up-to-date symlink: /num4_ws/install/imu_complementary_filter/share/imu_complementary_filter/package.xml
[2.397s] -- Up-to-date: /num4_ws/install/imu_complementary_filter/lib/libcomplementary_filter.so
[2.397s] -- Up-to-date: /num4_ws/install/imu_complementary_filter/share/imu_complementary_filter/cmake/export_imu_complementary_filterExport.cmake
[2.397s] -- Up-to-date: /num4_ws/install/imu_complementary_filter/share/imu_complementary_filter/cmake/export_imu_complementary_filterExport-noconfig.cmake
[2.423s] Invoked command in '/num4_ws/build/imu_complementary_filter' returned '0': PS1=\[\e[1;35m\]\u@\h:\[\e[1;34m\]\w\[\e[0m\]\$ /usr/local/bin/cmake --install /num4_ws/build/imu_complementary_filter
