[9.419s] DEBUG:colcon:Command line arguments: ['/usr/bin/colcon', 'build', '--symlink-install']
[9.419s] DEBUG:colcon:Parsed command line arguments: Namespace(log_base=None, log_level=None, verb_name='build', build_base='build', install_base='install', merge_install=False, symlink_install=True, test_result_base=None, continue_on_error=False, executor='parallel', parallel_workers=8, event_handlers=None, ignore_user_meta=False, metas=['./colcon.meta'], base_paths=['.'], packages_ignore=None, packages_ignore_regex=None, paths=None, packages_up_to=None, packages_up_to_regex=None, packages_above=None, packages_above_and_dependencies=None, packages_above_depth=None, packages_select_by_dep=None, packages_skip_by_dep=None, packages_skip_up_to=None, packages_select_build_failed=False, packages_skip_build_finished=False, packages_select_test_failures=False, packages_skip_test_passed=False, packages_select=None, packages_skip=None, packages_select_regex=None, packages_skip_regex=None, packages_start=None, packages_end=None, cmake_args=None, cmake_target=None, cmake_target_skip_unavailable=False, cmake_clean_cache=False, cmake_clean_first=False, cmake_force_configure=False, ament_cmake_args=None, catkin_cmake_args=None, catkin_skip_building_tests=False, verb_parser=<colcon_defaults.argument_parser.defaults.DefaultArgumentsDecorator object at 0xffff8ac695a0>, verb_extension=<colcon_core.verb.build.BuildVerb object at 0xffff8ac69060>, main=<bound method BuildVerb.main of <colcon_core.verb.build.BuildVerb object at 0xffff8ac69060>>)
[9.510s] Level 1:colcon.colcon_core.package_discovery:discover_packages(colcon_meta) check parameters
[9.510s] Level 1:colcon.colcon_core.package_discovery:discover_packages(recursive) check parameters
[9.510s] Level 1:colcon.colcon_core.package_discovery:discover_packages(ignore) check parameters
[9.510s] Level 1:colcon.colcon_core.package_discovery:discover_packages(path) check parameters
[9.510s] Level 1:colcon.colcon_core.package_discovery:discover_packages(colcon_meta) discover
[9.510s] Level 1:colcon.colcon_core.package_discovery:discover_packages(recursive) discover
[9.510s] INFO:colcon.colcon_core.package_discovery:Crawling recursively for packages in '/num4_ws'
[9.511s] Level 1:colcon.colcon_core.package_identification:_identify(.) by extensions ['ignore', 'ignore_ament_install']
[9.511s] Level 1:colcon.colcon_core.package_identification:_identify(.) by extension 'ignore'
[9.511s] Level 1:colcon.colcon_core.package_identification:_identify(.) by extension 'ignore_ament_install'
[9.511s] Level 1:colcon.colcon_core.package_identification:_identify(.) by extensions ['colcon_pkg']
[9.511s] Level 1:colcon.colcon_core.package_identification:_identify(.) by extension 'colcon_pkg'
[9.511s] Level 1:colcon.colcon_core.package_identification:_identify(.) by extensions ['colcon_meta']
[9.511s] Level 1:colcon.colcon_core.package_identification:_identify(.) by extension 'colcon_meta'
[9.511s] Level 1:colcon.colcon_core.package_identification:_identify(.) by extensions ['ros']
[9.511s] Level 1:colcon.colcon_core.package_identification:_identify(.) by extension 'ros'
[9.539s] Level 1:colcon.colcon_core.package_identification:_identify(.) by extensions ['cmake', 'python']
[9.539s] Level 1:colcon.colcon_core.package_identification:_identify(.) by extension 'cmake'
[9.539s] Level 1:colcon.colcon_core.package_identification:_identify(.) by extension 'python'
[9.539s] Level 1:colcon.colcon_core.package_identification:_identify(.) by extensions ['python_setup_py']
[9.539s] Level 1:colcon.colcon_core.package_identification:_identify(.) by extension 'python_setup_py'
[9.540s] Level 1:colcon.colcon_core.package_identification:_identify(build) by extensions ['ignore', 'ignore_ament_install']
[9.540s] Level 1:colcon.colcon_core.package_identification:_identify(build) by extension 'ignore'
[9.540s] Level 1:colcon.colcon_core.package_identification:_identify(build) ignored
[9.541s] Level 1:colcon.colcon_core.package_identification:_identify(doc) by extensions ['ignore', 'ignore_ament_install']
[9.541s] Level 1:colcon.colcon_core.package_identification:_identify(doc) by extension 'ignore'
[9.541s] Level 1:colcon.colcon_core.package_identification:_identify(doc) by extension 'ignore_ament_install'
[9.541s] Level 1:colcon.colcon_core.package_identification:_identify(doc) by extensions ['colcon_pkg']
[9.541s] Level 1:colcon.colcon_core.package_identification:_identify(doc) by extension 'colcon_pkg'
[9.541s] Level 1:colcon.colcon_core.package_identification:_identify(doc) by extensions ['colcon_meta']
[9.541s] Level 1:colcon.colcon_core.package_identification:_identify(doc) by extension 'colcon_meta'
[9.541s] Level 1:colcon.colcon_core.package_identification:_identify(doc) by extensions ['ros']
[9.541s] Level 1:colcon.colcon_core.package_identification:_identify(doc) by extension 'ros'
[9.541s] Level 1:colcon.colcon_core.package_identification:_identify(doc) by extensions ['cmake', 'python']
[9.542s] Level 1:colcon.colcon_core.package_identification:_identify(doc) by extension 'cmake'
[9.542s] Level 1:colcon.colcon_core.package_identification:_identify(doc) by extension 'python'
[9.542s] Level 1:colcon.colcon_core.package_identification:_identify(doc) by extensions ['python_setup_py']
[9.542s] Level 1:colcon.colcon_core.package_identification:_identify(doc) by extension 'python_setup_py'
[9.542s] Level 1:colcon.colcon_core.package_identification:_identify(install) by extensions ['ignore', 'ignore_ament_install']
[9.542s] Level 1:colcon.colcon_core.package_identification:_identify(install) by extension 'ignore'
[9.542s] Level 1:colcon.colcon_core.package_identification:_identify(install) ignored
[9.542s] Level 1:colcon.colcon_core.package_identification:_identify(log) by extensions ['ignore', 'ignore_ament_install']
[9.542s] Level 1:colcon.colcon_core.package_identification:_identify(log) by extension 'ignore'
[9.542s] Level 1:colcon.colcon_core.package_identification:_identify(log) ignored
[9.543s] Level 1:colcon.colcon_core.package_identification:_identify(src) by extensions ['ignore', 'ignore_ament_install']
[9.543s] Level 1:colcon.colcon_core.package_identification:_identify(src) by extension 'ignore'
[9.543s] Level 1:colcon.colcon_core.package_identification:_identify(src) by extension 'ignore_ament_install'
[9.543s] Level 1:colcon.colcon_core.package_identification:_identify(src) by extensions ['colcon_pkg']
[9.543s] Level 1:colcon.colcon_core.package_identification:_identify(src) by extension 'colcon_pkg'
[9.543s] Level 1:colcon.colcon_core.package_identification:_identify(src) by extensions ['colcon_meta']
[9.543s] Level 1:colcon.colcon_core.package_identification:_identify(src) by extension 'colcon_meta'
[9.543s] Level 1:colcon.colcon_core.package_identification:_identify(src) by extensions ['ros']
[9.543s] Level 1:colcon.colcon_core.package_identification:_identify(src) by extension 'ros'
[9.544s] Level 1:colcon.colcon_core.package_identification:_identify(src) by extensions ['cmake', 'python']
[9.544s] Level 1:colcon.colcon_core.package_identification:_identify(src) by extension 'cmake'
[9.544s] Level 1:colcon.colcon_core.package_identification:_identify(src) by extension 'python'
[9.544s] Level 1:colcon.colcon_core.package_identification:_identify(src) by extensions ['python_setup_py']
[9.544s] Level 1:colcon.colcon_core.package_identification:_identify(src) by extension 'python_setup_py'
[9.544s] Level 1:colcon.colcon_core.package_identification:_identify(src/livox_bringup) by extensions ['ignore', 'ignore_ament_install']
[9.544s] Level 1:colcon.colcon_core.package_identification:_identify(src/livox_bringup) by extension 'ignore'
[9.544s] Level 1:colcon.colcon_core.package_identification:_identify(src/livox_bringup) by extension 'ignore_ament_install'
[9.544s] Level 1:colcon.colcon_core.package_identification:_identify(src/livox_bringup) by extensions ['colcon_pkg']
[9.544s] Level 1:colcon.colcon_core.package_identification:_identify(src/livox_bringup) by extension 'colcon_pkg'
[9.544s] Level 1:colcon.colcon_core.package_identification:_identify(src/livox_bringup) by extensions ['colcon_meta']
[9.544s] Level 1:colcon.colcon_core.package_identification:_identify(src/livox_bringup) by extension 'colcon_meta'
[9.544s] Level 1:colcon.colcon_core.package_identification:_identify(src/livox_bringup) by extensions ['ros']
[9.545s] Level 1:colcon.colcon_core.package_identification:_identify(src/livox_bringup) by extension 'ros'
[9.549s] DEBUG:colcon.colcon_core.package_identification:Package 'src/livox_bringup' with type 'ros.ament_cmake' and name 'livox_bringup'
[9.549s] Level 1:colcon.colcon_core.package_identification:_identify(src/livox_to_pointcloud2) by extensions ['ignore', 'ignore_ament_install']
[9.549s] Level 1:colcon.colcon_core.package_identification:_identify(src/livox_to_pointcloud2) by extension 'ignore'
[9.550s] Level 1:colcon.colcon_core.package_identification:_identify(src/livox_to_pointcloud2) by extension 'ignore_ament_install'
[9.550s] Level 1:colcon.colcon_core.package_identification:_identify(src/livox_to_pointcloud2) by extensions ['colcon_pkg']
[9.550s] Level 1:colcon.colcon_core.package_identification:_identify(src/livox_to_pointcloud2) by extension 'colcon_pkg'
[9.550s] Level 1:colcon.colcon_core.package_identification:_identify(src/livox_to_pointcloud2) by extensions ['colcon_meta']
[9.550s] Level 1:colcon.colcon_core.package_identification:_identify(src/livox_to_pointcloud2) by extension 'colcon_meta'
[9.550s] Level 1:colcon.colcon_core.package_identification:_identify(src/livox_to_pointcloud2) by extensions ['ros']
[9.550s] Level 1:colcon.colcon_core.package_identification:_identify(src/livox_to_pointcloud2) by extension 'ros'
[9.561s] DEBUG:colcon.colcon_core.package_identification:Package 'src/livox_to_pointcloud2' with type 'ros.ament_cmake' and name 'livox_to_pointcloud2'
[9.561s] Level 1:colcon.colcon_core.package_identification:_identify(src/realsense2_bringup) by extensions ['ignore', 'ignore_ament_install']
[9.561s] Level 1:colcon.colcon_core.package_identification:_identify(src/realsense2_bringup) by extension 'ignore'
[9.561s] Level 1:colcon.colcon_core.package_identification:_identify(src/realsense2_bringup) by extension 'ignore_ament_install'
[9.561s] Level 1:colcon.colcon_core.package_identification:_identify(src/realsense2_bringup) by extensions ['colcon_pkg']
[9.561s] Level 1:colcon.colcon_core.package_identification:_identify(src/realsense2_bringup) by extension 'colcon_pkg'
[9.561s] Level 1:colcon.colcon_core.package_identification:_identify(src/realsense2_bringup) by extensions ['colcon_meta']
[9.561s] Level 1:colcon.colcon_core.package_identification:_identify(src/realsense2_bringup) by extension 'colcon_meta'
[9.562s] Level 1:colcon.colcon_core.package_identification:_identify(src/realsense2_bringup) by extensions ['ros']
[9.562s] Level 1:colcon.colcon_core.package_identification:_identify(src/realsense2_bringup) by extension 'ros'
[9.563s] DEBUG:colcon.colcon_core.package_identification:Package 'src/realsense2_bringup' with type 'ros.ament_cmake' and name 'realsense2_bringup'
[9.563s] Level 1:colcon.colcon_core.package_discovery:discover_packages(recursive) using defaults
[9.563s] Level 1:colcon.colcon_core.package_discovery:discover_packages(ignore) discover
[9.563s] Level 1:colcon.colcon_core.package_discovery:discover_packages(ignore) using defaults
[9.563s] Level 1:colcon.colcon_core.package_discovery:discover_packages(path) discover
[9.563s] Level 1:colcon.colcon_core.package_discovery:discover_packages(path) using defaults
[9.604s] Level 5:colcon.colcon_core.verb:set package 'livox_bringup' build argument 'cmake_args' from command line to 'None'
[9.604s] Level 5:colcon.colcon_core.verb:set package 'livox_bringup' build argument 'cmake_target' from command line to 'None'
[9.604s] Level 5:colcon.colcon_core.verb:set package 'livox_bringup' build argument 'cmake_target_skip_unavailable' from command line to 'False'
[9.604s] Level 5:colcon.colcon_core.verb:set package 'livox_bringup' build argument 'cmake_clean_cache' from command line to 'False'
[9.605s] Level 5:colcon.colcon_core.verb:set package 'livox_bringup' build argument 'cmake_clean_first' from command line to 'False'
[9.605s] Level 5:colcon.colcon_core.verb:set package 'livox_bringup' build argument 'cmake_force_configure' from command line to 'False'
[9.605s] Level 5:colcon.colcon_core.verb:set package 'livox_bringup' build argument 'ament_cmake_args' from command line to 'None'
[9.605s] Level 5:colcon.colcon_core.verb:set package 'livox_bringup' build argument 'catkin_cmake_args' from command line to 'None'
[9.605s] Level 5:colcon.colcon_core.verb:set package 'livox_bringup' build argument 'catkin_skip_building_tests' from command line to 'False'
[9.605s] DEBUG:colcon.colcon_core.verb:Building package 'livox_bringup' with the following arguments: {'ament_cmake_args': None, 'build_base': '/num4_ws/build/livox_bringup', 'catkin_cmake_args': None, 'catkin_skip_building_tests': False, 'cmake_args': None, 'cmake_clean_cache': False, 'cmake_clean_first': False, 'cmake_force_configure': False, 'cmake_target': None, 'cmake_target_skip_unavailable': False, 'install_base': '/num4_ws/install/livox_bringup', 'merge_install': False, 'path': '/num4_ws/src/livox_bringup', 'symlink_install': True, 'test_result_base': None}
[9.605s] Level 5:colcon.colcon_core.verb:set package 'livox_to_pointcloud2' build argument 'cmake_args' from command line to 'None'
[9.605s] Level 5:colcon.colcon_core.verb:set package 'livox_to_pointcloud2' build argument 'cmake_target' from command line to 'None'
[9.605s] Level 5:colcon.colcon_core.verb:set package 'livox_to_pointcloud2' build argument 'cmake_target_skip_unavailable' from command line to 'False'
[9.605s] Level 5:colcon.colcon_core.verb:set package 'livox_to_pointcloud2' build argument 'cmake_clean_cache' from command line to 'False'
[9.605s] Level 5:colcon.colcon_core.verb:set package 'livox_to_pointcloud2' build argument 'cmake_clean_first' from command line to 'False'
[9.606s] Level 5:colcon.colcon_core.verb:set package 'livox_to_pointcloud2' build argument 'cmake_force_configure' from command line to 'False'
[9.606s] Level 5:colcon.colcon_core.verb:set package 'livox_to_pointcloud2' build argument 'ament_cmake_args' from command line to 'None'
[9.606s] Level 5:colcon.colcon_core.verb:set package 'livox_to_pointcloud2' build argument 'catkin_cmake_args' from command line to 'None'
[9.606s] Level 5:colcon.colcon_core.verb:set package 'livox_to_pointcloud2' build argument 'catkin_skip_building_tests' from command line to 'False'
[9.606s] DEBUG:colcon.colcon_core.verb:Building package 'livox_to_pointcloud2' with the following arguments: {'ament_cmake_args': None, 'build_base': '/num4_ws/build/livox_to_pointcloud2', 'catkin_cmake_args': None, 'catkin_skip_building_tests': False, 'cmake_args': None, 'cmake_clean_cache': False, 'cmake_clean_first': False, 'cmake_force_configure': False, 'cmake_target': None, 'cmake_target_skip_unavailable': False, 'install_base': '/num4_ws/install/livox_to_pointcloud2', 'merge_install': False, 'path': '/num4_ws/src/livox_to_pointcloud2', 'symlink_install': True, 'test_result_base': None}
[9.606s] Level 5:colcon.colcon_core.verb:set package 'realsense2_bringup' build argument 'cmake_args' from command line to 'None'
[9.606s] Level 5:colcon.colcon_core.verb:set package 'realsense2_bringup' build argument 'cmake_target' from command line to 'None'
[9.606s] Level 5:colcon.colcon_core.verb:set package 'realsense2_bringup' build argument 'cmake_target_skip_unavailable' from command line to 'False'
[9.606s] Level 5:colcon.colcon_core.verb:set package 'realsense2_bringup' build argument 'cmake_clean_cache' from command line to 'False'
[9.606s] Level 5:colcon.colcon_core.verb:set package 'realsense2_bringup' build argument 'cmake_clean_first' from command line to 'False'
[9.606s] Level 5:colcon.colcon_core.verb:set package 'realsense2_bringup' build argument 'cmake_force_configure' from command line to 'False'
[9.606s] Level 5:colcon.colcon_core.verb:set package 'realsense2_bringup' build argument 'ament_cmake_args' from command line to 'None'
[9.606s] Level 5:colcon.colcon_core.verb:set package 'realsense2_bringup' build argument 'catkin_cmake_args' from command line to 'None'
[9.606s] Level 5:colcon.colcon_core.verb:set package 'realsense2_bringup' build argument 'catkin_skip_building_tests' from command line to 'False'
[9.607s] DEBUG:colcon.colcon_core.verb:Building package 'realsense2_bringup' with the following arguments: {'ament_cmake_args': None, 'build_base': '/num4_ws/build/realsense2_bringup', 'catkin_cmake_args': None, 'catkin_skip_building_tests': False, 'cmake_args': None, 'cmake_clean_cache': False, 'cmake_clean_first': False, 'cmake_force_configure': False, 'cmake_target': None, 'cmake_target_skip_unavailable': False, 'install_base': '/num4_ws/install/realsense2_bringup', 'merge_install': False, 'path': '/num4_ws/src/realsense2_bringup', 'symlink_install': True, 'test_result_base': None}
[9.607s] INFO:colcon.colcon_core.executor:Executing jobs using 'parallel' executor
[9.608s] DEBUG:colcon.colcon_parallel_executor.executor.parallel:run_until_complete
[9.609s] INFO:colcon.colcon_ros.task.ament_cmake.build:Building ROS package in '/num4_ws/src/livox_bringup' with build type 'ament_cmake'
[9.609s] INFO:colcon.colcon_cmake.task.cmake.build:Building CMake package in '/num4_ws/src/livox_bringup'
[9.615s] INFO:colcon.colcon_core.plugin_system:Skipping extension 'colcon_core.shell.bat': Not used on non-Windows systems
[9.616s] INFO:colcon.colcon_core.shell:Skip shell extension 'powershell' for command environment: Not usable outside of PowerShell
[9.616s] DEBUG:colcon.colcon_core.shell:Skip shell extension 'dsv' for command environment
[9.634s] INFO:colcon.colcon_ros.task.ament_cmake.build:Building ROS package in '/num4_ws/src/livox_to_pointcloud2' with build type 'ament_cmake'
[9.634s] INFO:colcon.colcon_cmake.task.cmake.build:Building CMake package in '/num4_ws/src/livox_to_pointcloud2'
[9.634s] INFO:colcon.colcon_core.shell:Skip shell extension 'powershell' for command environment: Not usable outside of PowerShell
[9.635s] DEBUG:colcon.colcon_core.shell:Skip shell extension 'dsv' for command environment
[9.647s] INFO:colcon.colcon_ros.task.ament_cmake.build:Building ROS package in '/num4_ws/src/realsense2_bringup' with build type 'ament_cmake'
[9.648s] INFO:colcon.colcon_cmake.task.cmake.build:Building CMake package in '/num4_ws/src/realsense2_bringup'
[9.648s] INFO:colcon.colcon_core.shell:Skip shell extension 'powershell' for command environment: Not usable outside of PowerShell
[9.648s] DEBUG:colcon.colcon_core.shell:Skip shell extension 'dsv' for command environment
[9.665s] DEBUG:colcon.colcon_core.event_handler.log_command:Invoking command in '/num4_ws/build/livox_bringup': PS1=\[\033[01;32m\]\u@\h\[\033[00m\]:\[\033[01;34m\]\w\[\033[00m\]$ /usr/local/bin/cmake /num4_ws/src/livox_bringup -DAMENT_CMAKE_SYMLINK_INSTALL=1 -DCMAKE_INSTALL_PREFIX=/num4_ws/install/livox_bringup
[9.675s] DEBUG:colcon.colcon_core.event_handler.log_command:Invoking command in '/num4_ws/build/livox_to_pointcloud2': PS1=\[\033[01;32m\]\u@\h\[\033[00m\]:\[\033[01;34m\]\w\[\033[00m\]$ /usr/local/bin/cmake /num4_ws/src/livox_to_pointcloud2 -DAMENT_CMAKE_SYMLINK_INSTALL=1 -DCMAKE_INSTALL_PREFIX=/num4_ws/install/livox_to_pointcloud2
[9.679s] DEBUG:colcon.colcon_core.event_handler.log_command:Invoking command in '/num4_ws/build/realsense2_bringup': PS1=\[\033[01;32m\]\u@\h\[\033[00m\]:\[\033[01;34m\]\w\[\033[00m\]$ /usr/local/bin/cmake /num4_ws/src/realsense2_bringup -DAMENT_CMAKE_SYMLINK_INSTALL=1 -DCMAKE_INSTALL_PREFIX=/num4_ws/install/realsense2_bringup
[11.158s] DEBUG:colcon.colcon_core.event_handler.log_command:Invoked command in '/num4_ws/build/realsense2_bringup' returned '0': PS1=\[\033[01;32m\]\u@\h\[\033[00m\]:\[\033[01;34m\]\w\[\033[00m\]$ /usr/local/bin/cmake /num4_ws/src/realsense2_bringup -DAMENT_CMAKE_SYMLINK_INSTALL=1 -DCMAKE_INSTALL_PREFIX=/num4_ws/install/realsense2_bringup
[11.161s] DEBUG:colcon.colcon_core.event_handler.log_command:Invoking command in '/num4_ws/build/realsense2_bringup': PS1=\[\033[01;32m\]\u@\h\[\033[00m\]:\[\033[01;34m\]\w\[\033[00m\]$ /usr/local/bin/cmake --build /num4_ws/build/realsense2_bringup -- -j8 -l8
[11.186s] DEBUG:colcon.colcon_core.event_handler.log_command:Invoked command in '/num4_ws/build/livox_bringup' returned '0': PS1=\[\033[01;32m\]\u@\h\[\033[00m\]:\[\033[01;34m\]\w\[\033[00m\]$ /usr/local/bin/cmake /num4_ws/src/livox_bringup -DAMENT_CMAKE_SYMLINK_INSTALL=1 -DCMAKE_INSTALL_PREFIX=/num4_ws/install/livox_bringup
[11.188s] DEBUG:colcon.colcon_core.event_handler.log_command:Invoking command in '/num4_ws/build/livox_bringup': PS1=\[\033[01;32m\]\u@\h\[\033[00m\]:\[\033[01;34m\]\w\[\033[00m\]$ /usr/local/bin/cmake --build /num4_ws/build/livox_bringup -- -j8 -l8
[11.323s] DEBUG:colcon.colcon_core.event_handler.log_command:Invoked command in '/num4_ws/build/realsense2_bringup' returned '0': PS1=\[\033[01;32m\]\u@\h\[\033[00m\]:\[\033[01;34m\]\w\[\033[00m\]$ /usr/local/bin/cmake --build /num4_ws/build/realsense2_bringup -- -j8 -l8
[11.355s] DEBUG:colcon.colcon_core.event_handler.log_command:Invoked command in '/num4_ws/build/livox_bringup' returned '0': PS1=\[\033[01;32m\]\u@\h\[\033[00m\]:\[\033[01;34m\]\w\[\033[00m\]$ /usr/local/bin/cmake --build /num4_ws/build/livox_bringup -- -j8 -l8
[11.637s] DEBUG:colcon.colcon_core.event_handler.log_command:Invoking command in '/num4_ws/build/realsense2_bringup': PS1=\[\033[01;32m\]\u@\h\[\033[00m\]:\[\033[01;34m\]\w\[\033[00m\]$ /usr/local/bin/cmake --install /num4_ws/build/realsense2_bringup
[11.640s] DEBUG:colcon.colcon_core.event_handler.log_command:Invoking command in '/num4_ws/build/livox_bringup': PS1=\[\033[01;32m\]\u@\h\[\033[00m\]:\[\033[01;34m\]\w\[\033[00m\]$ /usr/local/bin/cmake --install /num4_ws/build/livox_bringup
[11.882s] Level 1:colcon.colcon_core.environment:create_environment_scripts_only(realsense2_bringup)
[11.883s] DEBUG:colcon.colcon_core.event_handler.log_command:Invoked command in '/num4_ws/build/realsense2_bringup' returned '0': PS1=\[\033[01;32m\]\u@\h\[\033[00m\]:\[\033[01;34m\]\w\[\033[00m\]$ /usr/local/bin/cmake --install /num4_ws/build/realsense2_bringup
[11.890s] Level 1:colcon.colcon_core.environment:checking '/num4_ws/install/realsense2_bringup' for CMake module files
[11.891s] Level 1:colcon.colcon_core.environment:checking '/num4_ws/install/realsense2_bringup' for CMake config files
[11.891s] Level 1:colcon.colcon_core.shell:create_environment_hook('realsense2_bringup', 'cmake_prefix_path')
[11.891s] INFO:colcon.colcon_core.shell:Creating environment hook '/num4_ws/install/realsense2_bringup/share/realsense2_bringup/hook/cmake_prefix_path.ps1'
[11.893s] INFO:colcon.colcon_core.shell:Creating environment descriptor '/num4_ws/install/realsense2_bringup/share/realsense2_bringup/hook/cmake_prefix_path.dsv'
[11.894s] INFO:colcon.colcon_core.shell:Creating environment hook '/num4_ws/install/realsense2_bringup/share/realsense2_bringup/hook/cmake_prefix_path.sh'
[11.895s] Level 1:colcon.colcon_core.environment:checking '/num4_ws/install/realsense2_bringup/bin'
[11.895s] Level 1:colcon.colcon_core.environment:checking '/num4_ws/install/realsense2_bringup/lib/pkgconfig/realsense2_bringup.pc'
[11.898s] Level 1:colcon.colcon_core.environment:checking '/num4_ws/install/realsense2_bringup/lib/python3.10/site-packages'
[11.898s] Level 1:colcon.colcon_core.environment:checking '/num4_ws/install/realsense2_bringup/bin'
[11.899s] INFO:colcon.colcon_core.shell:Creating package script '/num4_ws/install/realsense2_bringup/share/realsense2_bringup/package.ps1'
[11.900s] INFO:colcon.colcon_core.shell:Creating package descriptor '/num4_ws/install/realsense2_bringup/share/realsense2_bringup/package.dsv'
[11.901s] INFO:colcon.colcon_core.shell:Creating package script '/num4_ws/install/realsense2_bringup/share/realsense2_bringup/package.sh'
[11.902s] INFO:colcon.colcon_core.shell:Creating package script '/num4_ws/install/realsense2_bringup/share/realsense2_bringup/package.bash'
[11.904s] INFO:colcon.colcon_core.shell:Creating package script '/num4_ws/install/realsense2_bringup/share/realsense2_bringup/package.zsh'
[11.906s] Level 1:colcon.colcon_core.environment:create_file_with_runtime_dependencies(/num4_ws/install/realsense2_bringup/share/colcon-core/packages/realsense2_bringup)
[11.909s] Level 1:colcon.colcon_core.environment:create_environment_scripts_only(livox_bringup)
[11.909s] Level 1:colcon.colcon_core.environment:checking '/num4_ws/install/livox_bringup' for CMake module files
[11.910s] DEBUG:colcon.colcon_core.event_handler.log_command:Invoked command in '/num4_ws/build/livox_bringup' returned '0': PS1=\[\033[01;32m\]\u@\h\[\033[00m\]:\[\033[01;34m\]\w\[\033[00m\]$ /usr/local/bin/cmake --install /num4_ws/build/livox_bringup
[11.910s] Level 1:colcon.colcon_core.environment:checking '/num4_ws/install/livox_bringup' for CMake config files
[11.911s] Level 1:colcon.colcon_core.shell:create_environment_hook('livox_bringup', 'cmake_prefix_path')
[11.911s] INFO:colcon.colcon_core.shell:Creating environment hook '/num4_ws/install/livox_bringup/share/livox_bringup/hook/cmake_prefix_path.ps1'
[11.912s] INFO:colcon.colcon_core.shell:Creating environment descriptor '/num4_ws/install/livox_bringup/share/livox_bringup/hook/cmake_prefix_path.dsv'
[11.913s] INFO:colcon.colcon_core.shell:Creating environment hook '/num4_ws/install/livox_bringup/share/livox_bringup/hook/cmake_prefix_path.sh'
[11.914s] Level 1:colcon.colcon_core.environment:checking '/num4_ws/install/livox_bringup/bin'
[11.914s] Level 1:colcon.colcon_core.environment:checking '/num4_ws/install/livox_bringup/lib/pkgconfig/livox_bringup.pc'
[11.914s] Level 1:colcon.colcon_core.environment:checking '/num4_ws/install/livox_bringup/lib/python3.10/site-packages'
[11.915s] Level 1:colcon.colcon_core.environment:checking '/num4_ws/install/livox_bringup/bin'
[11.915s] INFO:colcon.colcon_core.shell:Creating package script '/num4_ws/install/livox_bringup/share/livox_bringup/package.ps1'
[11.916s] INFO:colcon.colcon_core.shell:Creating package descriptor '/num4_ws/install/livox_bringup/share/livox_bringup/package.dsv'
[11.917s] INFO:colcon.colcon_core.shell:Creating package script '/num4_ws/install/livox_bringup/share/livox_bringup/package.sh'
[11.917s] INFO:colcon.colcon_core.shell:Creating package script '/num4_ws/install/livox_bringup/share/livox_bringup/package.bash'
[11.918s] INFO:colcon.colcon_core.shell:Creating package script '/num4_ws/install/livox_bringup/share/livox_bringup/package.zsh'
[11.918s] Level 1:colcon.colcon_core.environment:create_file_with_runtime_dependencies(/num4_ws/install/livox_bringup/share/colcon-core/packages/livox_bringup)
[12.069s] Level 1:colcon.colcon_core.environment:create_environment_scripts_only(realsense2_bringup)
[12.070s] Level 1:colcon.colcon_core.environment:checking '/num4_ws/install/realsense2_bringup' for CMake module files
[12.071s] Level 1:colcon.colcon_core.environment:checking '/num4_ws/install/realsense2_bringup' for CMake config files
[12.071s] Level 1:colcon.colcon_core.shell:create_environment_hook('realsense2_bringup', 'cmake_prefix_path')
[12.071s] INFO:colcon.colcon_core.shell:Creating environment hook '/num4_ws/install/realsense2_bringup/share/realsense2_bringup/hook/cmake_prefix_path.ps1'
[12.072s] INFO:colcon.colcon_core.shell:Creating environment descriptor '/num4_ws/install/realsense2_bringup/share/realsense2_bringup/hook/cmake_prefix_path.dsv'
[12.073s] INFO:colcon.colcon_core.shell:Creating environment hook '/num4_ws/install/realsense2_bringup/share/realsense2_bringup/hook/cmake_prefix_path.sh'
[12.074s] Level 1:colcon.colcon_core.environment:checking '/num4_ws/install/realsense2_bringup/bin'
[12.074s] Level 1:colcon.colcon_core.environment:checking '/num4_ws/install/realsense2_bringup/lib/pkgconfig/realsense2_bringup.pc'
[12.074s] Level 1:colcon.colcon_core.environment:checking '/num4_ws/install/realsense2_bringup/lib/python3.10/site-packages'
[12.075s] Level 1:colcon.colcon_core.environment:checking '/num4_ws/install/realsense2_bringup/bin'
[12.075s] INFO:colcon.colcon_core.shell:Creating package script '/num4_ws/install/realsense2_bringup/share/realsense2_bringup/package.ps1'
[12.076s] INFO:colcon.colcon_core.shell:Creating package descriptor '/num4_ws/install/realsense2_bringup/share/realsense2_bringup/package.dsv'
[12.077s] INFO:colcon.colcon_core.shell:Creating package script '/num4_ws/install/realsense2_bringup/share/realsense2_bringup/package.sh'
[12.077s] INFO:colcon.colcon_core.shell:Creating package script '/num4_ws/install/realsense2_bringup/share/realsense2_bringup/package.bash'
[12.078s] INFO:colcon.colcon_core.shell:Creating package script '/num4_ws/install/realsense2_bringup/share/realsense2_bringup/package.zsh'
[12.079s] Level 1:colcon.colcon_core.environment:create_file_with_runtime_dependencies(/num4_ws/install/realsense2_bringup/share/colcon-core/packages/realsense2_bringup)
[12.080s] Level 1:colcon.colcon_core.environment:create_environment_scripts_only(livox_bringup)
[12.080s] Level 1:colcon.colcon_core.environment:checking '/num4_ws/install/livox_bringup' for CMake module files
[12.082s] Level 1:colcon.colcon_core.environment:checking '/num4_ws/install/livox_bringup' for CMake config files
[12.082s] Level 1:colcon.colcon_core.shell:create_environment_hook('livox_bringup', 'cmake_prefix_path')
[12.082s] INFO:colcon.colcon_core.shell:Creating environment hook '/num4_ws/install/livox_bringup/share/livox_bringup/hook/cmake_prefix_path.ps1'
[12.083s] INFO:colcon.colcon_core.shell:Creating environment descriptor '/num4_ws/install/livox_bringup/share/livox_bringup/hook/cmake_prefix_path.dsv'
[12.084s] INFO:colcon.colcon_core.shell:Creating environment hook '/num4_ws/install/livox_bringup/share/livox_bringup/hook/cmake_prefix_path.sh'
[12.086s] Level 1:colcon.colcon_core.environment:checking '/num4_ws/install/livox_bringup/bin'
[12.086s] Level 1:colcon.colcon_core.environment:checking '/num4_ws/install/livox_bringup/lib/pkgconfig/livox_bringup.pc'
[12.087s] Level 1:colcon.colcon_core.environment:checking '/num4_ws/install/livox_bringup/lib/python3.10/site-packages'
[12.087s] Level 1:colcon.colcon_core.environment:checking '/num4_ws/install/livox_bringup/bin'
[12.088s] INFO:colcon.colcon_core.shell:Creating package script '/num4_ws/install/livox_bringup/share/livox_bringup/package.ps1'
[12.089s] INFO:colcon.colcon_core.shell:Creating package descriptor '/num4_ws/install/livox_bringup/share/livox_bringup/package.dsv'
[12.090s] INFO:colcon.colcon_core.shell:Creating package script '/num4_ws/install/livox_bringup/share/livox_bringup/package.sh'
[12.091s] INFO:colcon.colcon_core.shell:Creating package script '/num4_ws/install/livox_bringup/share/livox_bringup/package.bash'
[12.092s] INFO:colcon.colcon_core.shell:Creating package script '/num4_ws/install/livox_bringup/share/livox_bringup/package.zsh'
[12.092s] Level 1:colcon.colcon_core.environment:create_file_with_runtime_dependencies(/num4_ws/install/livox_bringup/share/colcon-core/packages/livox_bringup)
[16.848s] DEBUG:colcon.colcon_core.event_handler.log_command:Invoked command in '/num4_ws/build/livox_to_pointcloud2' returned '0': PS1=\[\033[01;32m\]\u@\h\[\033[00m\]:\[\033[01;34m\]\w\[\033[00m\]$ /usr/local/bin/cmake /num4_ws/src/livox_to_pointcloud2 -DAMENT_CMAKE_SYMLINK_INSTALL=1 -DCMAKE_INSTALL_PREFIX=/num4_ws/install/livox_to_pointcloud2
[16.854s] DEBUG:colcon.colcon_core.event_handler.log_command:Invoking command in '/num4_ws/build/livox_to_pointcloud2': PS1=\[\033[01;32m\]\u@\h\[\033[00m\]:\[\033[01;34m\]\w\[\033[00m\]$ /usr/local/bin/cmake --build /num4_ws/build/livox_to_pointcloud2 -- -j8 -l8
[50.434s] DEBUG:colcon.colcon_core.event_handler.log_command:Invoked command in '/num4_ws/build/livox_to_pointcloud2' returned '0': PS1=\[\033[01;32m\]\u@\h\[\033[00m\]:\[\033[01;34m\]\w\[\033[00m\]$ /usr/local/bin/cmake --build /num4_ws/build/livox_to_pointcloud2 -- -j8 -l8
[50.626s] DEBUG:colcon.colcon_core.event_handler.log_command:Invoking command in '/num4_ws/build/livox_to_pointcloud2': PS1=\[\033[01;32m\]\u@\h\[\033[00m\]:\[\033[01;34m\]\w\[\033[00m\]$ /usr/local/bin/cmake --install /num4_ws/build/livox_to_pointcloud2
[50.928s] Level 1:colcon.colcon_core.environment:create_environment_scripts_only(livox_to_pointcloud2)
[50.929s] Level 1:colcon.colcon_core.environment:checking '/num4_ws/install/livox_to_pointcloud2' for CMake module files
[50.930s] DEBUG:colcon.colcon_core.event_handler.log_command:Invoked command in '/num4_ws/build/livox_to_pointcloud2' returned '0': PS1=\[\033[01;32m\]\u@\h\[\033[00m\]:\[\033[01;34m\]\w\[\033[00m\]$ /usr/local/bin/cmake --install /num4_ws/build/livox_to_pointcloud2
[50.932s] Level 1:colcon.colcon_core.environment:checking '/num4_ws/install/livox_to_pointcloud2' for CMake config files
[50.933s] Level 1:colcon.colcon_core.shell:create_environment_hook('livox_to_pointcloud2', 'cmake_prefix_path')
[50.934s] INFO:colcon.colcon_core.shell:Creating environment hook '/num4_ws/install/livox_to_pointcloud2/share/livox_to_pointcloud2/hook/cmake_prefix_path.ps1'
[50.936s] INFO:colcon.colcon_core.shell:Creating environment descriptor '/num4_ws/install/livox_to_pointcloud2/share/livox_to_pointcloud2/hook/cmake_prefix_path.dsv'
[50.937s] INFO:colcon.colcon_core.shell:Creating environment hook '/num4_ws/install/livox_to_pointcloud2/share/livox_to_pointcloud2/hook/cmake_prefix_path.sh'
[50.939s] Level 1:colcon.colcon_core.environment:checking '/num4_ws/install/livox_to_pointcloud2/lib'
[50.940s] Level 1:colcon.colcon_core.shell:create_environment_hook('livox_to_pointcloud2', 'ld_library_path_lib')
[50.941s] INFO:colcon.colcon_core.shell:Creating environment hook '/num4_ws/install/livox_to_pointcloud2/share/livox_to_pointcloud2/hook/ld_library_path_lib.ps1'
[50.942s] INFO:colcon.colcon_core.shell:Creating environment descriptor '/num4_ws/install/livox_to_pointcloud2/share/livox_to_pointcloud2/hook/ld_library_path_lib.dsv'
[50.943s] INFO:colcon.colcon_core.shell:Creating environment hook '/num4_ws/install/livox_to_pointcloud2/share/livox_to_pointcloud2/hook/ld_library_path_lib.sh'
[50.945s] Level 1:colcon.colcon_core.environment:checking '/num4_ws/install/livox_to_pointcloud2/bin'
[50.945s] Level 1:colcon.colcon_core.environment:checking '/num4_ws/install/livox_to_pointcloud2/lib/pkgconfig/livox_to_pointcloud2.pc'
[50.946s] Level 1:colcon.colcon_core.environment:checking '/num4_ws/install/livox_to_pointcloud2/lib/python3.10/site-packages'
[50.947s] Level 1:colcon.colcon_core.environment:checking '/num4_ws/install/livox_to_pointcloud2/bin'
[50.948s] INFO:colcon.colcon_core.shell:Creating package script '/num4_ws/install/livox_to_pointcloud2/share/livox_to_pointcloud2/package.ps1'
[50.949s] INFO:colcon.colcon_core.shell:Creating package descriptor '/num4_ws/install/livox_to_pointcloud2/share/livox_to_pointcloud2/package.dsv'
[50.951s] INFO:colcon.colcon_core.shell:Creating package script '/num4_ws/install/livox_to_pointcloud2/share/livox_to_pointcloud2/package.sh'
[50.953s] INFO:colcon.colcon_core.shell:Creating package script '/num4_ws/install/livox_to_pointcloud2/share/livox_to_pointcloud2/package.bash'
[50.954s] INFO:colcon.colcon_core.shell:Creating package script '/num4_ws/install/livox_to_pointcloud2/share/livox_to_pointcloud2/package.zsh'
[50.955s] Level 1:colcon.colcon_core.environment:create_file_with_runtime_dependencies(/num4_ws/install/livox_to_pointcloud2/share/colcon-core/packages/livox_to_pointcloud2)
[51.143s] Level 1:colcon.colcon_core.environment:create_environment_scripts_only(livox_to_pointcloud2)
[51.144s] Level 1:colcon.colcon_core.environment:checking '/num4_ws/install/livox_to_pointcloud2' for CMake module files
[51.145s] Level 1:colcon.colcon_core.environment:checking '/num4_ws/install/livox_to_pointcloud2' for CMake config files
[51.146s] Level 1:colcon.colcon_core.shell:create_environment_hook('livox_to_pointcloud2', 'cmake_prefix_path')
[51.146s] INFO:colcon.colcon_core.shell:Creating environment hook '/num4_ws/install/livox_to_pointcloud2/share/livox_to_pointcloud2/hook/cmake_prefix_path.ps1'
[51.148s] INFO:colcon.colcon_core.shell:Creating environment descriptor '/num4_ws/install/livox_to_pointcloud2/share/livox_to_pointcloud2/hook/cmake_prefix_path.dsv'
[51.149s] INFO:colcon.colcon_core.shell:Creating environment hook '/num4_ws/install/livox_to_pointcloud2/share/livox_to_pointcloud2/hook/cmake_prefix_path.sh'
[51.151s] Level 1:colcon.colcon_core.environment:checking '/num4_ws/install/livox_to_pointcloud2/lib'
[51.151s] Level 1:colcon.colcon_core.shell:create_environment_hook('livox_to_pointcloud2', 'ld_library_path_lib')
[51.152s] INFO:colcon.colcon_core.shell:Creating environment hook '/num4_ws/install/livox_to_pointcloud2/share/livox_to_pointcloud2/hook/ld_library_path_lib.ps1'
[51.153s] INFO:colcon.colcon_core.shell:Creating environment descriptor '/num4_ws/install/livox_to_pointcloud2/share/livox_to_pointcloud2/hook/ld_library_path_lib.dsv'
[51.155s] INFO:colcon.colcon_core.shell:Creating environment hook '/num4_ws/install/livox_to_pointcloud2/share/livox_to_pointcloud2/hook/ld_library_path_lib.sh'
[51.156s] Level 1:colcon.colcon_core.environment:checking '/num4_ws/install/livox_to_pointcloud2/bin'
[51.156s] Level 1:colcon.colcon_core.environment:checking '/num4_ws/install/livox_to_pointcloud2/lib/pkgconfig/livox_to_pointcloud2.pc'
[51.157s] Level 1:colcon.colcon_core.environment:checking '/num4_ws/install/livox_to_pointcloud2/lib/python3.10/site-packages'
[51.158s] Level 1:colcon.colcon_core.environment:checking '/num4_ws/install/livox_to_pointcloud2/bin'
[51.159s] INFO:colcon.colcon_core.shell:Creating package script '/num4_ws/install/livox_to_pointcloud2/share/livox_to_pointcloud2/package.ps1'
[51.161s] INFO:colcon.colcon_core.shell:Creating package descriptor '/num4_ws/install/livox_to_pointcloud2/share/livox_to_pointcloud2/package.dsv'
[51.163s] INFO:colcon.colcon_core.shell:Creating package script '/num4_ws/install/livox_to_pointcloud2/share/livox_to_pointcloud2/package.sh'
[51.165s] INFO:colcon.colcon_core.shell:Creating package script '/num4_ws/install/livox_to_pointcloud2/share/livox_to_pointcloud2/package.bash'
[51.166s] INFO:colcon.colcon_core.shell:Creating package script '/num4_ws/install/livox_to_pointcloud2/share/livox_to_pointcloud2/package.zsh'
[51.168s] Level 1:colcon.colcon_core.environment:create_file_with_runtime_dependencies(/num4_ws/install/livox_to_pointcloud2/share/colcon-core/packages/livox_to_pointcloud2)
[51.168s] DEBUG:colcon.colcon_parallel_executor.executor.parallel:closing loop
[51.170s] DEBUG:colcon.colcon_parallel_executor.executor.parallel:loop closed
[51.170s] DEBUG:colcon.colcon_parallel_executor.executor.parallel:run_until_complete finished with '0'
[51.170s] DEBUG:colcon.colcon_core.event_reactor:joining thread
[51.201s] INFO:colcon.colcon_core.plugin_system:Skipping extension 'colcon_notification.desktop_notification.notify_send': Could not find 'notify-send'
[51.201s] INFO:colcon.colcon_core.plugin_system:Skipping extension 'colcon_notification.desktop_notification.terminal_notifier': Not used on non-Darwin systems
[51.202s] INFO:colcon.colcon_core.plugin_system:Skipping extension 'colcon_notification.desktop_notification.win32': Not used on non-Windows systems
[51.202s] INFO:colcon.colcon_notification.desktop_notification:Sending desktop notification using 'notify2'
[51.210s] DEBUG:colcon.colcon_notification.desktop_notification.notify2:Failed to initialize notify2: org.freedesktop.DBus.Error.Spawn.ExecFailed: /usr/bin/dbus-launch terminated abnormally without any error message
[51.210s] DEBUG:colcon.colcon_core.event_reactor:joined thread
[51.212s] INFO:colcon.colcon_core.shell:Creating prefix script '/num4_ws/install/local_setup.ps1'
[51.216s] INFO:colcon.colcon_core.shell:Creating prefix util module '/num4_ws/install/_local_setup_util_ps1.py'
[51.222s] INFO:colcon.colcon_core.shell:Creating prefix chain script '/num4_ws/install/setup.ps1'
[51.226s] INFO:colcon.colcon_core.shell:Creating prefix script '/num4_ws/install/local_setup.sh'
[51.229s] INFO:colcon.colcon_core.shell:Creating prefix util module '/num4_ws/install/_local_setup_util_sh.py'
[51.231s] INFO:colcon.colcon_core.shell:Creating prefix chain script '/num4_ws/install/setup.sh'
[51.236s] INFO:colcon.colcon_core.shell:Creating prefix script '/num4_ws/install/local_setup.bash'
[51.238s] INFO:colcon.colcon_core.shell:Creating prefix chain script '/num4_ws/install/setup.bash'
[51.242s] INFO:colcon.colcon_core.shell:Creating prefix script '/num4_ws/install/local_setup.zsh'
[51.244s] INFO:colcon.colcon_core.shell:Creating prefix chain script '/num4_ws/install/setup.zsh'
